Archive member included because of file (symbol)

contiki-sky.a(er-coap-engine.)
                              PIR_sensor.co (coap_rest_implementation)
contiki-sky.a(er-coap-transac)
                              contiki-sky.a(er-coap-engine.) (coap_register_as_transaction_handler)
contiki-sky.a(er-coap-observe)
                              contiki-sky.a(er-coap-transac) (coap_remove_observer_by_client)
contiki-sky.a(er-coap-res-wel)
                              contiki-sky.a(er-coap-engine.) (res_well_known_core)
contiki-sky.a(rest-engine.o)  PIR_sensor.co (rest_init_engine)
contiki-sky.a(contiki-sky-pla)
                              obj_sky/contiki-sky-main.o (init_platform)
contiki-sky.a(button-sensor.o)
                              contiki-sky.a(contiki-sky-pla) (button_sensor)
contiki-sky.a(ds2411.o)       obj_sky/contiki-sky-main.o (ds2411_init)
contiki-sky.a(xmem.o)         obj_sky/contiki-sky-main.o (xmem_init)
contiki-sky.a(node-id.o)      obj_sky/contiki-sky-main.o (node_id_restore)
contiki-sky.a(sensors.o)      contiki-sky.a(button-sensor.o) (sensors_changed)
contiki-sky.a(cc2420.o)       obj_sky/contiki-sky-main.o (cc2420_set_pan_addr)
contiki-sky.a(cc2420-arch.o)  contiki-sky.a(cc2420.o) (cc2420_arch_init)
contiki-sky.a(uart1.o)        obj_sky/contiki-sky-main.o (uart1_active)
contiki-sky.a(uart1-putchar.o)
                              obj_sky/contiki-sky-main.o (putchar)
contiki-sky.a(msp430.o)       contiki-sky.a(uart1.o) (msp430_add_lpm_req)
contiki-sky.a(clock.o)        obj_sky/contiki-sky-main.o (clock_init)
contiki-sky.a(leds.o)         obj_sky/contiki-sky-main.o (leds_init)
contiki-sky.a(leds-arch.o)    contiki-sky.a(leds.o) (leds_arch_init)
contiki-sky.a(watchdog.o)     obj_sky/contiki-sky-main.o (watchdog_start)
contiki-sky.a(rtimer-arch.o)  obj_sky/contiki-sky-main.o (rtimer_arch_now)
contiki-sky.a(autostart.o)    obj_sky/contiki-sky-main.o (autostart_start)
contiki-sky.a(ctimer.o)       obj_sky/contiki-sky-main.o (ctimer_init)
contiki-sky.a(energest.o)     obj_sky/contiki-sky-main.o (energest_init)
contiki-sky.a(etimer.o)       contiki-sky.a(clock.o) (etimer_request_poll)
contiki-sky.a(process.o)      contiki-sky.a(er-coap-engine.) (process_current)
contiki-sky.a(rtimer.o)       obj_sky/contiki-sky-main.o (rtimer_init)
contiki-sky.a(timer.o)        obj_sky/contiki-sky-main.o (timer_set)
contiki-sky.a(list.o)         contiki-sky.a(rest-engine.o) (list_init)
contiki-sky.a(memb.o)         contiki-sky.a(er-coap-transac) (memb_alloc)
contiki-sky.a(random.o)       obj_sky/contiki-sky-main.o (random_init)
contiki-sky.a(sicslowpan.o)   obj_sky/contiki-sky-main.o (sicslowpan_driver)
contiki-sky.a(uip6.o)         contiki-sky.a(er-coap-engine.) (uip_aligned_buf)
contiki-sky.a(uip-ds6.o)      contiki-sky.a(uip6.o) (uip_ds6_is_addr_onlink)
contiki-sky.a(uip-ds6-nbr.o)  contiki-sky.a(uip-ds6.o) (uip_ds6_neighbors_init)
contiki-sky.a(uip-ds6-route.o)
                              contiki-sky.a(uip-ds6.o) (uip_ds6_route_init)
contiki-sky.a(uip-icmp6.o)    contiki-sky.a(uip6.o) (uip_icmp6_input)
contiki-sky.a(uip-nd6.o)      contiki-sky.a(uip6.o) (uip_nd6_init)
contiki-sky.a(tcpip.o)        contiki-sky.a(sicslowpan.o) (tcpip_set_outputfunc)
contiki-sky.a(uip-debug.o)    contiki-sky.a(uip-ds6-route.o) (uip_debug_ipaddr_print)
contiki-sky.a(rpl.o)          contiki-sky.a(uip-ds6-nbr.o) (rpl_link_neighbor_callback)
contiki-sky.a(rpl-dag.o)      contiki-sky.a(rpl.o) (default_instance)
contiki-sky.a(rpl-ext-header.)
                              contiki-sky.a(uip6.o) (rpl_verify_header)
contiki-sky.a(rpl-icmp6.o)    contiki-sky.a(rpl.o) (dao_output_target)
contiki-sky.a(rpl-mrhof.o)    contiki-sky.a(rpl.o) (rpl_mrhof)
contiki-sky.a(rpl-timers.o)   contiki-sky.a(rpl.o) (rpl_reset_periodic_timer)
contiki-sky.a(framer-802154.o)
                              contiki-sky.a(sicslowpan.o) (framer_802154)
contiki-sky.a(framer.o)       contiki-sky.a(framer-802154.o) (framer_canonical_create_and_secure)
contiki-sky.a(nullmac.o)      obj_sky/contiki-sky-main.o (nullmac_driver)
contiki-sky.a(nullrdc.o)      obj_sky/contiki-sky-main.o (nullrdc_driver)
contiki-sky.a(linkaddr.o)     obj_sky/contiki-sky-main.o (linkaddr_copy)
contiki-sky.a(nbr-table.o)    contiki-sky.a(uip-ds6-nbr.o) (nbr_table_register)
contiki-sky.a(packetbuf.o)    contiki-sky.a(framer.o) (packetbuf_compact)
contiki-sky.a(queuebuf.o)     obj_sky/contiki-sky-main.o (queuebuf_init)
contiki-sky.a(nullsec.o)      obj_sky/contiki-sky-main.o (nullsec_driver)
contiki-sky.a(er-coap.o)      contiki-sky.a(er-coap-engine.) (coap_init_connection)
contiki-sky.a(spi.o)          contiki-sky.a(xmem.o) (spi_init)
contiki-sky.a(stimer.o)       contiki-sky.a(uip-ds6.o) (stimer_set)
contiki-sky.a(uip-udp-packet.)
                              contiki-sky.a(er-coap.o) (uip_udp_packet_send)
contiki-sky.a(frame802154.o)  contiki-sky.a(framer-802154.o) (frame802154_hdrlen)
contiki-sky.a(mac.o)          contiki-sky.a(nullrdc.o) (mac_call_sent_callback)
[...]
Memory Configuration

Name             Origin             Length             Attributes
sfr              0x00000000         0x00000010
peripheral_8bit  0x00000010         0x000000f0
peripheral_16bit 0x00000100         0x00000100
ram_mirror       0x00000200         0x00000800         xw
infomem          0x00001000         0x00000100
infob            0x00001000         0x00000080
infoa            0x00001080         0x00000080
ram              0x00001100         0x00002800         xw
rom              0x00004000         0x0000bfe0         xr
vectors          0x0000ffe0         0x00000020
bsl              0x00000000         0x00000000
infoc            0x00000000         0x00000000
infod            0x00000000         0x00000000
ram2             0x00000000         0x00000000         xw
usbram           0x00000000         0x00000000         xw
far_rom          0x00000000         0x00000000
*default*        0x00000000         0xffffffff

Linker script and memory map

LOAD /usr/local/msp430/bin/../lib/gcc/msp430/4.7.0/mmpy-16/crt0ivtbl16.o
LOAD PIR_sensor.co
LOAD obj_sky/contiki-sky-main.o
LOAD contiki-sky.a
LOAD /usr/local/msp430/bin/../lib/gcc/msp430/4.7.0/mmpy-16/libgcc.a
LOAD /usr/local/msp430/bin/../lib/gcc/msp430/4.7.0/../../../../msp430/lib/mmpy-16/libc.a
LOAD /usr/local/msp430/bin/../lib/gcc/msp430/4.7.0/mmpy-16/libgcc.a
LOAD /usr/local/msp430/bin/../lib/gcc/msp430/4.7.0/mmpy-16/libcrt0.a
                0x00000080                PROVIDE (__info_segment_size, 0x80)
                0x00001000                PROVIDE (__infob, 0x1000)
                0x00001080                PROVIDE (__infoa, 0x1080)
                0x00000000                __IE1 = 0x0
                0x00000002                __IFG1 = 0x2
                0x00000004                __ME1 = 0x4
                0x00000001                __IE2 = 0x1
                0x00000003                __IFG2 = 0x3
                0x00000005                __ME2 = 0x5
                0x00000120                __WDTCTL = 0x120
                0x00000130                __MPY = 0x130
                0x00000132                __MPYS = 0x132
                0x00000134                __MAC = 0x134
                0x00000136                __MACS = 0x136
                0x00000138                __OP2 = 0x138
                0x0000013a                __RESLO = 0x13a
                0x0000013c                __RESHI = 0x13c
                0x0000013e                __SUMEXT = 0x13e
                0x00000020                __P1IN = 0x20
                0x00000021                __P1OUT = 0x21
                0x00000022                __P1DIR = 0x22
                0x00000023                __P1IFG = 0x23
                0x00000024                __P1IES = 0x24
                0x00000025                __P1IE = 0x25
                0x00000026                __P1SEL = 0x26
                0x00000028                __P2IN = 0x28
                0x00000029                __P2OUT = 0x29
                0x0000002a                __P2DIR = 0x2a
                0x0000002b                __P2IFG = 0x2b
                0x0000002c                __P2IES = 0x2c
                0x0000002d                __P2IE = 0x2d
                0x0000002e                __P2SEL = 0x2e
                0x00000018                __P3IN = 0x18
                0x00000019                __P3OUT = 0x19
                0x0000001a                __P3DIR = 0x1a
                0x0000001b                __P3SEL = 0x1b
                0x0000001c                __P4IN = 0x1c
                0x0000001d                __P4OUT = 0x1d
                0x0000001e                __P4DIR = 0x1e
                0x0000001f                __P4SEL = 0x1f
                0x00000030                __P5IN = 0x30
                0x00000031                __P5OUT = 0x31
                0x00000032                __P5DIR = 0x32
                0x00000033                __P5SEL = 0x33
                0x00000034                __P6IN = 0x34
                0x00000035                __P6OUT = 0x35
                0x00000036                __P6DIR = 0x36
                0x00000037                __P6SEL = 0x37
                0x00000070                __U0CTL = 0x70
                0x00000071                __U0TCTL = 0x71
                0x00000072                __U0RCTL = 0x72
                0x00000073                __U0MCTL = 0x73
                0x00000074                __U0BR0 = 0x74
                0x00000075                __U0BR1 = 0x75
                0x00000076                __U0RXBUF = 0x76
                0x00000077                __U0TXBUF = 0x77
                0x00000078                __U1CTL = 0x78
                0x00000079                __U1TCTL = 0x79
                0x0000007a                __U1RCTL = 0x7a
                0x0000007b                __U1MCTL = 0x7b
                0x0000007c                __U1BR0 = 0x7c
                0x0000007d                __U1BR1 = 0x7d
                0x0000007e                __U1RXBUF = 0x7e
                0x0000007f                __U1TXBUF = 0x7f
                0x00000050                __I2CIE = 0x50
                0x00000051                __I2CIFG = 0x51
                0x00000052                __I2CNDAT = 0x52
                0x00000071                __I2CTCTL = 0x71
                0x00000072                __I2CDCTL = 0x72
                0x00000073                __I2CPSC = 0x73
                0x00000074                __I2CSCLH = 0x74
                0x00000075                __I2CSCLL = 0x75
                0x00000076                __I2CDRB = 0x76
                0x00000076                __I2CDRW = 0x76
                0x00000118                __I2COA = 0x118
                0x0000011a                __I2CSA = 0x11a
                0x0000011c                __I2CIV = 0x11c
                0x0000012e                __TAIV = 0x12e
                0x00000160                __TACTL = 0x160
                0x00000162                __TACCTL0 = 0x162
                0x00000164                __TACCTL1 = 0x164
                0x00000166                __TACCTL2 = 0x166
                0x00000170                __TAR = 0x170
                0x00000172                __TACCR0 = 0x172
                0x00000174                __TACCR1 = 0x174
                0x00000176                __TACCR2 = 0x176
                0x0000011e                __TBIV = 0x11e
                0x00000180                __TBCTL = 0x180
                0x00000182                __TBCCTL0 = 0x182
                0x00000184                __TBCCTL1 = 0x184
                0x00000186                __TBCCTL2 = 0x186
                0x00000188                __TBCCTL3 = 0x188
                0x0000018a                __TBCCTL4 = 0x18a
                0x0000018c                __TBCCTL5 = 0x18c
                0x0000018e                __TBCCTL6 = 0x18e
                0x00000190                __TBR = 0x190
                0x00000192                __TBCCR0 = 0x192
                0x00000194                __TBCCR1 = 0x194
                0x00000196                __TBCCR2 = 0x196
                0x00000198                __TBCCR3 = 0x198
                0x0000019a                __TBCCR4 = 0x19a
                0x0000019c                __TBCCR5 = 0x19c
                0x0000019e                __TBCCR6 = 0x19e
                0x00000056                __DCOCTL = 0x56
                0x00000057                __BCSCTL1 = 0x57
                0x00000058                __BCSCTL2 = 0x58
                0x00000055                __SVSCTL = 0x55
                0x00000128                __FCTL1 = 0x128
                0x0000012a                __FCTL2 = 0x12a
                0x0000012c                __FCTL3 = 0x12c
                0x00000059                __CACTL1 = 0x59
                0x0000005a                __CACTL2 = 0x5a
                0x0000005b                __CAPD = 0x5b
                0x000001a0                __ADC12CTL0 = 0x1a0
                0x000001a2                __ADC12CTL1 = 0x1a2
                0x000001a4                __ADC12IFG = 0x1a4
                0x000001a6                __ADC12IE = 0x1a6
                0x000001a8                __ADC12IV = 0x1a8
                0x00000140                __ADC12MEM0 = 0x140
                0x00000142                __ADC12MEM1 = 0x142
                0x00000144                __ADC12MEM2 = 0x144
                0x00000146                __ADC12MEM3 = 0x146
                0x00000148                __ADC12MEM4 = 0x148
                0x0000014a                __ADC12MEM5 = 0x14a
                0x0000014c                __ADC12MEM6 = 0x14c
                0x0000014e                __ADC12MEM7 = 0x14e
                0x00000150                __ADC12MEM8 = 0x150
                0x00000152                __ADC12MEM9 = 0x152
                0x00000154                __ADC12MEM10 = 0x154
                0x00000156                __ADC12MEM11 = 0x156
                0x00000158                __ADC12MEM12 = 0x158
                0x0000015a                __ADC12MEM13 = 0x15a
                0x0000015c                __ADC12MEM14 = 0x15c
                0x0000015e                __ADC12MEM15 = 0x15e
                0x00000080                __ADC12MCTL0 = 0x80
                0x00000081                __ADC12MCTL1 = 0x81
                0x00000082                __ADC12MCTL2 = 0x82
                0x00000083                __ADC12MCTL3 = 0x83
                0x00000084                __ADC12MCTL4 = 0x84
                0x00000085                __ADC12MCTL5 = 0x85
                0x00000086                __ADC12MCTL6 = 0x86
                0x00000087                __ADC12MCTL7 = 0x87
                0x00000088                __ADC12MCTL8 = 0x88
                0x00000089                __ADC12MCTL9 = 0x89
                0x0000008a                __ADC12MCTL10 = 0x8a
                0x0000008b                __ADC12MCTL11 = 0x8b
                0x0000008c                __ADC12MCTL12 = 0x8c
                0x0000008d                __ADC12MCTL13 = 0x8d
                0x0000008e                __ADC12MCTL14 = 0x8e
                0x0000008f                __ADC12MCTL15 = 0x8f
                0x000001c0                __DAC12_0CTL = 0x1c0
                0x000001c2                __DAC12_1CTL = 0x1c2
                0x000001c8                __DAC12_0DAT = 0x1c8
                0x000001ca                __DAC12_1DAT = 0x1ca
                0x00000122                __DMACTL0 = 0x122
                0x00000124                __DMACTL1 = 0x124
                0x000001e0                __DMA0CTL = 0x1e0
                0x000001e8                __DMA1CTL = 0x1e8
                0x000001f0                __DMA2CTL = 0x1f0
                0x000001e2                __DMA0SA = 0x1e2
                0x000001e4                __DMA0DA = 0x1e4
                0x000001e6                __DMA0SZ = 0x1e6
                0x000001ea                __DMA1SA = 0x1ea
                0x000001ec                __DMA1DA = 0x1ec
                0x000001ee                __DMA1SZ = 0x1ee
                0x000001f2                __DMA2SA = 0x1f2
                0x000001f4                __DMA2DA = 0x1f4
                0x000001f6                __DMA2SZ = 0x1f6

.hash
 *(.hash)

.dynsym
 *(.dynsym)

.dynstr
 *(.dynstr)

.gnu.version
 *(.gnu.version)

.gnu.version_d
 *(.gnu.version_d)

.gnu.version_r
 *(.gnu.version_r)

.rel.init
 *(.rel.init)

.rela.init
 *(.rela.init)

.rel.fini
 *(.rel.fini)

.rela.fini
 *(.rela.fini)

.rel.text
 *(.rel.text .rel.text.* .rel.gnu.linkonce.t.*)

.rela.text
 *(.rela.text .rela.text.* .rela.gnu.linkonce.t.*)

.rel.rodata
 *(.rel.rodata .rel.rodata.* .rel.gnu.linkonce.r.*)

.rela.rodata
 *(.rela.rodata .rela.rodata.* .rela.gnu.linkonce.r.*)

.rel.data
 *(.rel.data .rel.data.* .rel.gnu.linkonce.d.*)

.rela.data
 *(.rela.data .rela.data.* .rela.gnu.linkonce.d.*)

.rel.bss
 *(.rel.bss .rel.bss.* .rel.gnu.linkonce.b.*)

.rela.bss
 *(.rela.bss .rela.bss.* .rela.gnu.linkonce.b.*)

.rel.ctors
 *(.rel.ctors)

.rela.ctors
 *(.rela.ctors)

.rel.dtors
 *(.rel.dtors)

.rela.dtors
 *(.rela.dtors)

.rel.got
 *(.rel.got)

.rela.got
 *(.rela.got)

.rel.plt
 *(.rel.plt)

.rela.plt
 *(.rela.plt)

.text           0x00004000     0xae28
                0x00004000                . = ALIGN (0x2)
 *(.init .init.*)
 *(.init0)
 .init0         0x00004000        0x0 /usr/local/msp430/bin/../lib/gcc/msp430/4.7.0/mmpy-16/libcrt0.a(_reset_vector__.o)
                0x00004000                _reset_vector__
 *(.init1)
 .init1         0x00004000        0xc /usr/local/msp430/bin/../lib/gcc/msp430/4.7.0/mmpy-16/libcrt0.a(__watchdog_support.o)
                0x00004000                __watchdog_support
 *(.init2)
 .init2         0x0000400c        0x4 /usr/local/msp430/bin/../lib/gcc/msp430/4.7.0/mmpy-16/libcrt0.a(__init_stack.o)
                0x0000400c                __init_stack
 *(.init3)
 .init3         0x00004010        0x0 /usr/local/msp430/bin/../lib/gcc/msp430/4.7.0/mmpy-16/libcrt0.a(__low_level_init.o)
                0x00004010                __low_level_init
 *(.init4)
 .init4         0x00004010       0x18 /usr/local/msp430/bin/../lib/gcc/msp430/4.7.0/mmpy-16/libcrt0.a(_copy_data.o)
                0x00004010                __do_copy_data
 .init4         0x00004028       0x16 /usr/local/msp430/bin/../lib/gcc/msp430/4.7.0/mmpy-16/libcrt0.a(_clear_bss.o)
                0x00004028                __do_clear_bss
 *(.init5)
 *(.init6)
 *(.init7)
 *(.init8)
 *(.init9)
 .init9         0x0000403e      0x2d6 obj_sky/contiki-sky-main.o
                0x0000403e                main
 *(.fini9)
 .fini9         0x00004314        0x0 /usr/local/msp430/bin/../lib/gcc/msp430/4.7.0/mmpy-16/libcrt0.a(__stop_progExec__.o)
                0x00004314                __stop_progExec__
 *(.fini8)
 *(.fini7)
 *(.fini6)
 *(.fini5)
 *(.fini4)
 *(.fini3)
 *(.fini2)
 *(.fini1)
 *(.fini0)
 .fini0         0x00004314        0x6 /usr/local/msp430/bin/../lib/gcc/msp430/4.7.0/mmpy-16/libcrt0.a(_endless_loop__.o)
                0x00004314                _endless_loop__
 *(.fini .fini.*)
                0x0000431a                . = ALIGN (0x2)
                0x0000431a                __ctors_start = .
 *(.ctors)
                0x0000431a                __ctors_end = .
                0x0000431a                __dtors_start = .
 *(.dtors)
                0x0000431a                __dtors_end = .
                0x0000431a                . = ALIGN (0x2)
 *(.text .text.* .gnu.linkonce.t.*)
 .text          0x0000431a        0x4 /usr/local/msp430/bin/../lib/gcc/msp430/4.7.0/mmpy-16/crt0ivtbl16.o
                0x0000431a                __isr_14
                0x0000431a                __isr_11
                0x0000431a                __isr_2
                0x0000431a                __isr_7
                0x0000431a                __isr_0
                0x0000431a                __isr_8
                0x0000431a                __isr_3
                0x0000431a                __isr_12
                0x0000431a                __isr_13
                0x0000431a                __isr_9
 .text.event_post_handler
                0x0000431e       0x1c PIR_sensor.co
                0x0000431e                event_post_handler
 .text.process_thread_server
                0x0000433a       0x44 PIR_sensor.co
 .text.get_periodic_handler
                0x0000437e       0x8a PIR_sensor.co
                0x0000437e                get_periodic_handler
 .text.get_handler
                0x00004408       0x8a PIR_sensor.co
                0x00004408                get_handler
 .text.post_periodic_handler
                0x00004492       0x46 PIR_sensor.co
                0x00004492                post_periodic_handler
 .text.post_handler
                0x000044d8       0x42 PIR_sensor.co
                0x000044d8                post_handler
 .text.start_network_layer
                0x0000451a       0xa2 obj_sky/contiki-sky-main.o
 .text.coap_set_service_callback
                0x000045bc        0x6 contiki-sky.a(er-coap-engine.)
                0x000045bc                coap_set_service_callback
 .text.coap_get_rest_method
                0x000045c2       0x18 contiki-sky.a(er-coap-engine.)
                0x000045c2                coap_get_rest_method
 .text.process_thread_coap_engine
                0x000045da      0x428 contiki-sky.a(er-coap-engine.)
 .text.coap_init_engine
                0x00004a02        0xc contiki-sky.a(er-coap-engine.)
                0x00004a02                coap_init_engine
 .text.coap_register_as_transaction_handler
                0x00004a0e        0x8 contiki-sky.a(er-coap-transac)
                0x00004a0e                coap_register_as_transaction_handler
 .text.coap_new_transaction
                0x00004a16       0x4e contiki-sky.a(er-coap-transac)
                0x00004a16                coap_new_transaction
 .text.coap_clear_transaction
                0x00004a64       0x26 contiki-sky.a(er-coap-transac)
                0x00004a64                coap_clear_transaction
 .text.coap_send_transaction
                0x00004a8a       0xc4 contiki-sky.a(er-coap-transac)
                0x00004a8a                coap_send_transaction
 .text.coap_get_transaction_by_mid
                0x00004b4e       0x1e contiki-sky.a(er-coap-transac)
                0x00004b4e                coap_get_transaction_by_mid
 .text.coap_check_transactions
                0x00004b6c       0x2e contiki-sky.a(er-coap-transac)
                0x00004b6c                coap_check_transactions
 .text.coap_remove_observer
                0x00004b9a       0x1c contiki-sky.a(er-coap-observe)
                0x00004b9a                coap_remove_observer
 .text.coap_remove_observer_by_client
                0x00004bb6       0x4c contiki-sky.a(er-coap-observe)
                0x00004bb6                coap_remove_observer_by_client
 .text.coap_remove_observer_by_token
                0x00004c02       0x72 contiki-sky.a(er-coap-observe)
                0x00004c02                coap_remove_observer_by_token
 .text.coap_remove_observer_by_uri
                0x00004c74       0x76 contiki-sky.a(er-coap-observe)
                0x00004c74                coap_remove_observer_by_uri
 .text.coap_add_observer
                0x00004cea       0x6c contiki-sky.a(er-coap-observe)
                0x00004cea                coap_add_observer
 .text.coap_remove_observer_by_mid
                0x00004d56       0x58 contiki-sky.a(er-coap-observe)
                0x00004d56                coap_remove_observer_by_mid
 .text.coap_notify_observers
                0x00004dae       0xec contiki-sky.a(er-coap-observe)
                0x00004dae                coap_notify_observers
 .text.coap_observe_handler
                0x00004e9a       0xbe contiki-sky.a(er-coap-observe)
                0x00004e9a                coap_observe_handler
 .text.well_known_core_get_handler
                0x00004f58      0x276 contiki-sky.a(er-coap-res-wel)
                0x00004f58                well_known_core_get_handler
 .text.process_thread_rest_engine_process
                0x000051ce       0xc6 contiki-sky.a(rest-engine.o)
 .text.rest_invoke_restful_service
                0x00005294      0x134 contiki-sky.a(rest-engine.o)
                0x00005294                rest_invoke_restful_service
 .text.rest_init_engine
                0x000053c8       0x26 contiki-sky.a(rest-engine.o)
                0x000053c8                rest_init_engine
 .text.rest_activate_resource
                0x000053ee       0x3c contiki-sky.a(rest-engine.o)
                0x000053ee                rest_activate_resource
 .text.rest_get_resources
                0x0000542a        0x6 contiki-sky.a(rest-engine.o)
                0x0000542a                rest_get_resources
 .text.init_platform
                0x00005430        0xc contiki-sky.a(contiki-sky-pla)
                0x00005430                init_platform
 .text.status   0x0000543c       0x18 contiki-sky.a(button-sensor.o)
 .text.value    0x00005454       0x20 contiki-sky.a(button-sensor.o)
 .text.configure
                0x00005474       0x4c contiki-sky.a(button-sensor.o)
 .text.irq_p2   0x000054c0       0x88 contiki-sky.a(button-sensor.o)
                0x000054c0                irq_p2
                0x000054c0                __isr_1
 .text.owreadb  0x00005548       0x50 contiki-sky.a(ds2411.o)
 .text.ds2411_init
                0x00005598      0x120 contiki-sky.a(ds2411.o)
                0x00005598                ds2411_init
 .text.wait_ready
                0x000056b8       0x4a contiki-sky.a(xmem.o)
 .text.xmem_init
                0x00005702       0x3c contiki-sky.a(xmem.o)
                0x00005702                xmem_init
 .text.xmem_pread
                0x0000573e       0xe0 contiki-sky.a(xmem.o)
                0x0000573e                xmem_pread
 .text.node_id_restore
                0x0000581e       0x38 contiki-sky.a(node-id.o)
                0x0000581e                node_id_restore
 .text.process_thread_sensors_process
                0x00005856       0xc2 contiki-sky.a(sensors.o)
 .text.sensors_changed
                0x00005918       0x2a contiki-sky.a(sensors.o)
                0x00005918                sensors_changed
 .text.get_object
                0x00005942        0x4 contiki-sky.a(cc2420.o)
 .text.set_object
                0x00005946        0x4 contiki-sky.a(cc2420.o)
 .text.strobe   0x0000594a       0x1c contiki-sky.a(cc2420.o)
 .text.getreg   0x00005966       0x4c contiki-sky.a(cc2420.o)
 .text.setreg   0x000059b2       0x4c contiki-sky.a(cc2420.o)
 .text.write_ram
                0x000059fe       0x7c contiki-sky.a(cc2420.o)
 .text.write_fifo_buf
                0x00005a7a       0x3c contiki-sky.a(cc2420.o)
 .text.get_status
                0x00005ab6       0x20 contiki-sky.a(cc2420.o)
 .text.set_txpower
                0x00005ad6       0x24 contiki-sky.a(cc2420.o)
 .text.cc2420_receiving_packet
                0x00005afa        0xc contiki-sky.a(cc2420.o)
 .text.pending_packet
                0x00005b06        0x8 contiki-sky.a(cc2420.o)
 .text.on       0x00005b0e       0x1e contiki-sky.a(cc2420.o)
 .text.wait_for_transmission
                0x00005b2c       0x22 contiki-sky.a(cc2420.o)
 .text.wait_for_status
                0x00005b4e       0x28 contiki-sky.a(cc2420.o)
 .text.getrxdata
                0x00005b76       0x50 contiki-sky.a(cc2420.o)
 .text.flushrx  0x00005bc6       0x1a contiki-sky.a(cc2420.o)
 .text.off      0x00005be0       0x56 contiki-sky.a(cc2420.o)
 .text.RELEASE_LOCK
                0x00005c36       0x28 contiki-sky.a(cc2420.o)
 .text.set_key  0x00005c5e       0x18 contiki-sky.a(cc2420.o)
 .text.cc2420_prepare
                0x00005c76       0x3c contiki-sky.a(cc2420.o)
 .text.cc2420_on
                0x00005cb2       0x22 contiki-sky.a(cc2420.o)
                0x00005cb2                cc2420_on
 .text.cc2420_off
                0x00005cd4       0x30 contiki-sky.a(cc2420.o)
                0x00005cd4                cc2420_off
 .text.cc2420_cca
                0x00005d04       0x68 contiki-sky.a(cc2420.o)
 .text.cc2420_read
                0x00005d6c       0xac contiki-sky.a(cc2420.o)
 .text.process_thread_cc2420_process
                0x00005e18       0x54 contiki-sky.a(cc2420.o)
 .text.encrypt  0x00005e6c       0x88 contiki-sky.a(cc2420.o)
 .text.cc2420_set_channel
                0x00005ef4       0x3c contiki-sky.a(cc2420.o)
                0x00005ef4                cc2420_set_channel
 .text.cc2420_set_pan_addr
                0x00005f30       0x4c contiki-sky.a(cc2420.o)
                0x00005f30                cc2420_set_pan_addr
 .text.cc2420_interrupt
                0x00005f7c       0x16 contiki-sky.a(cc2420.o)
                0x00005f7c                cc2420_interrupt
 .text.cc2420_set_txpower
                0x00005f92        0xe contiki-sky.a(cc2420.o)
                0x00005f92                cc2420_set_txpower
 .text.cc2420_get_txpower
                0x00005fa0       0x1e contiki-sky.a(cc2420.o)
                0x00005fa0                cc2420_get_txpower
 .text.cc2420_transmit
                0x00005fbe      0x110 contiki-sky.a(cc2420.o)
 .text.cc2420_send
                0x000060ce       0x12 contiki-sky.a(cc2420.o)
 .text.cc2420_rssi
                0x000060e0       0x4c contiki-sky.a(cc2420.o)
                0x000060e0                cc2420_rssi
 .text.get_value
                0x0000612c       0xa8 contiki-sky.a(cc2420.o)
 .text.cc2420_set_cca_threshold
                0x000061d4       0x16 contiki-sky.a(cc2420.o)
                0x000061d4                cc2420_set_cca_threshold
 .text.set_value
                0x000061ea       0x86 contiki-sky.a(cc2420.o)
 .text.cc2420_init
                0x00006270       0xd8 contiki-sky.a(cc2420.o)
                0x00006270                cc2420_init
 .text.cc2420_port1_interrupt
                0x00006348       0x62 contiki-sky.a(cc2420-arch.o)
                0x00006348                __isr_4
                0x00006348                cc2420_port1_interrupt
 .text.cc2420_arch_init
                0x000063aa       0x1a contiki-sky.a(cc2420-arch.o)
                0x000063aa                cc2420_arch_init
 .text.uart1_active
                0x000063c4       0x18 contiki-sky.a(uart1.o)
                0x000063c4                uart1_active
 .text.uart1_writeb
                0x000063dc       0x18 contiki-sky.a(uart1.o)
                0x000063dc                uart1_writeb
 .text.uart1_init
                0x000063f4       0xf4 contiki-sky.a(uart1.o)
                0x000063f4                uart1_init
 .text.putchar  0x000064e8       0x10 contiki-sky.a(uart1-putchar.o)
                0x000064e8                putchar
 .text.msp430_init_dco
                0x000064f8       0x82 contiki-sky.a(msp430.o)
                0x000064f8                msp430_init_dco
 .text.msp430_add_lpm_req
                0x0000657a        0xc contiki-sky.a(msp430.o)
                0x0000657a                msp430_add_lpm_req
 .text.msp430_cpu_init
                0x00006586       0x2a contiki-sky.a(msp430.o)
                0x00006586                msp430_cpu_init
 .text.splhigh_
                0x000065b0        0x8 contiki-sky.a(msp430.o)
                0x000065b0                splhigh_
 .text.msp430_sync_dco
                0x000065b8       0x6c contiki-sky.a(msp430.o)
                0x000065b8                msp430_sync_dco
 .text.timera1  0x00006624      0x11e contiki-sky.a(clock.o)
                0x00006624                __isr_5
                0x00006624                timera1
 .text.clock_time
                0x00006742       0x1a contiki-sky.a(clock.o)
                0x00006742                clock_time
 .text.clock_init
                0x0000675c       0x28 contiki-sky.a(clock.o)
                0x0000675c                clock_init
 .text.clock_delay
                0x00006784        0xc contiki-sky.a(clock.o)
                0x00006784                clock_delay
 .text.clock_seconds
                0x00006790       0x1a contiki-sky.a(clock.o)
                0x00006790                clock_seconds
 .text.show_leds
                0x000067aa       0xf0 contiki-sky.a(leds.o)
 .text.leds_init
                0x0000689a        0xa contiki-sky.a(leds.o)
                0x0000689a                leds_init
 .text.leds_on  0x000068a4        0xa contiki-sky.a(leds.o)
                0x000068a4                leds_on
 .text.leds_off
                0x000068ae        0xe contiki-sky.a(leds.o)
                0x000068ae                leds_off
 .text.leds_arch_init
                0x000068bc        0xe contiki-sky.a(leds-arch.o)
                0x000068bc                leds_arch_init
 .text.leds_arch_set
                0x000068ca       0x38 contiki-sky.a(leds-arch.o)
                0x000068ca                leds_arch_set
 .text.watchdog_interrupt
                0x00006902        0x6 contiki-sky.a(watchdog.o)
                0x00006902                __isr_10
                0x00006902                watchdog_interrupt
 .text.watchdog_start
                0x00006908       0x14 contiki-sky.a(watchdog.o)
                0x00006908                watchdog_start
 .text.watchdog_periodic
                0x0000691c       0x12 contiki-sky.a(watchdog.o)
                0x0000691c                watchdog_periodic
 .text.watchdog_stop
                0x0000692e       0x16 contiki-sky.a(watchdog.o)
                0x0000692e                watchdog_stop
 .text.watchdog_init
                0x00006944       0x12 contiki-sky.a(watchdog.o)
                0x00006944                watchdog_init
 .text.rtimer_arch_init
                0x00006956        0xe contiki-sky.a(rtimer-arch.o)
                0x00006956                rtimer_arch_init
 .text.rtimer_arch_now
                0x00006964        0xe contiki-sky.a(rtimer-arch.o)
                0x00006964                rtimer_arch_now
 .text.timera0  0x00006972       0x70 contiki-sky.a(rtimer-arch.o)
                0x00006972                __isr_6
                0x00006972                timera0
 .text.rtimer_arch_schedule
                0x000069e2        0x6 contiki-sky.a(rtimer-arch.o)
                0x000069e2                rtimer_arch_schedule
 .text.autostart_start
                0x000069e8       0x16 contiki-sky.a(autostart.o)
                0x000069e8                autostart_start
 .text.process_thread_ctimer_process
                0x000069fe       0xa8 contiki-sky.a(ctimer.o)
 .text.ctimer_init
                0x00006aa6       0x18 contiki-sky.a(ctimer.o)
                0x00006aa6                ctimer_init
 .text.ctimer_set
                0x00006abe       0x50 contiki-sky.a(ctimer.o)
                0x00006abe                ctimer_set
 .text.ctimer_reset
                0x00006b0e       0x30 contiki-sky.a(ctimer.o)
                0x00006b0e                ctimer_reset
 .text.ctimer_stop
                0x00006b3e       0x28 contiki-sky.a(ctimer.o)
                0x00006b3e                ctimer_stop
 .text.energest_init
                0x00006b66       0x26 contiki-sky.a(energest.o)
                0x00006b66                energest_init
 .text.energest_type_time
                0x00006b8c       0x48 contiki-sky.a(energest.o)
                0x00006b8c                energest_type_time
 .text.energest_type_set
                0x00006bd4        0xe contiki-sky.a(energest.o)
                0x00006bd4                energest_type_set
 .text.energest_flush
                0x00006be2       0x48 contiki-sky.a(energest.o)
                0x00006be2                energest_flush
 .text.update_time
                0x00006c2a       0x78 contiki-sky.a(etimer.o)
 .text.etimer_request_poll
                0x00006ca2        0xa contiki-sky.a(etimer.o)
                0x00006ca2                etimer_request_poll
 .text.process_thread_etimer_process
                0x00006cac       0xcc contiki-sky.a(etimer.o)
 .text.add_timer
                0x00006d78       0x40 contiki-sky.a(etimer.o)
 .text.etimer_set
                0x00006db8       0x12 contiki-sky.a(etimer.o)
                0x00006db8                etimer_set
 .text.etimer_reset
                0x00006dca       0x12 contiki-sky.a(etimer.o)
                0x00006dca                etimer_reset
 .text.etimer_restart
                0x00006ddc       0x12 contiki-sky.a(etimer.o)
                0x00006ddc                etimer_restart
 .text.etimer_expired
                0x00006dee        0xe contiki-sky.a(etimer.o)
                0x00006dee                etimer_expired
 .text.etimer_expiration_time
                0x00006dfc       0x14 contiki-sky.a(etimer.o)
                0x00006dfc                etimer_expiration_time
 .text.etimer_pending
                0x00006e10        0xc contiki-sky.a(etimer.o)
                0x00006e10                etimer_pending
 .text.etimer_next_expiration_time
                0x00006e1c       0x16 contiki-sky.a(etimer.o)
                0x00006e1c                etimer_next_expiration_time
 .text.etimer_stop
                0x00006e32       0x3e contiki-sky.a(etimer.o)
                0x00006e32                etimer_stop
 .text.call_process
                0x00006e70       0x46 contiki-sky.a(process.o)
 .text.exit_process
                0x00006eb6       0x96 contiki-sky.a(process.o)
 .text.do_poll  0x00006f4c       0x30 contiki-sky.a(process.o)
 .text.process_alloc_event
                0x00006f7c        0xe contiki-sky.a(process.o)
                0x00006f7c                process_alloc_event
 .text.process_init
                0x00006f8a       0x1c contiki-sky.a(process.o)
                0x00006f8a                process_init
 .text.process_run
                0x00006fa6       0xa2 contiki-sky.a(process.o)
                0x00006fa6                process_run
 .text.process_nevents
                0x00007048        0xe contiki-sky.a(process.o)
                0x00007048                process_nevents
 .text.process_post
                0x00007056       0x54 contiki-sky.a(process.o)
                0x00007056                process_post
 .text.process_post_synch
                0x000070aa       0x12 contiki-sky.a(process.o)
                0x000070aa                process_post_synch
 .text.process_start
                0x000070bc       0x36 contiki-sky.a(process.o)
                0x000070bc                process_start
 .text.process_poll
                0x000070f2       0x18 contiki-sky.a(process.o)
                0x000070f2                process_poll
 .text.rtimer_init
                0x0000710a        0x6 contiki-sky.a(rtimer.o)
                0x0000710a                rtimer_init
 .text.rtimer_run_next
                0x00007110       0x26 contiki-sky.a(rtimer.o)
                0x00007110                rtimer_run_next
 .text.timer_set
                0x00007136       0x1c contiki-sky.a(timer.o)
                0x00007136                timer_set
 .text.timer_reset
                0x00007152        0xe contiki-sky.a(timer.o)
                0x00007152                timer_reset
 .text.timer_restart
                0x00007160       0x14 contiki-sky.a(timer.o)
                0x00007160                timer_restart
 .text.timer_expired
                0x00007174       0x2a contiki-sky.a(timer.o)
                0x00007174                timer_expired
 .text.list_init
                0x0000719e        0x6 contiki-sky.a(list.o)
                0x0000719e                list_init
 .text.list_head
                0x000071a4        0x4 contiki-sky.a(list.o)
                0x000071a4                list_head
 .text.list_tail
                0x000071a8       0x12 contiki-sky.a(list.o)
                0x000071a8                list_tail
 .text.list_remove
                0x000071ba       0x34 contiki-sky.a(list.o)
                0x000071ba                list_remove
 .text.list_push
                0x000071ee       0x1a contiki-sky.a(list.o)
                0x000071ee                list_push
 .text.list_add
                0x00007208       0x2a contiki-sky.a(list.o)
                0x00007208                list_add
 .text.list_length
                0x00007232       0x10 contiki-sky.a(list.o)
                0x00007232                list_length
 .text.list_item_next
                0x00007242        0xc contiki-sky.a(list.o)
                0x00007242                list_item_next
 .text.memb_init
                0x0000724e       0x36 contiki-sky.a(memb.o)
                0x0000724e                memb_init
 .text.memb_alloc
                0x00007284       0x3e contiki-sky.a(memb.o)
                0x00007284                memb_alloc
 .text.memb_free
                0x000072c2       0x3a contiki-sky.a(memb.o)
                0x000072c2                memb_free
 .text.memb_inmemb
                0x000072fc       0x2a contiki-sky.a(memb.o)
                0x000072fc                memb_inmemb
 .text.memb_numfree
                0x00007326       0x26 contiki-sky.a(memb.o)
                0x00007326                memb_numfree
 .text.random_init
                0x0000734c        0x6 contiki-sky.a(random.o)
                0x0000734c                random_init
 .text.random_rand
                0x00007352        0x6 contiki-sky.a(random.o)
                0x00007352                random_rand
 .text.set_packet_attrs
                0x00007358       0x46 contiki-sky.a(sicslowpan.o)
 .text.addr_context_lookup_by_number
                0x0000739e       0x32 contiki-sky.a(sicslowpan.o)
 .text.compress_addr_64
                0x000073d0       0xae contiki-sky.a(sicslowpan.o)
 .text.uncompress_addr
                0x0000747e       0xb4 contiki-sky.a(sicslowpan.o)
 .text.input    0x00007532      0x64e contiki-sky.a(sicslowpan.o)
 .text.sicslowpan_init
                0x00007b80       0x26 contiki-sky.a(sicslowpan.o)
                0x00007b80                sicslowpan_init
 .text.addr_context_lookup_by_prefix
                0x00007ba6       0x4c contiki-sky.a(sicslowpan.o)
 .text.packet_sent
                0x00007bf2       0x22 contiki-sky.a(sicslowpan.o)
 .text.send_packet
                0x00007c14       0x1a contiki-sky.a(sicslowpan.o)
 .text.output   0x00007c2e      0x6c6 contiki-sky.a(sicslowpan.o)
 .text.chksum   0x000082f4       0x32 contiki-sky.a(uip6.o)
 .text.upper_layer_chksum
                0x00008326       0x56 contiki-sky.a(uip6.o)
 .text.ext_hdr_options_process
                0x0000837c       0xd0 contiki-sky.a(uip6.o)
 .text.uip_icmp6chksum
                0x0000844c        0xa contiki-sky.a(uip6.o)
                0x0000844c                uip_icmp6chksum
 .text.uip_udpchksum
                0x00008456        0xa contiki-sky.a(uip6.o)
                0x00008456                uip_udpchksum
 .text.uip_init
                0x00008460       0x42 contiki-sky.a(uip6.o)
                0x00008460                uip_init
 .text.remove_ext_hdr
                0x000084a2       0x58 contiki-sky.a(uip6.o)
                0x000084a2                remove_ext_hdr
 .text.uip_udp_new
                0x000084fa       0xe4 contiki-sky.a(uip6.o)
                0x000084fa                uip_udp_new
 .text.uip_process
                0x000085de      0x49a contiki-sky.a(uip6.o)
                0x000085de                uip_process
 .text.uip_htonl
                0x00008a78       0x2e contiki-sky.a(uip6.o)
                0x00008a78                uip_htonl
 .text.uip_ds6_list_loop
                0x00008aa6       0x86 contiki-sky.a(uip-ds6.o)
                0x00008aa6                uip_ds6_list_loop
 .text.uip_ds6_prefix_add
                0x00008b2c       0x80 contiki-sky.a(uip-ds6.o)
                0x00008b2c                uip_ds6_prefix_add
 .text.uip_ds6_is_addr_onlink
                0x00008bac       0x54 contiki-sky.a(uip-ds6.o)
                0x00008bac                uip_ds6_is_addr_onlink
 .text.uip_ds6_addr_lookup
                0x00008c00       0x2a contiki-sky.a(uip-ds6.o)
                0x00008c00                uip_ds6_addr_lookup
 .text.uip_ds6_get_link_local
                0x00008c2a       0x3e contiki-sky.a(uip-ds6.o)
                0x00008c2a                uip_ds6_get_link_local
 .text.uip_ds6_maddr_add
                0x00008c68       0x4c contiki-sky.a(uip-ds6.o)
                0x00008c68                uip_ds6_maddr_add
 .text.uip_ds6_addr_add
                0x00008cb4       0xc4 contiki-sky.a(uip-ds6.o)
                0x00008cb4                uip_ds6_addr_add
 .text.uip_ds6_maddr_rm
                0x00008d78        0xa contiki-sky.a(uip-ds6.o)
                0x00008d78                uip_ds6_maddr_rm
 .text.uip_ds6_maddr_lookup
                0x00008d82       0x2a contiki-sky.a(uip-ds6.o)
                0x00008d82                uip_ds6_maddr_lookup
 .text.uip_ds6_addr_rm
                0x00008dac       0x54 contiki-sky.a(uip-ds6.o)
                0x00008dac                uip_ds6_addr_rm
 .text.uip_ds6_periodic
                0x00008e00       0x4a contiki-sky.a(uip-ds6.o)
                0x00008e00                uip_ds6_periodic
 .text.uip_ds6_set_addr_iid
                0x00008e4a       0x14 contiki-sky.a(uip-ds6.o)
                0x00008e4a                uip_ds6_set_addr_iid
 .text.get_match_length
                0x00008e5e       0x44 contiki-sky.a(uip-ds6.o)
                0x00008e5e                get_match_length
 .text.uip_ds6_select_src
                0x00008ea2       0xaa contiki-sky.a(uip-ds6.o)
                0x00008ea2                uip_ds6_select_src
 .text.uip_ds6_compute_reachable_time
                0x00008f4c       0x3e contiki-sky.a(uip-ds6.o)
                0x00008f4c                uip_ds6_compute_reachable_time
 .text.uip_ds6_init
                0x00008f8a      0x154 contiki-sky.a(uip-ds6.o)
                0x00008f8a                uip_ds6_init
 .text.uip_ds6_nbr_rm
                0x000090de       0x1a contiki-sky.a(uip-ds6-nbr.o)
                0x000090de                uip_ds6_nbr_rm
 .text.uip_ds6_neighbors_init
                0x000090f8        0xe contiki-sky.a(uip-ds6-nbr.o)
                0x000090f8                uip_ds6_neighbors_init
 .text.uip_ds6_nbr_add
                0x00009106       0x60 contiki-sky.a(uip-ds6-nbr.o)
                0x00009106                uip_ds6_nbr_add
 .text.uip_ds6_nbr_get_ll
                0x00009166        0xc contiki-sky.a(uip-ds6-nbr.o)
                0x00009166                uip_ds6_nbr_get_ll
 .text.uip_ds6_nbr_lookup
                0x00009172       0x42 contiki-sky.a(uip-ds6-nbr.o)
                0x00009172                uip_ds6_nbr_lookup
 .text.uip_ds6_nbr_ll_lookup
                0x000091b4        0xc contiki-sky.a(uip-ds6-nbr.o)
                0x000091b4                uip_ds6_nbr_ll_lookup
 .text.uip_ds6_nbr_ipaddr_from_lladdr
                0x000091c0        0x6 contiki-sky.a(uip-ds6-nbr.o)
                0x000091c0                uip_ds6_nbr_ipaddr_from_lladdr
 .text.uip_ds6_nbr_lladdr_from_ipaddr
                0x000091c6       0x12 contiki-sky.a(uip-ds6-nbr.o)
                0x000091c6                uip_ds6_nbr_lladdr_from_ipaddr
 .text.uip_ds6_link_neighbor_callback
                0x000091d8       0x2a contiki-sky.a(uip-ds6-nbr.o)
                0x000091d8                uip_ds6_link_neighbor_callback
 .text.uip_ds6_neighbor_periodic
                0x00009202       0x60 contiki-sky.a(uip-ds6-nbr.o)
                0x00009202                uip_ds6_neighbor_periodic
 .text.call_route_callback
                0x00009262       0x4c contiki-sky.a(uip-ds6-route.o)
 .text.uip_ds6_route_init
                0x000092ae       0x36 contiki-sky.a(uip-ds6-route.o)
                0x000092ae                uip_ds6_route_init
 .text.uip_ds6_route_nexthop
                0x000092e4       0x1a contiki-sky.a(uip-ds6-route.o)
                0x000092e4                uip_ds6_route_nexthop
 .text.uip_ds6_route_head
                0x000092fe        0xa contiki-sky.a(uip-ds6-route.o)
                0x000092fe                uip_ds6_route_head
 .text.uip_ds6_route_next
                0x00009308        0xe contiki-sky.a(uip-ds6-route.o)
                0x00009308                uip_ds6_route_next
 .text.uip_ds6_route_lookup
                0x00009316       0x8c contiki-sky.a(uip-ds6-route.o)
                0x00009316                uip_ds6_route_lookup
 .text.uip_ds6_route_rm
                0x000093a2       0xa6 contiki-sky.a(uip-ds6-route.o)
                0x000093a2                uip_ds6_route_rm
 .text.rm_routelist
                0x00009448       0x34 contiki-sky.a(uip-ds6-route.o)
 .text.rm_routelist_callback
                0x0000947c        0x6 contiki-sky.a(uip-ds6-route.o)
 .text.uip_ds6_route_add
                0x00009482      0x10c contiki-sky.a(uip-ds6-route.o)
                0x00009482                uip_ds6_route_add
 .text.uip_ds6_defrt_rm
                0x0000958e       0x48 contiki-sky.a(uip-ds6-route.o)
                0x0000958e                uip_ds6_defrt_rm
 .text.uip_ds6_defrt_lookup
                0x000095d6       0x36 contiki-sky.a(uip-ds6-route.o)
                0x000095d6                uip_ds6_defrt_lookup
 .text.uip_ds6_defrt_add
                0x0000960c       0x74 contiki-sky.a(uip-ds6-route.o)
                0x0000960c                uip_ds6_defrt_add
 .text.uip_ds6_defrt_choose
                0x00009680       0x3a contiki-sky.a(uip-ds6-route.o)
                0x00009680                uip_ds6_defrt_choose
 .text.uip_ds6_defrt_periodic
                0x000096ba       0x38 contiki-sky.a(uip-ds6-route.o)
                0x000096ba                uip_ds6_defrt_periodic
 .text.echo_reply_input
                0x000096f2      0x110 contiki-sky.a(uip-icmp6.o)
 .text.echo_request_input
                0x00009802      0x12c contiki-sky.a(uip-icmp6.o)
 .text.uip_icmp6_input
                0x0000992e       0x48 contiki-sky.a(uip-icmp6.o)
                0x0000992e                uip_icmp6_input
 .text.uip_icmp6_register_input_handler
                0x00009976        0xc contiki-sky.a(uip-icmp6.o)
                0x00009976                uip_icmp6_register_input_handler
 .text.uip_icmp6_error_output
                0x00009982      0x17e contiki-sky.a(uip-icmp6.o)
                0x00009982                uip_icmp6_error_output
 .text.uip_icmp6_send
                0x00009b00       0x94 contiki-sky.a(uip-icmp6.o)
                0x00009b00                uip_icmp6_send
 .text.uip_icmp6_init
                0x00009b94       0x12 contiki-sky.a(uip-icmp6.o)
                0x00009b94                uip_icmp6_init
 .text.uip_nd6_init
                0x00009ba6        0x2 contiki-sky.a(uip-nd6.o)
                0x00009ba6                uip_nd6_init
 .text.tcpip_output
                0x00009ba8       0x10 contiki-sky.a(tcpip.o)
                0x00009ba8                tcpip_output
 .text.tcpip_set_outputfunc
                0x00009bb8        0x6 contiki-sky.a(tcpip.o)
                0x00009bb8                tcpip_set_outputfunc
 .text.udp_new  0x00009bbe       0x1a contiki-sky.a(tcpip.o)
                0x00009bbe                udp_new
 .text.tcpip_input
                0x00009bd8       0x16 contiki-sky.a(tcpip.o)
                0x00009bd8                tcpip_input
 .text.tcpip_ipv6_output
                0x00009bee       0xd4 contiki-sky.a(tcpip.o)
                0x00009bee                tcpip_ipv6_output
 .text.process_thread_tcpip_process
                0x00009cc2       0xd4 contiki-sky.a(tcpip.o)
 .text.tcpip_uipcall
                0x00009d96       0x2a contiki-sky.a(tcpip.o)
                0x00009d96                tcpip_uipcall
 .text.uip_debug_ipaddr_print
                0x00009dc0       0x7e contiki-sky.a(uip-debug.o)
                0x00009dc0                uip_debug_ipaddr_print
 .text.rpl_get_mode
                0x00009e3e        0x6 contiki-sky.a(rpl.o)
                0x00009e3e                rpl_get_mode
 .text.rpl_purge_routes
                0x00009e44       0x96 contiki-sky.a(rpl.o)
                0x00009e44                rpl_purge_routes
 .text.rpl_remove_routes
                0x00009eda       0x22 contiki-sky.a(rpl.o)
                0x00009eda                rpl_remove_routes
 .text.rpl_remove_routes_by_nexthop
                0x00009efc       0x46 contiki-sky.a(rpl.o)
                0x00009efc                rpl_remove_routes_by_nexthop
 .text.rpl_add_route
                0x00009f42       0x48 contiki-sky.a(rpl.o)
                0x00009f42                rpl_add_route
 .text.rpl_link_neighbor_callback
                0x00009f8a       0x7c contiki-sky.a(rpl.o)
                0x00009f8a                rpl_link_neighbor_callback
 .text.rpl_ipv6_neighbor_callback
                0x0000a006       0x1e contiki-sky.a(rpl.o)
                0x0000a006                rpl_ipv6_neighbor_callback
 .text.rpl_init
                0x0000a024       0x4a contiki-sky.a(rpl.o)
                0x0000a024                rpl_init
 .text.lollipop_greater_than
                0x0000a06e       0x3c contiki-sky.a(rpl-dag.o)
 .text.find_parent_any_dag_any_instance
                0x0000a0aa       0x14 contiki-sky.a(rpl-dag.o)
 .text.rpl_set_preferred_parent
                0x0000a0be       0x30 contiki-sky.a(rpl-dag.o)
 .text.set_ip_from_prefix
                0x0000a0ee       0x38 contiki-sky.a(rpl-dag.o)
 .text.check_prefix
                0x0000a126       0x80 contiki-sky.a(rpl-dag.o)
 .text.rpl_get_nbr
                0x0000a1a6       0x1e contiki-sky.a(rpl-dag.o)
                0x0000a1a6                rpl_get_nbr
 .text.rpl_dag_init
                0x0000a1c4        0xe contiki-sky.a(rpl-dag.o)
                0x0000a1c4                rpl_dag_init
 .text.rpl_get_parent
                0x0000a1d2        0xc contiki-sky.a(rpl-dag.o)
                0x0000a1d2                rpl_get_parent
 .text.rpl_get_parent_ipaddr
                0x0000a1de       0x10 contiki-sky.a(rpl-dag.o)
                0x0000a1de                rpl_get_parent_ipaddr
 .text.rpl_set_prefix
                0x0000a1ee       0x8e contiki-sky.a(rpl-dag.o)
                0x0000a1ee                rpl_set_prefix
 .text.rpl_set_default_route
                0x0000a27c       0x64 contiki-sky.a(rpl-dag.o)
                0x0000a27c                rpl_set_default_route
 .text.rpl_alloc_instance
                0x0000a2e0       0x34 contiki-sky.a(rpl-dag.o)
                0x0000a2e0                rpl_alloc_instance
 .text.rpl_add_parent
                0x0000a314       0x56 contiki-sky.a(rpl-dag.o)
                0x0000a314                rpl_add_parent
 .text.rpl_find_parent
                0x0000a36a       0x1c contiki-sky.a(rpl-dag.o)
                0x0000a36a                rpl_find_parent
 .text.rpl_find_parent_any_dag
                0x0000a386       0x24 contiki-sky.a(rpl-dag.o)
                0x0000a386                rpl_find_parent_any_dag
 .text.rpl_select_parent
                0x0000a3aa       0x7e contiki-sky.a(rpl-dag.o)
                0x0000a3aa                rpl_select_parent
 .text.rpl_select_dag
                0x0000a428      0x1ae contiki-sky.a(rpl-dag.o)
                0x0000a428                rpl_select_dag
 .text.rpl_nullify_parent
                0x0000a5d6       0x54 contiki-sky.a(rpl-dag.o)
                0x0000a5d6                rpl_nullify_parent
 .text.rpl_remove_parent
                0x0000a62a       0x16 contiki-sky.a(rpl-dag.o)
                0x0000a62a                rpl_remove_parent
 .text.nbr_callback
                0x0000a640        0x6 contiki-sky.a(rpl-dag.o)
 .text.remove_parents.constprop.5
                0x0000a646       0x32 contiki-sky.a(rpl-dag.o)
 .text.rpl_move_parent
                0x0000a678       0x5a contiki-sky.a(rpl-dag.o)
                0x0000a678                rpl_move_parent
 .text.rpl_get_any_dag
                0x0000a6d2       0x16 contiki-sky.a(rpl-dag.o)
                0x0000a6d2                rpl_get_any_dag
 .text.rpl_get_instance
                0x0000a6e8       0x16 contiki-sky.a(rpl-dag.o)
                0x0000a6e8                rpl_get_instance
 .text.rpl_alloc_dag
                0x0000a6fe       0x64 contiki-sky.a(rpl-dag.o)
                0x0000a6fe                rpl_alloc_dag
 .text.rpl_repair_root
                0x0000a762       0x4c contiki-sky.a(rpl-dag.o)
                0x0000a762                rpl_repair_root
 .text.rpl_find_of
                0x0000a7ae       0x10 contiki-sky.a(rpl-dag.o)
                0x0000a7ae                rpl_find_of
 .text.rpl_join_instance
                0x0000a7be      0x13c contiki-sky.a(rpl-dag.o)
                0x0000a7be                rpl_join_instance
 .text.rpl_local_repair
                0x0000a8fa       0x80 contiki-sky.a(rpl-dag.o)
                0x0000a8fa                rpl_local_repair
 .text.rpl_process_parent_event
                0x0000a97a       0x80 contiki-sky.a(rpl-dag.o)
                0x0000a97a                rpl_process_parent_event
 .text.rpl_recalculate_ranks
                0x0000a9fa       0x46 contiki-sky.a(rpl-dag.o)
                0x0000a9fa                rpl_recalculate_ranks
 .text.rpl_add_dag
                0x0000aa40      0x112 contiki-sky.a(rpl-dag.o)
                0x0000aa40                rpl_add_dag
 .text.rpl_process_dio
                0x0000ab52      0x2f8 contiki-sky.a(rpl-dag.o)
                0x0000ab52                rpl_process_dio
 .text.rpl_lock_parent
                0x0000ae4a        0xc contiki-sky.a(rpl-dag.o)
                0x0000ae4a                rpl_lock_parent
 .text.rpl_verify_header
                0x0000ae56       0xb2 contiki-sky.a(rpl-ext-header.)
                0x0000ae56                rpl_verify_header
 .text.rpl_update_header_empty
                0x0000af08      0x132 contiki-sky.a(rpl-ext-header.)
                0x0000af08                rpl_update_header_empty
 .text.rpl_update_header_final
                0x0000b03a       0x90 contiki-sky.a(rpl-ext-header.)
                0x0000b03a                rpl_update_header_final
 .text.rpl_invert_header
                0x0000b0ca       0x7c contiki-sky.a(rpl-ext-header.)
                0x0000b0ca                rpl_invert_header
 .text.rpl_insert_header
                0x0000b146       0x12 contiki-sky.a(rpl-ext-header.)
                0x0000b146                rpl_insert_header
 .text.get32    0x0000b158       0x46 contiki-sky.a(rpl-icmp6.o)
 .text.set32    0x0000b19e       0x2a contiki-sky.a(rpl-icmp6.o)
 .text.get16    0x0000b1c8        0xe contiki-sky.a(rpl-icmp6.o)
 .text.set16    0x0000b1d6       0x10 contiki-sky.a(rpl-icmp6.o)
 .text.dao_ack_input
                0x0000b1e6        0x6 contiki-sky.a(rpl-icmp6.o)
 .text.dio_input
                0x0000b1ec      0x2d8 contiki-sky.a(rpl-icmp6.o)
 .text.dis_output
                0x0000b4c4       0x50 contiki-sky.a(rpl-icmp6.o)
                0x0000b4c4                dis_output
 .text.dio_output
                0x0000b514      0x268 contiki-sky.a(rpl-icmp6.o)
                0x0000b514                dio_output
 .text.dis_input
                0x0000b77c       0x28 contiki-sky.a(rpl-icmp6.o)
 .text.dao_output_target
                0x0000b7a4       0xe4 contiki-sky.a(rpl-icmp6.o)
                0x0000b7a4                dao_output_target
 .text.dao_output
                0x0000b888       0x7e contiki-sky.a(rpl-icmp6.o)
                0x0000b888                dao_output
 .text.dao_ack_output
                0x0000b906       0x32 contiki-sky.a(rpl-icmp6.o)
                0x0000b906                dao_ack_output
 .text.dao_input
                0x0000b938      0x2ac contiki-sky.a(rpl-icmp6.o)
 .text.rpl_icmp6_register_handlers
                0x0000bbe4       0x22 contiki-sky.a(rpl-icmp6.o)
                0x0000bbe4                rpl_icmp6_register_handlers
 .text.reset    0x0000bc06        0x2 contiki-sky.a(rpl-mrhof.o)
 .text.update_metric_container
                0x0000bc08        0x6 contiki-sky.a(rpl-mrhof.o)
 .text.calculate_rank
                0x0000bc0e       0x42 contiki-sky.a(rpl-mrhof.o)
 .text.neighbor_link_callback
                0x0000bc50       0x9c contiki-sky.a(rpl-mrhof.o)
 .text.best_dag
                0x0000bcec       0x2e contiki-sky.a(rpl-mrhof.o)
 .text.best_parent
                0x0000bd1a       0x74 contiki-sky.a(rpl-mrhof.o)
 .text.new_dio_interval
                0x0000bd8e       0x92 contiki-sky.a(rpl-timers.o)
 .text.set_dao_lifetime_timer
                0x0000be20       0x66 contiki-sky.a(rpl-timers.o)
 .text.handle_periodic_timer
                0x0000be86       0x2e contiki-sky.a(rpl-timers.o)
 .text.schedule_dao
                0x0000beb4       0x82 contiki-sky.a(rpl-timers.o)
 .text.handle_dio_timer
                0x0000bf36       0x88 contiki-sky.a(rpl-timers.o)
 .text.handle_dao_timer
                0x0000bfbe       0x64 contiki-sky.a(rpl-timers.o)
 .text.rpl_reset_periodic_timer
                0x0000c022       0x54 contiki-sky.a(rpl-timers.o)
                0x0000c022                rpl_reset_periodic_timer
 .text.rpl_reset_dio_timer
                0x0000c076       0x18 contiki-sky.a(rpl-timers.o)
                0x0000c076                rpl_reset_dio_timer
 .text.rpl_schedule_dao
                0x0000c08e        0xc contiki-sky.a(rpl-timers.o)
                0x0000c08e                rpl_schedule_dao
 .text.rpl_schedule_probing
                0x0000c09a       0x3c contiki-sky.a(rpl-timers.o)
                0x0000c09a                rpl_schedule_probing
 .text.handle_probing_timer
                0x0000c0d6      0x12a contiki-sky.a(rpl-timers.o)
 .text.create_frame.isra.0
                0x0000c200      0x108 contiki-sky.a(framer-802154.o)
 .text.create   0x0000c308        0x8 contiki-sky.a(framer-802154.o)
 .text.hdr_length
                0x0000c310        0x8 contiki-sky.a(framer-802154.o)
 .text.parse    0x0000c318       0xa2 contiki-sky.a(framer-802154.o)
 .text.framer_canonical_create_and_secure
                0x0000c3ba       0x20 contiki-sky.a(framer.o)
                0x0000c3ba                framer_canonical_create_and_secure
 .text.send_packet
                0x0000c3da        0x6 contiki-sky.a(nullmac.o)
 .text.packet_input
                0x0000c3e0        0x6 contiki-sky.a(nullmac.o)
 .text.on       0x0000c3e6        0x6 contiki-sky.a(nullmac.o)
 .text.off      0x0000c3ec        0x6 contiki-sky.a(nullmac.o)
 .text.channel_check_interval
                0x0000c3f2        0x4 contiki-sky.a(nullmac.o)
 .text.init     0x0000c3f6        0x2 contiki-sky.a(nullmac.o)
 .text.on       0x0000c3f8        0x6 contiki-sky.a(nullrdc.o)
 .text.channel_check_interval
                0x0000c3fe        0x4 contiki-sky.a(nullrdc.o)
 .text.init     0x0000c402        0x6 contiki-sky.a(nullrdc.o)
 .text.off      0x0000c408       0x10 contiki-sky.a(nullrdc.o)
 .text.packet_input
                0x0000c418       0x28 contiki-sky.a(nullrdc.o)
 .text.send_one_packet
                0x0000c440       0x6a contiki-sky.a(nullrdc.o)
 .text.send_list
                0x0000c4aa       0x30 contiki-sky.a(nullrdc.o)
 .text.send_packet
                0x0000c4da        0x6 contiki-sky.a(nullrdc.o)
 .text.linkaddr_copy
                0x0000c4e0        0x8 contiki-sky.a(linkaddr.o)
                0x0000c4e0                linkaddr_copy
 .text.linkaddr_cmp
                0x0000c4e8       0x12 contiki-sky.a(linkaddr.o)
                0x0000c4e8                linkaddr_cmp
 .text.linkaddr_set_node_addr
                0x0000c4fa        0xc contiki-sky.a(linkaddr.o)
                0x0000c4fa                linkaddr_set_node_addr
 .text.item_from_index
                0x0000c506       0x2a contiki-sky.a(nbr-table.o)
 .text.index_from_key
                0x0000c530       0x26 contiki-sky.a(nbr-table.o)
 .text.index_from_item
                0x0000c556       0x1e contiki-sky.a(nbr-table.o)
 .text.nbr_set_bit
                0x0000c574       0x58 contiki-sky.a(nbr-table.o)
 .text.index_from_lladdr
                0x0000c5cc       0x42 contiki-sky.a(nbr-table.o)
 .text.nbr_get_bit.constprop.0
                0x0000c60e       0x2e contiki-sky.a(nbr-table.o)
 .text.nbr_table_register
                0x0000c63c       0x26 contiki-sky.a(nbr-table.o)
                0x0000c63c                nbr_table_register
 .text.nbr_table_next
                0x0000c662       0x54 contiki-sky.a(nbr-table.o)
                0x0000c662                nbr_table_next
 .text.nbr_table_head
                0x0000c6b6       0x3a contiki-sky.a(nbr-table.o)
                0x0000c6b6                nbr_table_head
 .text.nbr_table_add_lladdr
                0x0000c6f0      0x128 contiki-sky.a(nbr-table.o)
                0x0000c6f0                nbr_table_add_lladdr
 .text.nbr_table_get_from_lladdr
                0x0000c818       0x2c contiki-sky.a(nbr-table.o)
                0x0000c818                nbr_table_get_from_lladdr
 .text.nbr_table_remove
                0x0000c844       0x32 contiki-sky.a(nbr-table.o)
                0x0000c844                nbr_table_remove
 .text.nbr_table_lock
                0x0000c876       0x10 contiki-sky.a(nbr-table.o)
                0x0000c876                nbr_table_lock
 .text.nbr_table_unlock
                0x0000c886       0x10 contiki-sky.a(nbr-table.o)
                0x0000c886                nbr_table_unlock
 .text.nbr_table_get_lladdr
                0x0000c896       0x22 contiki-sky.a(nbr-table.o)
                0x0000c896                nbr_table_get_lladdr
 .text.packetbuf_compact
                0x0000c8b8       0x2e contiki-sky.a(packetbuf.o)
                0x0000c8b8                packetbuf_compact
 .text.packetbuf_copyto
                0x0000c8e6       0x52 contiki-sky.a(packetbuf.o)
                0x0000c8e6                packetbuf_copyto
 .text.packetbuf_hdrreduce
                0x0000c938       0x1a contiki-sky.a(packetbuf.o)
                0x0000c938                packetbuf_hdrreduce
 .text.packetbuf_set_datalen
                0x0000c952        0x6 contiki-sky.a(packetbuf.o)
                0x0000c952                packetbuf_set_datalen
 .text.packetbuf_dataptr
                0x0000c958        0xe contiki-sky.a(packetbuf.o)
                0x0000c958                packetbuf_dataptr
 .text.packetbuf_hdrptr
                0x0000c966        0xa contiki-sky.a(packetbuf.o)
                0x0000c966                packetbuf_hdrptr
 .text.packetbuf_datalen
                0x0000c970        0x6 contiki-sky.a(packetbuf.o)
                0x0000c970                packetbuf_datalen
 .text.packetbuf_hdrlen
                0x0000c976       0x10 contiki-sky.a(packetbuf.o)
                0x0000c976                packetbuf_hdrlen
 .text.packetbuf_totlen
                0x0000c986        0xc contiki-sky.a(packetbuf.o)
                0x0000c986                packetbuf_totlen
 .text.packetbuf_hdralloc
                0x0000c992       0x2e contiki-sky.a(packetbuf.o)
                0x0000c992                packetbuf_hdralloc
 .text.packetbuf_attr_clear
                0x0000c9c0       0x28 contiki-sky.a(packetbuf.o)
                0x0000c9c0                packetbuf_attr_clear
 .text.packetbuf_clear
                0x0000c9e8       0x1a contiki-sky.a(packetbuf.o)
                0x0000c9e8                packetbuf_clear
 .text.packetbuf_copyfrom
                0x0000ca02       0x2e contiki-sky.a(packetbuf.o)
                0x0000ca02                packetbuf_copyfrom
 .text.packetbuf_attr_copyto
                0x0000ca30       0x22 contiki-sky.a(packetbuf.o)
                0x0000ca30                packetbuf_attr_copyto
 .text.packetbuf_attr_copyfrom
                0x0000ca52       0x24 contiki-sky.a(packetbuf.o)
                0x0000ca52                packetbuf_attr_copyfrom
 .text.packetbuf_holds_broadcast
                0x0000ca76        0xe contiki-sky.a(packetbuf.o)
                0x0000ca76                packetbuf_holds_broadcast
 .text.queuebuf_init
                0x0000ca84       0x12 contiki-sky.a(queuebuf.o)
                0x0000ca84                queuebuf_init
 .text.queuebuf_numfree
                0x0000ca96        0xa contiki-sky.a(queuebuf.o)
                0x0000ca96                queuebuf_numfree
 .text.queuebuf_new_from_packetbuf
                0x0000caa0       0x52 contiki-sky.a(queuebuf.o)
                0x0000caa0                queuebuf_new_from_packetbuf
 .text.queuebuf_free
                0x0000caf2       0x2a contiki-sky.a(queuebuf.o)
                0x0000caf2                queuebuf_free
 .text.queuebuf_to_packetbuf
                0x0000cb1c       0x32 contiki-sky.a(queuebuf.o)
                0x0000cb1c                queuebuf_to_packetbuf
 .text.bootstrap
                0x0000cb4e        0x4 contiki-sky.a(nullsec.o)
 .text.send     0x0000cb52        0xa contiki-sky.a(nullsec.o)
 .text.on_frame_created
                0x0000cb5c        0x4 contiki-sky.a(nullsec.o)
 .text.input    0x0000cb60        0x6 contiki-sky.a(nullsec.o)
 .text.get_overhead
                0x0000cb66        0x4 contiki-sky.a(nullsec.o)
 .text.coap_parse_int_option
                0x0000cb6a       0x46 contiki-sky.a(er-coap.o)
 .text.coap_get_variable
                0x0000cbb0       0x8c contiki-sky.a(er-coap.o)
 .text.coap_merge_multi_option
                0x0000cc3c       0x3e contiki-sky.a(er-coap.o)
 .text.coap_set_option_header
                0x0000cc7a       0xa6 contiki-sky.a(er-coap.o)
 .text.coap_serialize_int_option
                0x0000cd20       0xda contiki-sky.a(er-coap.o)
 .text.coap_serialize_array_option.part.0
                0x0000cdfa       0x34 contiki-sky.a(er-coap.o)
 .text.coap_serialize_array_option
                0x0000ce2e       0x9e contiki-sky.a(er-coap.o)
 .text.coap_init_connection
                0x0000cecc       0x22 contiki-sky.a(er-coap.o)
                0x0000cecc                coap_init_connection
 .text.coap_get_mid
                0x0000ceee        0xc contiki-sky.a(er-coap.o)
                0x0000ceee                coap_get_mid
 .text.coap_init_message
                0x0000cefa       0x30 contiki-sky.a(er-coap.o)
                0x0000cefa                coap_init_message
 .text.coap_serialize_message
                0x0000cf2a      0x404 contiki-sky.a(er-coap.o)
                0x0000cf2a                coap_serialize_message
 .text.coap_send_message
                0x0000d32e       0x4a contiki-sky.a(er-coap.o)
                0x0000d32e                coap_send_message
 .text.coap_parse_message
                0x0000d378      0x4dc contiki-sky.a(er-coap.o)
                0x0000d378                coap_parse_message
 .text.coap_get_query_variable
                0x0000d854       0x1c contiki-sky.a(er-coap.o)
                0x0000d854                coap_get_query_variable
 .text.coap_get_post_variable
                0x0000d870       0x20 contiki-sky.a(er-coap.o)
                0x0000d870                coap_get_post_variable
 .text.coap_set_status_code
                0x0000d890       0x12 contiki-sky.a(er-coap.o)
                0x0000d890                coap_set_status_code
 .text.coap_set_token
                0x0000d8a2       0x24 contiki-sky.a(er-coap.o)
                0x0000d8a2                coap_set_token
 .text.coap_get_header_content_format
                0x0000d8c6       0x16 contiki-sky.a(er-coap.o)
                0x0000d8c6                coap_get_header_content_format
 .text.coap_set_header_content_format
                0x0000d8dc        0xe contiki-sky.a(er-coap.o)
                0x0000d8dc                coap_set_header_content_format
 .text.coap_get_header_accept
                0x0000d8ea       0x14 contiki-sky.a(er-coap.o)
                0x0000d8ea                coap_get_header_accept
 .text.coap_get_header_max_age
                0x0000d8fe       0x24 contiki-sky.a(er-coap.o)
                0x0000d8fe                coap_get_header_max_age
 .text.coap_set_header_max_age
                0x0000d922       0x12 contiki-sky.a(er-coap.o)
                0x0000d922                coap_set_header_max_age
 .text.coap_set_header_etag
                0x0000d934       0x2a contiki-sky.a(er-coap.o)
                0x0000d934                coap_set_header_etag
 .text.coap_get_header_if_match
                0x0000d95e       0x1a contiki-sky.a(er-coap.o)
                0x0000d95e                coap_get_header_if_match
 .text.coap_get_header_if_none_match
                0x0000d978       0x1c contiki-sky.a(er-coap.o)
                0x0000d978                coap_get_header_if_none_match
 .text.coap_get_header_uri_host
                0x0000d994       0x16 contiki-sky.a(er-coap.o)
                0x0000d994                coap_get_header_uri_host
 .text.coap_get_header_uri_path
                0x0000d9aa       0x16 contiki-sky.a(er-coap.o)
                0x0000d9aa                coap_get_header_uri_path
 .text.coap_get_header_uri_query
                0x0000d9c0       0x16 contiki-sky.a(er-coap.o)
                0x0000d9c0                coap_get_header_uri_query
 .text.coap_set_header_location_query
                0x0000d9d6       0x2c contiki-sky.a(er-coap.o)
                0x0000d9d6                coap_set_header_location_query
 .text.coap_set_header_location_path
                0x0000da02       0x62 contiki-sky.a(er-coap.o)
                0x0000da02                coap_set_header_location_path
 .text.coap_set_header_observe
                0x0000da64       0x12 contiki-sky.a(er-coap.o)
                0x0000da64                coap_set_header_observe
 .text.coap_get_header_block2
                0x0000da76       0x4c contiki-sky.a(er-coap.o)
                0x0000da76                coap_get_header_block2
 .text.coap_set_header_block2
                0x0000dac2       0x42 contiki-sky.a(er-coap.o)
                0x0000dac2                coap_set_header_block2
 .text.coap_get_header_size2
                0x0000db04       0x1c contiki-sky.a(er-coap.o)
                0x0000db04                coap_get_header_size2
 .text.coap_set_header_size2
                0x0000db20       0x12 contiki-sky.a(er-coap.o)
                0x0000db20                coap_set_header_size2
 .text.coap_get_payload
                0x0000db32       0x1a contiki-sky.a(er-coap.o)
                0x0000db32                coap_get_payload
 .text.coap_set_payload
                0x0000db4c       0x16 contiki-sky.a(er-coap.o)
                0x0000db4c                coap_set_payload
 .text.spi_init
                0x0000db62       0x30 contiki-sky.a(spi.o)
                0x0000db62                spi_init
 .text.stimer_set
                0x0000db92       0x1c contiki-sky.a(stimer.o)
                0x0000db92                stimer_set
 .text.stimer_expired
                0x0000dbae       0x30 contiki-sky.a(stimer.o)
                0x0000dbae                stimer_expired
 .text.uip_udp_packet_send
                0x0000dbde       0x2e contiki-sky.a(uip-udp-packet.)
                0x0000dbde                uip_udp_packet_send
 .text.field_len
                0x0000dc0c       0x90 contiki-sky.a(frame802154.o)
 .text.frame802154_hdrlen
                0x0000dc9c       0x2e contiki-sky.a(frame802154.o)
                0x0000dc9c                frame802154_hdrlen
 .text.frame802154_create
                0x0000dcca      0x146 contiki-sky.a(frame802154.o)
                0x0000dcca                frame802154_create
 .text.frame802154_parse
                0x0000de10      0x1ba contiki-sky.a(frame802154.o)
                0x0000de10                frame802154_parse
 .text.mac_call_sent_callback
                0x0000dfca       0x14 contiki-sky.a(mac.o)
                0x0000dfca                mac_call_sent_callback
 .text.libgcc   0x0000dfde       0x2c /usr/local/msp430/bin/../lib/gcc/msp430/4.7.0/mmpy-16/libgcc.a(_mulsi3.o)
                0x0000dfde                __mulsi3
 .text.libgcc   0x0000e00a       0x22 /usr/local/msp430/bin/../lib/gcc/msp430/4.7.0/mmpy-16/libgcc.a(_udivmod16.o)
                0x0000e00a                __udivhi3
                0x0000e00a                __ext_udivmod16
                0x0000e024                __umodhi3
 .text.libgcc   0x0000e02c       0x3a /usr/local/msp430/bin/../lib/gcc/msp430/4.7.0/mmpy-16/libgcc.a(_divmod16.o)
                0x0000e02c                __ext_divmod16
                0x0000e02c                __divhi3
                0x0000e05e                __modhi3
 .text.libgcc   0x0000e066       0x40 /usr/local/msp430/bin/../lib/gcc/msp430/4.7.0/mmpy-16/libgcc.a(_udivmod32.o)
                0x0000e066                __udivsi3
                0x0000e066                __ext_udivmod32
                0x0000e09c                __umodsi3
 .text.libgcc   0x0000e0a6       0x4c /usr/local/msp430/bin/../lib/gcc/msp430/4.7.0/mmpy-16/libgcc.a(_divmod32.o)
                0x0000e0a6                __ext_divmod32
                0x0000e0a6                __divsi3
                0x0000e0e8                __modsi3
 .text.atoi     0x0000e0f2       0x8a /usr/local/msp430/bin/../lib/gcc/msp430/4.7.0/../../../../msp430/lib/mmpy-16/libc.a(atoi.o)
                0x0000e0f2                atoi
 .text.printf   0x0000e17c       0x10 /usr/local/msp430/bin/../lib/gcc/msp430/4.7.0/../../../../msp430/lib/mmpy-16/libc.a(printf.o)
                0x0000e17c                printf
 .text.append   0x0000e18c       0x22 /usr/local/msp430/bin/../lib/gcc/msp430/4.7.0/../../../../msp430/lib/mmpy-16/libc.a(sprintf.o)
 .text.call_vuprintf
                0x0000e1ae       0x3a /usr/local/msp430/bin/../lib/gcc/msp430/4.7.0/../../../../msp430/lib/mmpy-16/libc.a(sprintf.o)
 .text.sprintf  0x0000e1e8       0x1c /usr/local/msp430/bin/../lib/gcc/msp430/4.7.0/../../../../msp430/lib/mmpy-16/libc.a(sprintf.o)
                0x0000e1e8                sprintf
 .text.snprintf
                0x0000e204       0x1a /usr/local/msp430/bin/../lib/gcc/msp430/4.7.0/../../../../msp430/lib/mmpy-16/libc.a(sprintf.o)
                0x0000e204                snprintf
 .text.print_field
                0x0000e21e      0x194 /usr/local/msp430/bin/../lib/gcc/msp430/4.7.0/../../../../msp430/lib/mmpy-16/libc.a(vuprintf.o)
 .text.vuprintf
                0x0000e3b2      0x63c /usr/local/msp430/bin/../lib/gcc/msp430/4.7.0/../../../../msp430/lib/mmpy-16/libc.a(vuprintf.o)
                0x0000e3b2                vuprintf
 .text.puts     0x0000e9ee       0x2c /usr/local/msp430/bin/../lib/gcc/msp430/4.7.0/../../../../msp430/lib/mmpy-16/libc.a(puts.o)
                0x0000e9ee                puts
 .text.rand     0x0000ea1a       0x26 /usr/local/msp430/bin/../lib/gcc/msp430/4.7.0/../../../../msp430/lib/mmpy-16/libc.a(rand.o)
                0x0000ea1a                rand
 .text.srand    0x0000ea40        0xa /usr/local/msp430/bin/../lib/gcc/msp430/4.7.0/../../../../msp430/lib/mmpy-16/libc.a(rand.o)
                0x0000ea40                srand
 .text.strchr   0x0000ea4a       0x16 /usr/local/msp430/bin/../lib/gcc/msp430/4.7.0/../../../../msp430/lib/mmpy-16/libc.a(strchr.o)
                0x0000ea4a                strchr
 .text.memchr   0x0000ea60       0x1e /usr/local/msp430/bin/../lib/gcc/msp430/4.7.0/../../../../msp430/lib/mmpy-16/libc.a(memchr.o)
                0x0000ea60                memchr
 .text.strncmp  0x0000ea7e       0x2a /usr/local/msp430/bin/../lib/gcc/msp430/4.7.0/../../../../msp430/lib/mmpy-16/libc.a(strncmp.o)
                0x0000ea7e                strncmp
 .text.memcmp   0x0000eaa8       0x30 /usr/local/msp430/bin/../lib/gcc/msp430/4.7.0/../../../../msp430/lib/mmpy-16/libc.a(memcmp.o)
                0x0000eaa8                memcmp
 .text.memcpy   0x0000ead8       0xfa /usr/local/msp430/bin/../lib/gcc/msp430/4.7.0/../../../../msp430/lib/mmpy-16/libc.a(memcpy.o)
                0x0000ead8                memcpy
 .text.memmove  0x0000ebd2       0xfa /usr/local/msp430/bin/../lib/gcc/msp430/4.7.0/../../../../msp430/lib/mmpy-16/libc.a(memmove.o)
                0x0000ebd2                memmove
 .text.memset   0x0000eccc       0x6a /usr/local/msp430/bin/../lib/gcc/msp430/4.7.0/../../../../msp430/lib/mmpy-16/libc.a(memset.o)
                0x0000eccc                memset
 .text.libgcc   0x0000ed36       0xf0 /usr/local/msp430/bin/../lib/gcc/msp430/4.7.0/mmpy-16/libgcc.a(_udivmod64.o)
                0x0000ed36                __xabi_udivmod64
                0x0000ed94                __udivdi3
                0x0000edba                __umoddi3
                0x0000ede8                __udivmoddi4
 .text.crt0     0x0000ee26        0x2 /usr/local/msp430/bin/../lib/gcc/msp430/4.7.0/mmpy-16/libcrt0.a(_unexpected_.o)
                0x0000ee26                _unexpected_
 *(.near.text .near.text.*)

.rodata         0x0000ee28      0x48d
                0x0000ee28                . = ALIGN (0x2)
 *(.rodata .rodata.* .gnu.linkonce.r.*)
 .rodata        0x0000ee28       0x7e PIR_sensor.co
                0x0000ee44                autostart_processes
 .rodata        0x0000eea6      0x120 obj_sky/contiki-sky-main.o
 .rodata        0x0000efc6       0xec contiki-sky.a(er-coap-engine.)
                0x0000f020                coap_rest_implementation
 .rodata        0x0000f0b2       0x11 contiki-sky.a(er-coap-observe)
 .rodata        0x0000f0c3       0x19 contiki-sky.a(er-coap-res-wel)
 .rodata        0x0000f0dc        0xc contiki-sky.a(rest-engine.o)
 .rodata        0x0000f0e8       0x10 contiki-sky.a(button-sensor.o)
                0x0000f0f0                button_sensor
 .rodata        0x0000f0f8        0x8 contiki-sky.a(sensors.o)
 .rodata.get_value
                0x0000f100       0x1c contiki-sky.a(cc2420.o)
 .rodata        0x0000f11c       0x3e contiki-sky.a(cc2420.o)
                0x0000f11c                cc2420_aes_128_driver
                0x0000f120                cc2420_driver
 .rodata        0x0000f15a        0xf contiki-sky.a(ctimer.o)
 .rodata        0x0000f169        0xc contiki-sky.a(etimer.o)
 *fill*         0x0000f175        0x1 00
 .rodata        0x0000f176       0x24 contiki-sky.a(sicslowpan.o)
                0x0000f182                sicslowpan_driver
                0x0000f188                llprefix
                0x0000f18a                unc_mxconf
                0x0000f18e                unc_ctxconf
                0x0000f192                unc_llconf
 .rodata        0x0000f19a        0xd contiki-sky.a(tcpip.o)
 .rodata        0x0000f1a7       0x29 contiki-sky.a(uip-debug.o)
 .rodata        0x0000f1d0        0x8 contiki-sky.a(framer-802154.o)
                0x0000f1d0                framer_802154
 .rodata        0x0000f1d8       0x16 contiki-sky.a(nullmac.o)
                0x0000f1e0                nullmac_driver
 .rodata        0x0000f1ee       0x18 contiki-sky.a(nullrdc.o)
                0x0000f1f6                nullrdc_driver
 .rodata        0x0000f206        0x8 contiki-sky.a(linkaddr.o)
                0x0000f206                linkaddr_null
 .rodata        0x0000f20e       0x14 contiki-sky.a(nullsec.o)
                0x0000f216                nullsec_driver
 .rodata        0x0000f222       0x8a contiki-sky.a(er-coap.o)
 .rodata        0x0000f2ac        0x2 contiki-sky.a(frame802154.o)
 .rodata.vuprintf
                0x0000f2ae        0x7 /usr/local/msp430/bin/../lib/gcc/msp430/4.7.0/../../../../msp430/lib/mmpy-16/libc.a(vuprintf.o)
 *(.near.rodata .near.rodata.*)
                0x0000f2b6                . = ALIGN (0x2)
                0x0000f2b6                _etext = .

.data           0x00001100      0x138 load address 0x0000f2b6
                0x00001100                . = ALIGN (0x2)
                0x00001100                __data_start = .
 *(.data .data.* .gnu.linkonce.d.*)
 .data          0x00001100       0x44 PIR_sensor.co
                0x00001100                server
                0x0000110a                PIR
                0x0000111c                periodic_PIR
                0x00001132                setting
 .data          0x00001144        0xa contiki-sky.a(er-coap-engine.)
                0x00001144                coap_engine
 .data          0x0000114e        0x8 contiki-sky.a(er-coap-transac)
 .data          0x00001156        0x8 contiki-sky.a(er-coap-observe)
 .data          0x0000115e       0x12 contiki-sky.a(er-coap-res-wel)
                0x0000115e                res_well_known_core
 .data          0x00001170        0xa contiki-sky.a(rest-engine.o)
                0x00001170                rest_engine_process
 .data          0x0000117a        0x4 contiki-sky.a(contiki-sky-pla)
                0x0000117a                sensors
 .data          0x0000117e        0xa contiki-sky.a(sensors.o)
                0x0000117e                sensors_process
 .data          0x00001188        0xa contiki-sky.a(cc2420.o)
                0x00001188                cc2420_process
 .data          0x00001192        0x2 contiki-sky.a(msp430.o)
 .data          0x00001194        0xa contiki-sky.a(ctimer.o)
                0x00001194                ctimer_process
 .data          0x0000119e        0xa contiki-sky.a(etimer.o)
                0x0000119e                etimer_process
 .data          0x000011a8        0xa contiki-sky.a(uip-ds6-nbr.o)
                0x000011a8                ds6_neighbors
 .data          0x000011b2       0x20 contiki-sky.a(uip-ds6-route.o)
 .data          0x000011d2        0xc contiki-sky.a(uip-icmp6.o)
 .data          0x000011de        0xa contiki-sky.a(tcpip.o)
                0x000011de                tcpip_process
 .data          0x000011e8        0xa contiki-sky.a(rpl-dag.o)
                0x000011e8                rpl_parents
 .data          0x000011f2       0x1a contiki-sky.a(rpl-icmp6.o)
 .data          0x0000120c        0xe contiki-sky.a(rpl-mrhof.o)
                0x0000120c                rpl_mrhof
 .data          0x0000121a        0x8 contiki-sky.a(nbr-table.o)
 .data          0x00001222       0x10 contiki-sky.a(queuebuf.o)
 .data          0x00001232        0x2 contiki-sky.a(er-coap.o)
                0x00001232                coap_error_message
 .data.next     0x00001234        0x4 /usr/local/msp430/bin/../lib/gcc/msp430/4.7.0/../../../../msp430/lib/mmpy-16/libc.a(rand.o)
 *(.near.data .near.data.*)
                0x00001238                . = ALIGN (0x2)
                0x00001238                _edata = .
                0x0000f2b6                __data_load_start = LOADADDR (.data)
                0x00000138                __data_size = SIZEOF (.data)

.bss            0x00001238     0x1742 load address 0x0000f3ee
                0x00001238                __bss_start = .
 *(.bss .bss.*)
 .bss           0x00001238        0x6 PIR_sensor.co
                0x00001238                used
 .bss           0x0000123e        0xc obj_sky/contiki-sky-main.o
 .bss           0x0000124a      0x10c contiki-sky.a(er-coap-engine.)
 .bss           0x00001356      0x2b0 contiki-sky.a(er-coap-transac)
 .bss           0x00001606       0xa2 contiki-sky.a(er-coap-observe)
 .bss           0x000016a8        0x4 contiki-sky.a(rest-engine.o)
 .bss           0x000016ac        0x8 contiki-sky.a(button-sensor.o)
 .bss           0x000016b4        0x2 contiki-sky.a(node-id.o)
                0x000016b4                node_id
 .bss           0x000016b6        0x6 contiki-sky.a(sensors.o)
 .bss           0x000016bc        0x8 contiki-sky.a(cc2420.o)
 .bss           0x000016c4       0x9a contiki-sky.a(uart1.o)
 .bss           0x0000175e        0xa contiki-sky.a(clock.o)
 .bss           0x00001768        0x1 contiki-sky.a(leds.o)
 *fill*         0x00001769        0x1 00
 .bss           0x0000176a        0x2 contiki-sky.a(watchdog.o)
 .bss           0x0000176c        0x4 contiki-sky.a(ctimer.o)
 .bss           0x00001770        0x6 contiki-sky.a(etimer.o)
 .bss           0x00001776       0x42 contiki-sky.a(process.o)
                0x00001776                process_current
                0x00001778                process_list
 .bss           0x000017b8        0x2 contiki-sky.a(rtimer.o)
 .bss           0x000017ba      0x14c contiki-sky.a(sicslowpan.o)
 .bss           0x00001906        0x8 contiki-sky.a(uip6.o)
                0x00001906                uip_ext_opt_offset
                0x00001907                uip_ext_len
                0x00001908                uip_ext_bitmap
 .bss           0x0000190e       0x18 contiki-sky.a(uip-ds6.o)
 .bss           0x00001926      0x17c contiki-sky.a(uip-ds6-nbr.o)
 .bss           0x00001aa2      0x1d2 contiki-sky.a(uip-ds6-route.o)
 .bss           0x00001c74       0x14 contiki-sky.a(uip-icmp6.o)
 .bss           0x00001c88        0xe contiki-sky.a(tcpip.o)
 .bss           0x00001c96        0x2 contiki-sky.a(rpl.o)
 .bss           0x00001c98       0x78 contiki-sky.a(rpl-dag.o)
 .bss           0x00001d10       0x18 contiki-sky.a(rpl-timers.o)
 .bss           0x00001d28        0x2 contiki-sky.a(framer-802154.o)
 .bss           0x00001d2a       0x96 contiki-sky.a(nbr-table.o)
 .bss           0x00001dc0       0xb8 contiki-sky.a(packetbuf.o)
 .bss           0x00001e78      0x5a0 contiki-sky.a(queuebuf.o)
 .bss           0x00002418        0x6 contiki-sky.a(er-coap.o)
                0x00002418                erbium_status_code
 .bss.destination_
                0x0000241e        0x2 /usr/local/msp430/bin/../lib/gcc/msp430/4.7.0/../../../../msp430/lib/mmpy-16/libc.a(sprintf.o)
 .bss.available_
                0x00002420        0x2 /usr/local/msp430/bin/../lib/gcc/msp430/4.7.0/../../../../msp430/lib/mmpy-16/libc.a(sprintf.o)
 *(.near.bss .near.bss.*)
 *(COMMON)
 COMMON         0x00002422        0x2 contiki-sky.a(contiki-sky-pla)
                0x00002422                sensors_flags
 COMMON         0x00002424        0x8 contiki-sky.a(ds2411.o)
                0x00002424                ds2411_id
 COMMON         0x0000242c        0x1 contiki-sky.a(sensors.o)
                0x0000242c                sensors_event
 *fill*         0x0000242d        0x1 00
 COMMON         0x0000242e       0x10 contiki-sky.a(cc2420.o)
                0x0000242e                cc2420_last_rssi
                0x00002430                cc2420_sfd_start_time
                0x00002432                cc2420_time_of_departure
                0x00002434                cc2420_time_of_arrival
                0x00002436                cc2420_last_correlation
                0x00002438                cc2420_authority_level_of_sender
                0x0000243a                cc2420_sfd_counter
                0x0000243c                cc2420_sfd_end_time
 COMMON         0x0000243e        0x2 contiki-sky.a(msp430.o)
                0x0000243e                msp430_dco_required
 COMMON         0x00002440       0x56 contiki-sky.a(energest.o)
                0x00002440                energest_total_time
                0x00002470                energest_total_count
                0x00002472                energest_current_mode
                0x0000247e                energest_current_time
 COMMON         0x00002496        0x1 contiki-sky.a(process.o)
                0x00002496                process_maxevents
 *fill*         0x00002497        0x1 00
 COMMON         0x00002498        0x8 contiki-sky.a(sicslowpan.o)
                0x00002498                frag_sender
 COMMON         0x000024a0      0x268 contiki-sky.a(uip6.o)
                0x000024a0                uip_len
                0x000024a2                uip_sappdata
                0x000024a4                uip_lladdr
                0x000024ac                uip_aligned_buf
                0x000025c4                uip_flags
                0x000025c6                uip_next_hdr
                0x000025c8                uip_udp_conn
                0x000025ca                uip_appdata
                0x000025cc                uip_conn
                0x000025ce                uip_slen
                0x000025d0                uip_udp_conns
 COMMON         0x00002708      0x15c contiki-sky.a(uip-ds6.o)
                0x00002708                uip_ds6_timer_ra
                0x00002710                uip_ds6_if
                0x000027fc                uip_ds6_netif_addr_list_offset
                0x000027fd                uip_ds6_addr_size
                0x000027fe                uip_ds6_prefix_list
                0x00002858                uip_ds6_timer_periodic
 COMMON         0x00002864        0x1 contiki-sky.a(tcpip.o)
                0x00002864                tcpip_event
 *fill*         0x00002865        0x1 00
 COMMON         0x00002866       0xde contiki-sky.a(rpl-dag.o)
                0x00002866                default_instance
                0x00002868                instance_table
 COMMON         0x00002944        0x8 contiki-sky.a(linkaddr.o)
                0x00002944                linkaddr_node_addr
 COMMON         0x0000294c       0x2e contiki-sky.a(packetbuf.o)
                0x0000294c                packetbuf_addrs
                0x0000295c                packetbuf_attrs
                0x0000297a                . = ALIGN (0x2)
                0x0000297a                __bss_end = .
                0x00001742                __bss_size = SIZEOF (.bss)

.noinit         0x0000297a        0x2 load address 0x0000f3ee
                0x0000297a                . = ALIGN (0x2)
                0x0000297a                __noinit_start = .
 *(.noinit .noinit.*)
 .noinit.crt0   0x0000297a        0x2 /usr/local/msp430/bin/../lib/gcc/msp430/4.7.0/mmpy-16/libcrt0.a(__watchdog_support.o)
                0x0000297a                __wdt_clear_value
                0x0000297c                . = ALIGN (0x2)
                0x0000297c                __noinit_end = .
                0x0000297c                . = ALIGN (0x2)
                0x0000297c                _end = .

.infomem        0x00001000        0x0
                0x00001000                . = ALIGN (0x2)
 *(.infomem .infomem.*)

.infomemnobits  0x00001000        0x0
                0x00001000                . = ALIGN (0x2)
 *(.infomemnobits .infomemnobits.*)

.infoa          0x00001080        0x0
                0x00001080                . = ALIGN (0x2)
 *(.infoa .infoa.*)

.infob          0x00001000        0x0
                0x00001000                . = ALIGN (0x2)
 *(.infob .infob.*)

.infoc          0x00000000        0x0
                0x00000000                . = ALIGN (0x2)
 *(.infoc .infoc.*)

.infod          0x00000000        0x0
                0x00000000                . = ALIGN (0x2)
 *(.infod .infod.*)

.vectors        0x0000ffe0       0x20
                0x0000ffe0                __vectors_start = .
 *(.vectors*)
 .vectors       0x0000ffe0       0x20 /usr/local/msp430/bin/../lib/gcc/msp430/4.7.0/mmpy-16/crt0ivtbl16.o
                0x0000ffe0                __ivtbl_16
                0x00010000                _vectors_end = .

.fartext        0x00000000        0x0
                0x00000000                . = ALIGN (0x2)
 *(.fartext .fartext.*)

.far.text       0x00000000        0x0
                0x00000000                . = ALIGN (0x2)
 *(.far.text .far.text.*)

.far.rodata     0x00000000        0x0
                0x00000000                . = ALIGN (0x2)
 *(.far.rodata .far.rodata.*)
                0x00000000                . = ALIGN (0x2)
                0x00000000                _efartext = .

.far.data       0x00000000        0x0
                0x00000000                . = ALIGN (0x2)
                0x00000000                __far_data_start = .
 *(.far.data .far.data.*)
                0x00000000                . = ALIGN (0x2)
                0x00000000                _efardata = .
                0x00000000                __far_data_load_start = LOADADDR (.far.data)
                0x00000000                __far_data_size = SIZEOF (.far.data)

.far.bss        0x00000000        0x0
                0x00000000                . = ALIGN (0x2)
                0x00000000                __far_bss_start = .
 *(.far.bss .far.bss.*)
                0x00000000                . = ALIGN (0x2)
                0x00000000                __far_bss_end = .
                0x00000000                __far_bss_size = SIZEOF (.far.bss)
                0x00000000                . = ALIGN (0x2)
                0x00000000                _far_end = .

.profiler
 *(.profiler)

.stab           0x00000000    0x2a7c8
 *(.stab)
 .stab          0x00000000     0x1c5c PIR_sensor.co
 .stab          0x00001c5c     0x129c obj_sky/contiki-sky-main.o
                               0x1b0c (size before relaxing)
 .stab          0x00002ef8     0x10ec contiki-sky.a(er-coap-engine.)
                               0x2244 (size before relaxing)
 .stab          0x00003fe4      0xa14 contiki-sky.a(er-coap-transac)
                               0x1cc8 (size before relaxing)
 .stab          0x000049f8      0xda4 contiki-sky.a(er-coap-observe)
                               0x20c4 (size before relaxing)
 .stab          0x0000579c      0x840 contiki-sky.a(er-coap-res-wel)
                               0x1c14 (size before relaxing)
 .stab          0x00005fdc      0x810 contiki-sky.a(rest-engine.o)
                                0xdec (size before relaxing)
 .stab          0x000067ec      0x258 contiki-sky.a(contiki-sky-pla)
                                0x5ac (size before relaxing)
 .stab          0x00006a44      0x468 contiki-sky.a(button-sensor.o)
                                0x7d4 (size before relaxing)
 .stab          0x00006eac      0x618 contiki-sky.a(ds2411.o)
                                0xb34 (size before relaxing)
 .stab          0x000074c4      0x9d8 contiki-sky.a(xmem.o)
                                0xf00 (size before relaxing)
 .stab          0x00007e9c      0x2b8 contiki-sky.a(node-id.o)
                                0x4e0 (size before relaxing)
 .stab          0x00008154      0x69c contiki-sky.a(sensors.o)
                                0xbb8 (size before relaxing)
 .stab          0x000087f0     0x255c contiki-sky.a(cc2420.o)
                               0x2c28 (size before relaxing)
 .stab          0x0000ad4c      0x5a0 contiki-sky.a(cc2420-arch.o)
                               0x171c (size before relaxing)
 .stab          0x0000b2ec      0x600 contiki-sky.a(uart1.o)
                                0x954 (size before relaxing)
 .stab          0x0000b8ec      0x27c contiki-sky.a(uart1-putchar.o)
                                0x7bc (size before relaxing)
 .stab          0x0000bb68      0x72c contiki-sky.a(msp430.o)
                                0xa80 (size before relaxing)
 .stab          0x0000c294      0x930 contiki-sky.a(clock.o)
                                0xc84 (size before relaxing)
 .stab          0x0000cbc4      0x5a0 contiki-sky.a(leds.o)
                                0x7ec (size before relaxing)
 .stab          0x0000d164      0x378 contiki-sky.a(leds-arch.o)
                                0x6cc (size before relaxing)
 .stab          0x0000d4dc      0x3cc contiki-sky.a(watchdog.o)
                                0x720 (size before relaxing)
 .stab          0x0000d8a8      0x3b4 contiki-sky.a(rtimer-arch.o)
                                0x708 (size before relaxing)
 .stab          0x0000dc5c      0x288 contiki-sky.a(autostart.o)
                                0x534 (size before relaxing)
 .stab          0x0000dee4      0x78c contiki-sky.a(ctimer.o)
                                0xaf8 (size before relaxing)
 .stab          0x0000e670      0x474 contiki-sky.a(energest.o)
                                0x6fc (size before relaxing)
 .stab          0x0000eae4      0x9fc contiki-sky.a(etimer.o)
                                0xccc (size before relaxing)
 .stab          0x0000f4e0      0xb70 contiki-sky.a(process.o)
                               0x1008 (size before relaxing)