Archive member included because of file (symbol)

contiki-sky.a(contiki-sky-pla)
                              obj_sky/contiki-sky-main.o (init_platform)
contiki-sky.a(button-sensor.o)
                              border-router.co (button_sensor)
contiki-sky.a(ds2411.o)       obj_sky/contiki-sky-main.o (ds2411_init)
contiki-sky.a(xmem.o)         obj_sky/contiki-sky-main.o (xmem_init)
contiki-sky.a(node-id.o)      obj_sky/contiki-sky-main.o (node_id_restore)
contiki-sky.a(sensors.o)      border-router.co (sensors_event)
contiki-sky.a(cc2420.o)       obj_sky/contiki-sky-main.o (cc2420_set_pan_addr)
contiki-sky.a(cc2420-arch.o)  contiki-sky.a(cc2420.o) (cc2420_arch_init)
contiki-sky.a(uart1.o)        obj_sky/contiki-sky-main.o (uart1_active)
contiki-sky.a(slip_uart1.o)   obj_sky/slip-bridge.o (slip_arch_writeb)
contiki-sky.a(slip.o)         obj_sky/slip-bridge.o (slip_process)
contiki-sky.a(msp430.o)       contiki-sky.a(uart1.o) (msp430_add_lpm_req)
contiki-sky.a(clock.o)        obj_sky/contiki-sky-main.o (clock_init)
contiki-sky.a(leds.o)         obj_sky/contiki-sky-main.o (leds_init)
contiki-sky.a(leds-arch.o)    contiki-sky.a(leds.o) (leds_arch_init)
contiki-sky.a(watchdog.o)     obj_sky/contiki-sky-main.o (watchdog_start)
contiki-sky.a(rtimer-arch.o)  obj_sky/contiki-sky-main.o (rtimer_arch_now)
contiki-sky.a(autostart.o)    obj_sky/contiki-sky-main.o (autostart_start)
contiki-sky.a(ctimer.o)       obj_sky/contiki-sky-main.o (ctimer_init)
contiki-sky.a(energest.o)     obj_sky/contiki-sky-main.o (energest_init)
contiki-sky.a(etimer.o)       contiki-sky.a(clock.o) (etimer_request_poll)
contiki-sky.a(process.o)      border-router.co (process_current)
contiki-sky.a(rtimer.o)       obj_sky/contiki-sky-main.o (rtimer_init)
contiki-sky.a(timer.o)        obj_sky/httpd-simple.o (timer_set)
contiki-sky.a(list.o)         contiki-sky.a(ctimer.o) (list_init)
contiki-sky.a(memb.o)         obj_sky/httpd-simple.o (memb_init)
contiki-sky.a(random.o)       obj_sky/contiki-sky-main.o (random_init)
contiki-sky.a(sicslowpan.o)   obj_sky/contiki-sky-main.o (sicslowpan_driver)
contiki-sky.a(uip6.o)         border-router.co (uip_aligned_buf)
contiki-sky.a(uip-ds6.o)      contiki-sky.a(uip6.o) (uip_ds6_is_addr_onlink)
contiki-sky.a(uip-ds6-nbr.o)  border-router.co (ds6_neighbors)
contiki-sky.a(uip-ds6-route.o)
                              contiki-sky.a(uip-ds6.o) (uip_ds6_route_init)
contiki-sky.a(uip-icmp6.o)    contiki-sky.a(uip6.o) (uip_icmp6_input)
contiki-sky.a(uip-nd6.o)      contiki-sky.a(uip6.o) (uip_nd6_init)
contiki-sky.a(psock.o)        border-router.co (psock_send)
contiki-sky.a(tcpip.o)        contiki-sky.a(sicslowpan.o) (tcpip_set_outputfunc)
contiki-sky.a(uip-debug.o)    border-router.co (uip_debug_ipaddr_print)
contiki-sky.a(rpl.o)          contiki-sky.a(uip-ds6-nbr.o) (rpl_link_neighbor_callback)
contiki-sky.a(rpl-dag.o)      contiki-sky.a(rpl.o) (default_instance)
contiki-sky.a(rpl-ext-header.)
                              contiki-sky.a(uip6.o) (rpl_verify_header)
contiki-sky.a(rpl-icmp6.o)    contiki-sky.a(rpl.o) (dao_output_target)
contiki-sky.a(rpl-mrhof.o)    contiki-sky.a(rpl.o) (rpl_mrhof)
contiki-sky.a(rpl-timers.o)   contiki-sky.a(rpl.o) (rpl_reset_periodic_timer)
contiki-sky.a(csma.o)         border-router.co (csma_driver)
contiki-sky.a(framer-802154.o)
                              contiki-sky.a(sicslowpan.o) (framer_802154)
contiki-sky.a(framer.o)       contiki-sky.a(framer-802154.o) (framer_canonical_create_and_secure)
contiki-sky.a(mac.o)          contiki-sky.a(csma.o) (mac_call_sent_callback)
contiki-sky.a(linkaddr.o)     obj_sky/contiki-sky-main.o (linkaddr_copy)
contiki-sky.a(nbr-table.o)    contiki-sky.a(uip-ds6-nbr.o) (nbr_table_register)
contiki-sky.a(packetbuf.o)    contiki-sky.a(framer.o) (packetbuf_compact)
contiki-sky.a(queuebuf.o)     obj_sky/contiki-sky-main.o (queuebuf_init)
contiki-sky.a(contikimac.o)   obj_sky/contiki-sky-main.o (contikimac_driver)
contiki-sky.a(nullsec.o)      obj_sky/contiki-sky-main.o (nullsec_driver)
contiki-sky.a(spi.o)          contiki-sky.a(xmem.o) (spi_init)
contiki-sky.a(compower.o)     contiki-sky.a(contikimac.o) (compower_idle_activity)
contiki-sky.a(stimer.o)       contiki-sky.a(uip-ds6.o) (stimer_set)
contiki-sky.a(frame802154.o)  contiki-sky.a(framer-802154.o) (frame802154_hdrlen)
contiki-sky.a(mac-sequence.o)
                              contiki-sky.a(contikimac.o) (mac_sequence_is_duplicate)
/usr/local/msp430/bin/../lib/gcc/msp430/4.7.0/mmpy-16/libgcc.a(_mulsi3.o)
                              contiki-sky.a(rpl-timers.o) (__mulsi3)
/usr/local/msp430/bin/../lib/gcc/msp430/4.7.0/mmpy-16/libgcc.a(_udivmod16.o)
                              contiki-sky.a(rpl-dag.o) (__udivhi3)
/usr/local/msp430/bin/../lib/gcc/msp430/4.7.0/mmpy-16/libgcc.a(_divmod16.o)
                              contiki-sky.a(sicslowpan.o) (__divhi3)
/usr/local/msp430/bin/../lib/gcc/msp430/4.7.0/mmpy-16/libgcc.a(_udivmod32.o)
[...]
Memory Configuration

Name             Origin             Length             Attributes
sfr              0x00000000         0x00000010
peripheral_8bit  0x00000010         0x000000f0
peripheral_16bit 0x00000100         0x00000100
ram_mirror       0x00000200         0x00000800         xw
infomem          0x00001000         0x00000100
infob            0x00001000         0x00000080
infoa            0x00001080         0x00000080
ram              0x00001100         0x00002800         xw
rom              0x00004000         0x0000bfe0         xr
vectors          0x0000ffe0         0x00000020
bsl              0x00000000         0x00000000
infoc            0x00000000         0x00000000
infod            0x00000000         0x00000000
ram2             0x00000000         0x00000000         xw
usbram           0x00000000         0x00000000         xw
far_rom          0x00000000         0x00000000
*default*        0x00000000         0xffffffff

Linker script and memory map

LOAD /usr/local/msp430/bin/../lib/gcc/msp430/4.7.0/mmpy-16/crt0ivtbl16.o
LOAD border-router.co
LOAD obj_sky/slip-bridge.o
LOAD obj_sky/httpd-simple.o
LOAD obj_sky/contiki-sky-main.o
LOAD contiki-sky.a
LOAD /usr/local/msp430/bin/../lib/gcc/msp430/4.7.0/mmpy-16/libgcc.a
LOAD /usr/local/msp430/bin/../lib/gcc/msp430/4.7.0/../../../../msp430/lib/mmpy-16/libc.a
LOAD /usr/local/msp430/bin/../lib/gcc/msp430/4.7.0/mmpy-16/libgcc.a
LOAD /usr/local/msp430/bin/../lib/gcc/msp430/4.7.0/mmpy-16/libcrt0.a
                0x00000080                PROVIDE (__info_segment_size, 0x80)
                0x00001000                PROVIDE (__infob, 0x1000)
                0x00001080                PROVIDE (__infoa, 0x1080)
                0x00000000                __IE1 = 0x0
                0x00000002                __IFG1 = 0x2
                0x00000004                __ME1 = 0x4
                0x00000001                __IE2 = 0x1
                0x00000003                __IFG2 = 0x3
                0x00000005                __ME2 = 0x5
                0x00000120                __WDTCTL = 0x120
                0x00000130                __MPY = 0x130
                0x00000132                __MPYS = 0x132
                0x00000134                __MAC = 0x134
                0x00000136                __MACS = 0x136
                0x00000138                __OP2 = 0x138
                0x0000013a                __RESLO = 0x13a
                0x0000013c                __RESHI = 0x13c
                0x0000013e                __SUMEXT = 0x13e
                0x00000020                __P1IN = 0x20
                0x00000021                __P1OUT = 0x21
                0x00000022                __P1DIR = 0x22
                0x00000023                __P1IFG = 0x23
                0x00000024                __P1IES = 0x24
                0x00000025                __P1IE = 0x25
                0x00000026                __P1SEL = 0x26
                0x00000028                __P2IN = 0x28
                0x00000029                __P2OUT = 0x29
                0x0000002a                __P2DIR = 0x2a
                0x0000002b                __P2IFG = 0x2b
                0x0000002c                __P2IES = 0x2c
                0x0000002d                __P2IE = 0x2d
                0x0000002e                __P2SEL = 0x2e
                0x00000018                __P3IN = 0x18
                0x00000019                __P3OUT = 0x19
                0x0000001a                __P3DIR = 0x1a
                0x0000001b                __P3SEL = 0x1b
                0x0000001c                __P4IN = 0x1c
                0x0000001d                __P4OUT = 0x1d
                0x0000001e                __P4DIR = 0x1e
                0x0000001f                __P4SEL = 0x1f
                0x00000030                __P5IN = 0x30
                0x00000031                __P5OUT = 0x31
                0x00000032                __P5DIR = 0x32
                0x00000033                __P5SEL = 0x33
                0x00000034                __P6IN = 0x34
                0x00000035                __P6OUT = 0x35
                0x00000036                __P6DIR = 0x36
                0x00000037                __P6SEL = 0x37
                0x00000070                __U0CTL = 0x70
                0x00000071                __U0TCTL = 0x71
                0x00000072                __U0RCTL = 0x72
                0x00000073                __U0MCTL = 0x73
                0x00000074                __U0BR0 = 0x74
                0x00000075                __U0BR1 = 0x75
                0x00000076                __U0RXBUF = 0x76
                0x00000077                __U0TXBUF = 0x77
                0x00000078                __U1CTL = 0x78
                0x00000079                __U1TCTL = 0x79
                0x0000007a                __U1RCTL = 0x7a
                0x0000007b                __U1MCTL = 0x7b
                0x0000007c                __U1BR0 = 0x7c
                0x0000007d                __U1BR1 = 0x7d
                0x0000007e                __U1RXBUF = 0x7e
                0x0000007f                __U1TXBUF = 0x7f
                0x00000050                __I2CIE = 0x50
                0x00000051                __I2CIFG = 0x51
                0x00000052                __I2CNDAT = 0x52
                0x00000071                __I2CTCTL = 0x71
                0x00000072                __I2CDCTL = 0x72
                0x00000073                __I2CPSC = 0x73
                0x00000074                __I2CSCLH = 0x74
                0x00000075                __I2CSCLL = 0x75
                0x00000076                __I2CDRB = 0x76
                0x00000076                __I2CDRW = 0x76
                0x00000118                __I2COA = 0x118
                0x0000011a                __I2CSA = 0x11a
                0x0000011c                __I2CIV = 0x11c
                0x0000012e                __TAIV = 0x12e
                0x00000160                __TACTL = 0x160
                0x00000162                __TACCTL0 = 0x162
                0x00000164                __TACCTL1 = 0x164
                0x00000166                __TACCTL2 = 0x166
                0x00000170                __TAR = 0x170
                0x00000172                __TACCR0 = 0x172
                0x00000174                __TACCR1 = 0x174
                0x00000176                __TACCR2 = 0x176
                0x0000011e                __TBIV = 0x11e
                0x00000180                __TBCTL = 0x180
                0x00000182                __TBCCTL0 = 0x182
                0x00000184                __TBCCTL1 = 0x184
                0x00000186                __TBCCTL2 = 0x186
                0x00000188                __TBCCTL3 = 0x188
                0x0000018a                __TBCCTL4 = 0x18a
                0x0000018c                __TBCCTL5 = 0x18c
                0x0000018e                __TBCCTL6 = 0x18e
                0x00000190                __TBR = 0x190
                0x00000192                __TBCCR0 = 0x192
                0x00000194                __TBCCR1 = 0x194
                0x00000196                __TBCCR2 = 0x196
                0x00000198                __TBCCR3 = 0x198
                0x0000019a                __TBCCR4 = 0x19a
                0x0000019c                __TBCCR5 = 0x19c
                0x0000019e                __TBCCR6 = 0x19e
                0x00000056                __DCOCTL = 0x56
                0x00000057                __BCSCTL1 = 0x57
                0x00000058                __BCSCTL2 = 0x58
                0x00000055                __SVSCTL = 0x55
                0x00000128                __FCTL1 = 0x128
                0x0000012a                __FCTL2 = 0x12a
                0x0000012c                __FCTL3 = 0x12c
                0x00000059                __CACTL1 = 0x59
                0x0000005a                __CACTL2 = 0x5a
                0x0000005b                __CAPD = 0x5b
                0x000001a0                __ADC12CTL0 = 0x1a0
                0x000001a2                __ADC12CTL1 = 0x1a2
                0x000001a4                __ADC12IFG = 0x1a4
                0x000001a6                __ADC12IE = 0x1a6
                0x000001a8                __ADC12IV = 0x1a8
                0x00000140                __ADC12MEM0 = 0x140
                0x00000142                __ADC12MEM1 = 0x142
                0x00000144                __ADC12MEM2 = 0x144
                0x00000146                __ADC12MEM3 = 0x146
                0x00000148                __ADC12MEM4 = 0x148
                0x0000014a                __ADC12MEM5 = 0x14a
                0x0000014c                __ADC12MEM6 = 0x14c
                0x0000014e                __ADC12MEM7 = 0x14e
                0x00000150                __ADC12MEM8 = 0x150
                0x00000152                __ADC12MEM9 = 0x152
                0x00000154                __ADC12MEM10 = 0x154
                0x00000156                __ADC12MEM11 = 0x156
                0x00000158                __ADC12MEM12 = 0x158
                0x0000015a                __ADC12MEM13 = 0x15a
                0x0000015c                __ADC12MEM14 = 0x15c
                0x0000015e                __ADC12MEM15 = 0x15e
                0x00000080                __ADC12MCTL0 = 0x80
                0x00000081                __ADC12MCTL1 = 0x81
                0x00000082                __ADC12MCTL2 = 0x82
                0x00000083                __ADC12MCTL3 = 0x83
                0x00000084                __ADC12MCTL4 = 0x84
                0x00000085                __ADC12MCTL5 = 0x85
                0x00000086                __ADC12MCTL6 = 0x86
                0x00000087                __ADC12MCTL7 = 0x87
                0x00000088                __ADC12MCTL8 = 0x88
                0x00000089                __ADC12MCTL9 = 0x89
                0x0000008a                __ADC12MCTL10 = 0x8a
                0x0000008b                __ADC12MCTL11 = 0x8b
                0x0000008c                __ADC12MCTL12 = 0x8c
                0x0000008d                __ADC12MCTL13 = 0x8d
                0x0000008e                __ADC12MCTL14 = 0x8e
                0x0000008f                __ADC12MCTL15 = 0x8f
                0x000001c0                __DAC12_0CTL = 0x1c0
                0x000001c2                __DAC12_1CTL = 0x1c2
                0x000001c8                __DAC12_0DAT = 0x1c8
                0x000001ca                __DAC12_1DAT = 0x1ca
                0x00000122                __DMACTL0 = 0x122
                0x00000124                __DMACTL1 = 0x124
                0x000001e0                __DMA0CTL = 0x1e0
                0x000001e8                __DMA1CTL = 0x1e8
                0x000001f0                __DMA2CTL = 0x1f0
                0x000001e2                __DMA0SA = 0x1e2
                0x000001e4                __DMA0DA = 0x1e4
                0x000001e6                __DMA0SZ = 0x1e6
                0x000001ea                __DMA1SA = 0x1ea
                0x000001ec                __DMA1DA = 0x1ec
                0x000001ee                __DMA1SZ = 0x1ee
                0x000001f2                __DMA2SA = 0x1f2
                0x000001f4                __DMA2DA = 0x1f4
                0x000001f6                __DMA2SZ = 0x1f6

.hash
 *(.hash)

.dynsym
 *(.dynsym)

.dynstr
 *(.dynstr)

.gnu.version
 *(.gnu.version)

.gnu.version_d
 *(.gnu.version_d)

.gnu.version_r
 *(.gnu.version_r)

.rel.init
 *(.rel.init)

.rela.init
 *(.rela.init)

.rel.fini
 *(.rel.fini)

.rela.fini
 *(.rela.fini)

.rel.text
 *(.rel.text .rel.text.* .rel.gnu.linkonce.t.*)

.rela.text
 *(.rela.text .rela.text.* .rela.gnu.linkonce.t.*)

.rel.rodata
 *(.rel.rodata .rel.rodata.* .rel.gnu.linkonce.r.*)

.rela.rodata
 *(.rela.rodata .rela.rodata.* .rela.gnu.linkonce.r.*)

.rel.data
 *(.rel.data .rel.data.* .rel.gnu.linkonce.d.*)

.rela.data
 *(.rela.data .rela.data.* .rela.gnu.linkonce.d.*)

.rel.bss
 *(.rel.bss .rel.bss.* .rel.gnu.linkonce.b.*)

.rela.bss
 *(.rela.bss .rela.bss.* .rela.gnu.linkonce.b.*)

.rel.ctors
 *(.rel.ctors)

.rela.ctors
 *(.rela.ctors)

.rel.dtors
 *(.rel.dtors)

.rela.dtors
 *(.rela.dtors)

.rel.got
 *(.rel.got)

.rela.got
 *(.rela.got)

.rel.plt
 *(.rel.plt)

.rela.plt
 *(.rela.plt)

.text           0x00004000     0xb3c2
                0x00004000                . = ALIGN (0x2)
 *(.init .init.*)
 *(.init0)
 .init0         0x00004000        0x0 /usr/local/msp430/bin/../lib/gcc/msp430/4.7.0/mmpy-16/libcrt0.a(_reset_vector__.o)
                0x00004000                _reset_vector__
 *(.init1)
 .init1         0x00004000        0xc /usr/local/msp430/bin/../lib/gcc/msp430/4.7.0/mmpy-16/libcrt0.a(__watchdog_support.o)
                0x00004000                __watchdog_support
 *(.init2)
 .init2         0x0000400c        0x4 /usr/local/msp430/bin/../lib/gcc/msp430/4.7.0/mmpy-16/libcrt0.a(__init_stack.o)
                0x0000400c                __init_stack
 *(.init3)
 .init3         0x00004010        0x0 /usr/local/msp430/bin/../lib/gcc/msp430/4.7.0/mmpy-16/libcrt0.a(__low_level_init.o)
                0x00004010                __low_level_init
 *(.init4)
 .init4         0x00004010       0x18 /usr/local/msp430/bin/../lib/gcc/msp430/4.7.0/mmpy-16/libcrt0.a(_copy_data.o)
                0x00004010                __do_copy_data
 .init4         0x00004028       0x16 /usr/local/msp430/bin/../lib/gcc/msp430/4.7.0/mmpy-16/libcrt0.a(_clear_bss.o)
                0x00004028                __do_clear_bss
 *(.init5)
 *(.init6)
 *(.init7)
 *(.init8)
 *(.init9)
 .init9         0x0000403e      0x2d6 obj_sky/contiki-sky-main.o
                0x0000403e                main
 *(.fini9)
 .fini9         0x00004314        0x0 /usr/local/msp430/bin/../lib/gcc/msp430/4.7.0/mmpy-16/libcrt0.a(__stop_progExec__.o)
                0x00004314                __stop_progExec__
 *(.fini8)
 *(.fini7)
 *(.fini6)
 *(.fini5)
 *(.fini4)
 *(.fini3)
 *(.fini2)
 *(.fini1)
 *(.fini0)
 .fini0         0x00004314        0x6 /usr/local/msp430/bin/../lib/gcc/msp430/4.7.0/mmpy-16/libcrt0.a(_endless_loop__.o)
                0x00004314                _endless_loop__
 *(.fini .fini.*)
                0x0000431a                . = ALIGN (0x2)
                0x0000431a                __ctors_start = .
 *(.ctors)
                0x0000431a                __ctors_end = .
                0x0000431a                __dtors_start = .
 *(.dtors)
                0x0000431a                __dtors_end = .
                0x0000431a                . = ALIGN (0x2)
 *(.text .text.* .gnu.linkonce.t.*)
 .text          0x0000431a        0x4 /usr/local/msp430/bin/../lib/gcc/msp430/4.7.0/mmpy-16/crt0ivtbl16.o
                0x0000431a                __isr_14
                0x0000431a                __isr_11
                0x0000431a                __isr_2
                0x0000431a                __isr_7
                0x0000431a                __isr_0
                0x0000431a                __isr_8
                0x0000431a                __isr_3
                0x0000431a                __isr_12
                0x0000431a                __isr_13
                0x0000431a                __isr_9
 .text.process_thread_webserver_nogui_process
                0x0000431e       0x40 border-router.co
 .text.ipaddr_add
                0x0000435e       0xc6 border-router.co
 .text.generate_routes
                0x00004424      0x290 border-router.co
 .text.httpd_simple_get_script
                0x000046b4        0x6 border-router.co
                0x000046b4                httpd_simple_get_script
 .text.request_prefix
                0x000046ba       0x1e border-router.co
                0x000046ba                request_prefix
 .text.process_thread_border_router_process
                0x000046d8      0x120 border-router.co
 .text.set_prefix_64
                0x000047f8       0x5e border-router.co
                0x000047f8                set_prefix_64
 .text.init     0x00004856       0x1e obj_sky/slip-bridge.o
 .text.slip_input_callback
                0x00004874       0xe0 obj_sky/slip-bridge.o
 .text.output   0x00004954       0x48 obj_sky/slip-bridge.o
 .text.putchar  0x0000499c       0x3c obj_sky/slip-bridge.o
                0x0000499c                putchar
 .text.handle_input
                0x000049d8       0xf2 obj_sky/httpd-simple.o
 .text.send_headers
                0x00004aca       0x6a obj_sky/httpd-simple.o
 .text.handle_output
                0x00004b34       0xf4 obj_sky/httpd-simple.o
 .text.httpd_appcall
                0x00004c28       0xd0 obj_sky/httpd-simple.o
                0x00004c28                httpd_appcall
 .text.httpd_init
                0x00004cf8       0x12 obj_sky/httpd-simple.o
                0x00004cf8                httpd_init
 .text.start_network_layer
                0x00004d0a       0xa2 obj_sky/contiki-sky-main.o
 .text.init_platform
                0x00004dac        0xc contiki-sky.a(contiki-sky-pla)
                0x00004dac                init_platform
 .text.status   0x00004db8       0x18 contiki-sky.a(button-sensor.o)
 .text.value    0x00004dd0       0x20 contiki-sky.a(button-sensor.o)
 .text.configure
                0x00004df0       0x4c contiki-sky.a(button-sensor.o)
 .text.irq_p2   0x00004e3c       0x88 contiki-sky.a(button-sensor.o)
                0x00004e3c                irq_p2
                0x00004e3c                __isr_1
 .text.owreadb  0x00004ec4       0x50 contiki-sky.a(ds2411.o)
 .text.ds2411_init
                0x00004f14      0x120 contiki-sky.a(ds2411.o)
                0x00004f14                ds2411_init
 .text.wait_ready
                0x00005034       0x4a contiki-sky.a(xmem.o)
 .text.xmem_init
                0x0000507e       0x3c contiki-sky.a(xmem.o)
                0x0000507e                xmem_init
 .text.xmem_pread
                0x000050ba       0xe0 contiki-sky.a(xmem.o)
                0x000050ba                xmem_pread
 .text.node_id_restore
                0x0000519a       0x38 contiki-sky.a(node-id.o)
                0x0000519a                node_id_restore
 .text.process_thread_sensors_process
                0x000051d2       0xc2 contiki-sky.a(sensors.o)
 .text.sensors_changed
                0x00005294       0x2a contiki-sky.a(sensors.o)
                0x00005294                sensors_changed
 .text.get_object
                0x000052be        0x4 contiki-sky.a(cc2420.o)
 .text.set_object
                0x000052c2        0x4 contiki-sky.a(cc2420.o)
 .text.strobe   0x000052c6       0x1c contiki-sky.a(cc2420.o)
 .text.getreg   0x000052e2       0x4c contiki-sky.a(cc2420.o)
 .text.setreg   0x0000532e       0x4c contiki-sky.a(cc2420.o)
 .text.write_ram
                0x0000537a       0x7c contiki-sky.a(cc2420.o)
 .text.write_fifo_buf
                0x000053f6       0x3c contiki-sky.a(cc2420.o)
 .text.get_status
                0x00005432       0x20 contiki-sky.a(cc2420.o)
 .text.set_txpower
                0x00005452       0x24 contiki-sky.a(cc2420.o)
 .text.cc2420_receiving_packet
                0x00005476        0xc contiki-sky.a(cc2420.o)
 .text.pending_packet
                0x00005482        0x8 contiki-sky.a(cc2420.o)
 .text.on       0x0000548a       0x1e contiki-sky.a(cc2420.o)
 .text.wait_for_transmission
                0x000054a8       0x22 contiki-sky.a(cc2420.o)
 .text.wait_for_status
                0x000054ca       0x28 contiki-sky.a(cc2420.o)
 .text.getrxdata
                0x000054f2       0x50 contiki-sky.a(cc2420.o)
 .text.flushrx  0x00005542       0x1a contiki-sky.a(cc2420.o)
 .text.off      0x0000555c       0x56 contiki-sky.a(cc2420.o)
 .text.RELEASE_LOCK
                0x000055b2       0x28 contiki-sky.a(cc2420.o)
 .text.set_key  0x000055da       0x18 contiki-sky.a(cc2420.o)
 .text.cc2420_prepare
                0x000055f2       0x3c contiki-sky.a(cc2420.o)
 .text.cc2420_on
                0x0000562e       0x22 contiki-sky.a(cc2420.o)
                0x0000562e                cc2420_on
 .text.cc2420_off
                0x00005650       0x30 contiki-sky.a(cc2420.o)
                0x00005650                cc2420_off
 .text.cc2420_cca
                0x00005680       0x68 contiki-sky.a(cc2420.o)
 .text.cc2420_read
                0x000056e8       0xac contiki-sky.a(cc2420.o)
 .text.process_thread_cc2420_process
                0x00005794       0x54 contiki-sky.a(cc2420.o)
 .text.encrypt  0x000057e8       0x88 contiki-sky.a(cc2420.o)
 .text.cc2420_set_channel
                0x00005870       0x3c contiki-sky.a(cc2420.o)
                0x00005870                cc2420_set_channel
 .text.cc2420_set_pan_addr
                0x000058ac       0x4c contiki-sky.a(cc2420.o)
                0x000058ac                cc2420_set_pan_addr
 .text.cc2420_interrupt
                0x000058f8       0x16 contiki-sky.a(cc2420.o)
                0x000058f8                cc2420_interrupt
 .text.cc2420_set_txpower
                0x0000590e        0xe contiki-sky.a(cc2420.o)
                0x0000590e                cc2420_set_txpower
 .text.cc2420_get_txpower
                0x0000591c       0x1e contiki-sky.a(cc2420.o)
                0x0000591c                cc2420_get_txpower
 .text.cc2420_transmit
                0x0000593a      0x110 contiki-sky.a(cc2420.o)
 .text.cc2420_send
                0x00005a4a       0x12 contiki-sky.a(cc2420.o)
 .text.cc2420_rssi
                0x00005a5c       0x4c contiki-sky.a(cc2420.o)
                0x00005a5c                cc2420_rssi
 .text.get_value
                0x00005aa8       0xa8 contiki-sky.a(cc2420.o)
 .text.cc2420_set_cca_threshold
                0x00005b50       0x16 contiki-sky.a(cc2420.o)
                0x00005b50                cc2420_set_cca_threshold
 .text.set_value
                0x00005b66       0x86 contiki-sky.a(cc2420.o)
 .text.cc2420_init
                0x00005bec       0xd8 contiki-sky.a(cc2420.o)
                0x00005bec                cc2420_init
 .text.cc2420_port1_interrupt
                0x00005cc4       0x62 contiki-sky.a(cc2420-arch.o)
                0x00005cc4                __isr_4
                0x00005cc4                cc2420_port1_interrupt
 .text.cc2420_arch_init
                0x00005d26       0x1a contiki-sky.a(cc2420-arch.o)
                0x00005d26                cc2420_arch_init
 .text.handle_rxdma_timer
                0x00005d40       0x3a contiki-sky.a(uart1.o)
 .text.uart1_active
                0x00005d7a       0x18 contiki-sky.a(uart1.o)
                0x00005d7a                uart1_active
 .text.uart1_set_input
                0x00005d92       0x20 contiki-sky.a(uart1.o)
                0x00005d92                uart1_set_input
 .text.uart1_writeb
                0x00005db2       0x18 contiki-sky.a(uart1.o)
                0x00005db2                uart1_writeb
 .text.uart1_init
                0x00005dca       0xf4 contiki-sky.a(uart1.o)
                0x00005dca                uart1_init
 .text.slip_arch_writeb
                0x00005ebe        0x6 contiki-sky.a(slip_uart1.o)
                0x00005ebe                slip_arch_writeb
 .text.slip_arch_init
                0x00005ec4        0xa contiki-sky.a(slip_uart1.o)
                0x00005ec4                slip_arch_init
 .text.process_thread_slip_process
                0x00005ece      0x162 contiki-sky.a(slip.o)
 .text.slip_set_input_callback
                0x00006030        0x6 contiki-sky.a(slip.o)
                0x00006030                slip_set_input_callback
 .text.slip_send
                0x00006036       0x5e contiki-sky.a(slip.o)
                0x00006036                slip_send
 .text.slip_input_byte
                0x00006094       0xbc contiki-sky.a(slip.o)
                0x00006094                slip_input_byte
 .text.msp430_init_dco
                0x00006150       0x82 contiki-sky.a(msp430.o)
                0x00006150                msp430_init_dco
 .text.msp430_add_lpm_req
                0x000061d2        0xc contiki-sky.a(msp430.o)
                0x000061d2                msp430_add_lpm_req
 .text.msp430_cpu_init
                0x000061de       0x2a contiki-sky.a(msp430.o)
                0x000061de                msp430_cpu_init
 .text.splhigh_
                0x00006208        0x8 contiki-sky.a(msp430.o)
                0x00006208                splhigh_
 .text.msp430_sync_dco
                0x00006210       0x6c contiki-sky.a(msp430.o)
                0x00006210                msp430_sync_dco
 .text.timera1  0x0000627c      0x11e contiki-sky.a(clock.o)
                0x0000627c                __isr_5
                0x0000627c                timera1
 .text.clock_time
                0x0000639a       0x1a contiki-sky.a(clock.o)
                0x0000639a                clock_time
 .text.clock_init
                0x000063b4       0x28 contiki-sky.a(clock.o)
                0x000063b4                clock_init
 .text.clock_delay
                0x000063dc        0xc contiki-sky.a(clock.o)
                0x000063dc                clock_delay
 .text.clock_seconds
                0x000063e8       0x1a contiki-sky.a(clock.o)
                0x000063e8                clock_seconds
 .text.show_leds
                0x00006402       0xf0 contiki-sky.a(leds.o)
 .text.leds_init
                0x000064f2        0xa contiki-sky.a(leds.o)
                0x000064f2                leds_init
 .text.leds_on  0x000064fc        0xa contiki-sky.a(leds.o)
                0x000064fc                leds_on
 .text.leds_off
                0x00006506        0xe contiki-sky.a(leds.o)
                0x00006506                leds_off
 .text.leds_arch_init
                0x00006514        0xe contiki-sky.a(leds-arch.o)
                0x00006514                leds_arch_init
 .text.leds_arch_set
                0x00006522       0x38 contiki-sky.a(leds-arch.o)
                0x00006522                leds_arch_set
 .text.watchdog_interrupt
                0x0000655a        0x6 contiki-sky.a(watchdog.o)
                0x0000655a                __isr_10
                0x0000655a                watchdog_interrupt
 .text.watchdog_start
                0x00006560       0x14 contiki-sky.a(watchdog.o)
                0x00006560                watchdog_start
 .text.watchdog_periodic
                0x00006574       0x12 contiki-sky.a(watchdog.o)
                0x00006574                watchdog_periodic
 .text.watchdog_stop
                0x00006586       0x16 contiki-sky.a(watchdog.o)
                0x00006586                watchdog_stop
 .text.watchdog_init
                0x0000659c       0x12 contiki-sky.a(watchdog.o)
                0x0000659c                watchdog_init
 .text.rtimer_arch_init
                0x000065ae        0xe contiki-sky.a(rtimer-arch.o)
                0x000065ae                rtimer_arch_init
 .text.rtimer_arch_now
                0x000065bc        0xe contiki-sky.a(rtimer-arch.o)
                0x000065bc                rtimer_arch_now
 .text.timera0  0x000065ca       0x70 contiki-sky.a(rtimer-arch.o)
                0x000065ca                __isr_6
                0x000065ca                timera0
 .text.rtimer_arch_schedule
                0x0000663a        0x6 contiki-sky.a(rtimer-arch.o)
                0x0000663a                rtimer_arch_schedule
 .text.autostart_start
                0x00006640       0x16 contiki-sky.a(autostart.o)
                0x00006640                autostart_start
 .text.process_thread_ctimer_process
                0x00006656       0xa8 contiki-sky.a(ctimer.o)
 .text.ctimer_init
                0x000066fe       0x18 contiki-sky.a(ctimer.o)
                0x000066fe                ctimer_init
 .text.ctimer_set
                0x00006716       0x50 contiki-sky.a(ctimer.o)
                0x00006716                ctimer_set
 .text.ctimer_reset
                0x00006766       0x30 contiki-sky.a(ctimer.o)
                0x00006766                ctimer_reset
 .text.ctimer_stop
                0x00006796       0x28 contiki-sky.a(ctimer.o)
                0x00006796                ctimer_stop
 .text.energest_init
                0x000067be       0x26 contiki-sky.a(energest.o)
                0x000067be                energest_init
 .text.energest_type_time
                0x000067e4       0x48 contiki-sky.a(energest.o)
                0x000067e4                energest_type_time
 .text.energest_type_set
                0x0000682c        0xe contiki-sky.a(energest.o)
                0x0000682c                energest_type_set
 .text.energest_flush
                0x0000683a       0x48 contiki-sky.a(energest.o)
                0x0000683a                energest_flush
 .text.update_time
                0x00006882       0x78 contiki-sky.a(etimer.o)
 .text.etimer_request_poll
                0x000068fa        0xa contiki-sky.a(etimer.o)
                0x000068fa                etimer_request_poll
 .text.process_thread_etimer_process
                0x00006904       0xcc contiki-sky.a(etimer.o)
 .text.add_timer
                0x000069d0       0x40 contiki-sky.a(etimer.o)
 .text.etimer_set
                0x00006a10       0x12 contiki-sky.a(etimer.o)
                0x00006a10                etimer_set
 .text.etimer_reset
                0x00006a22       0x12 contiki-sky.a(etimer.o)
                0x00006a22                etimer_reset
 .text.etimer_restart
                0x00006a34       0x12 contiki-sky.a(etimer.o)
                0x00006a34                etimer_restart
 .text.etimer_expired
                0x00006a46        0xe contiki-sky.a(etimer.o)
                0x00006a46                etimer_expired
 .text.etimer_expiration_time
                0x00006a54       0x14 contiki-sky.a(etimer.o)
                0x00006a54                etimer_expiration_time
 .text.etimer_pending
                0x00006a68        0xc contiki-sky.a(etimer.o)
                0x00006a68                etimer_pending
 .text.etimer_next_expiration_time
                0x00006a74       0x16 contiki-sky.a(etimer.o)
                0x00006a74                etimer_next_expiration_time
 .text.etimer_stop
                0x00006a8a       0x3e contiki-sky.a(etimer.o)
                0x00006a8a                etimer_stop
 .text.call_process
                0x00006ac8       0x46 contiki-sky.a(process.o)
 .text.exit_process
                0x00006b0e       0x96 contiki-sky.a(process.o)
 .text.do_poll  0x00006ba4       0x30 contiki-sky.a(process.o)
 .text.process_alloc_event
                0x00006bd4        0xe contiki-sky.a(process.o)
                0x00006bd4                process_alloc_event
 .text.process_init
                0x00006be2       0x1c contiki-sky.a(process.o)
                0x00006be2                process_init
 .text.process_run
                0x00006bfe       0xa2 contiki-sky.a(process.o)
                0x00006bfe                process_run
 .text.process_nevents
                0x00006ca0        0xe contiki-sky.a(process.o)
                0x00006ca0                process_nevents
 .text.process_post
                0x00006cae       0x54 contiki-sky.a(process.o)
                0x00006cae                process_post
 .text.process_post_synch
                0x00006d02       0x12 contiki-sky.a(process.o)
                0x00006d02                process_post_synch
 .text.process_start
                0x00006d14       0x36 contiki-sky.a(process.o)
                0x00006d14                process_start
 .text.process_poll
                0x00006d4a       0x18 contiki-sky.a(process.o)
                0x00006d4a                process_poll
 .text.rtimer_init
                0x00006d62        0x6 contiki-sky.a(rtimer.o)
                0x00006d62                rtimer_init
 .text.rtimer_set
                0x00006d68       0x24 contiki-sky.a(rtimer.o)
                0x00006d68                rtimer_set
 .text.rtimer_run_next
                0x00006d8c       0x26 contiki-sky.a(rtimer.o)
                0x00006d8c                rtimer_run_next
 .text.timer_set
                0x00006db2       0x1c contiki-sky.a(timer.o)
                0x00006db2                timer_set
 .text.timer_reset
                0x00006dce        0xe contiki-sky.a(timer.o)
                0x00006dce                timer_reset
 .text.timer_restart
                0x00006ddc       0x14 contiki-sky.a(timer.o)
                0x00006ddc                timer_restart
 .text.timer_expired
                0x00006df0       0x2a contiki-sky.a(timer.o)
                0x00006df0                timer_expired
 .text.list_init
                0x00006e1a        0x6 contiki-sky.a(list.o)
                0x00006e1a                list_init
 .text.list_head
                0x00006e20        0x4 contiki-sky.a(list.o)
                0x00006e20                list_head
 .text.list_tail
                0x00006e24       0x12 contiki-sky.a(list.o)
                0x00006e24                list_tail
 .text.list_remove
                0x00006e36       0x34 contiki-sky.a(list.o)
                0x00006e36                list_remove
 .text.list_push
                0x00006e6a       0x1a contiki-sky.a(list.o)
                0x00006e6a                list_push
 .text.list_add
                0x00006e84       0x2a contiki-sky.a(list.o)
                0x00006e84                list_add
 .text.list_length
                0x00006eae       0x10 contiki-sky.a(list.o)
                0x00006eae                list_length
 .text.list_item_next
                0x00006ebe        0xc contiki-sky.a(list.o)
                0x00006ebe                list_item_next
 .text.memb_init
                0x00006eca       0x36 contiki-sky.a(memb.o)
                0x00006eca                memb_init
 .text.memb_alloc
                0x00006f00       0x3e contiki-sky.a(memb.o)
                0x00006f00                memb_alloc
 .text.memb_free
                0x00006f3e       0x3a contiki-sky.a(memb.o)
                0x00006f3e                memb_free
 .text.memb_inmemb
                0x00006f78       0x2a contiki-sky.a(memb.o)
                0x00006f78                memb_inmemb
 .text.memb_numfree
                0x00006fa2       0x26 contiki-sky.a(memb.o)
                0x00006fa2                memb_numfree
 .text.random_init
                0x00006fc8        0x6 contiki-sky.a(random.o)
                0x00006fc8                random_init
 .text.random_rand
                0x00006fce        0x6 contiki-sky.a(random.o)
                0x00006fce                random_rand
 .text.set_packet_attrs
                0x00006fd4       0x46 contiki-sky.a(sicslowpan.o)
 .text.addr_context_lookup_by_number
                0x0000701a       0x32 contiki-sky.a(sicslowpan.o)
 .text.compress_addr_64
                0x0000704c       0xae contiki-sky.a(sicslowpan.o)
 .text.uncompress_addr
                0x000070fa       0xb4 contiki-sky.a(sicslowpan.o)
 .text.input    0x000071ae      0x64e contiki-sky.a(sicslowpan.o)
 .text.sicslowpan_init
                0x000077fc       0x26 contiki-sky.a(sicslowpan.o)
                0x000077fc                sicslowpan_init
 .text.addr_context_lookup_by_prefix
                0x00007822       0x4c contiki-sky.a(sicslowpan.o)
 .text.packet_sent
                0x0000786e       0x22 contiki-sky.a(sicslowpan.o)
 .text.send_packet
                0x00007890       0x1a contiki-sky.a(sicslowpan.o)
 .text.output   0x000078aa      0x6c6 contiki-sky.a(sicslowpan.o)
 .text.chksum   0x00007f70       0x32 contiki-sky.a(uip6.o)
 .text.upper_layer_chksum
                0x00007fa2       0x56 contiki-sky.a(uip6.o)
 .text.ext_hdr_options_process
                0x00007ff8       0xd0 contiki-sky.a(uip6.o)
 .text.uip_add32
                0x000080c8       0x68 contiki-sky.a(uip6.o)
                0x000080c8                uip_add32
 .text.uip_add_rcv_nxt
                0x00008130       0x2e contiki-sky.a(uip6.o)
 .text.uip_icmp6chksum
                0x0000815e        0xa contiki-sky.a(uip6.o)
                0x0000815e                uip_icmp6chksum
 .text.uip_tcpchksum
                0x00008168        0xa contiki-sky.a(uip6.o)
                0x00008168                uip_tcpchksum
 .text.uip_udpchksum
                0x00008172        0xa contiki-sky.a(uip6.o)
                0x00008172                uip_udpchksum
 .text.uip_init
                0x0000817c       0x7a contiki-sky.a(uip6.o)
                0x0000817c                uip_init
 .text.remove_ext_hdr
                0x000081f6       0x58 contiki-sky.a(uip6.o)
                0x000081f6                remove_ext_hdr
 .text.uip_unlisten
                0x0000824e       0x2a contiki-sky.a(uip6.o)
                0x0000824e                uip_unlisten
 .text.uip_listen
                0x00008278       0x2c contiki-sky.a(uip6.o)
                0x00008278                uip_listen
 .text.uip_process
                0x000082a4      0xe8e contiki-sky.a(uip6.o)
                0x000082a4                uip_process
 .text.uip_htonl
                0x00009132       0x2e contiki-sky.a(uip6.o)
                0x00009132                uip_htonl
 .text.uip_send
                0x00009160       0x48 contiki-sky.a(uip6.o)
                0x00009160                uip_send
 .text.uip_ds6_list_loop
                0x000091a8       0x86 contiki-sky.a(uip-ds6.o)
                0x000091a8                uip_ds6_list_loop
 .text.uip_ds6_prefix_add
                0x0000922e       0x80 contiki-sky.a(uip-ds6.o)
                0x0000922e                uip_ds6_prefix_add
 .text.uip_ds6_is_addr_onlink
                0x000092ae       0x54 contiki-sky.a(uip-ds6.o)
                0x000092ae                uip_ds6_is_addr_onlink
 .text.uip_ds6_addr_lookup
                0x00009302       0x2a contiki-sky.a(uip-ds6.o)
                0x00009302                uip_ds6_addr_lookup
 .text.uip_ds6_get_link_local
                0x0000932c       0x3e contiki-sky.a(uip-ds6.o)
                0x0000932c                uip_ds6_get_link_local
 .text.uip_ds6_maddr_add
                0x0000936a       0x4c contiki-sky.a(uip-ds6.o)
                0x0000936a                uip_ds6_maddr_add
 .text.uip_ds6_addr_add
                0x000093b6       0xc4 contiki-sky.a(uip-ds6.o)
                0x000093b6                uip_ds6_addr_add
 .text.uip_ds6_maddr_rm
                0x0000947a        0xa contiki-sky.a(uip-ds6.o)
                0x0000947a                uip_ds6_maddr_rm
 .text.uip_ds6_maddr_lookup
                0x00009484       0x2a contiki-sky.a(uip-ds6.o)
                0x00009484                uip_ds6_maddr_lookup
 .text.uip_ds6_addr_rm
                0x000094ae       0x54 contiki-sky.a(uip-ds6.o)
                0x000094ae                uip_ds6_addr_rm
 .text.uip_ds6_periodic
                0x00009502       0x4a contiki-sky.a(uip-ds6.o)
                0x00009502                uip_ds6_periodic
 .text.uip_ds6_set_addr_iid
                0x0000954c       0x14 contiki-sky.a(uip-ds6.o)
                0x0000954c                uip_ds6_set_addr_iid
 .text.get_match_length
                0x00009560       0x44 contiki-sky.a(uip-ds6.o)
                0x00009560                get_match_length
 .text.uip_ds6_select_src
                0x000095a4       0xaa contiki-sky.a(uip-ds6.o)
                0x000095a4                uip_ds6_select_src
 .text.uip_ds6_compute_reachable_time
                0x0000964e       0x3e contiki-sky.a(uip-ds6.o)
                0x0000964e                uip_ds6_compute_reachable_time
 .text.uip_ds6_init
                0x0000968c      0x154 contiki-sky.a(uip-ds6.o)
                0x0000968c                uip_ds6_init
 .text.uip_ds6_nbr_rm
                0x000097e0       0x1a contiki-sky.a(uip-ds6-nbr.o)
                0x000097e0                uip_ds6_nbr_rm
 .text.uip_ds6_neighbors_init
                0x000097fa        0xe contiki-sky.a(uip-ds6-nbr.o)
                0x000097fa                uip_ds6_neighbors_init
 .text.uip_ds6_nbr_add
                0x00009808       0x60 contiki-sky.a(uip-ds6-nbr.o)
                0x00009808                uip_ds6_nbr_add
 .text.uip_ds6_nbr_get_ll
                0x00009868        0xc contiki-sky.a(uip-ds6-nbr.o)
                0x00009868                uip_ds6_nbr_get_ll
 .text.uip_ds6_nbr_lookup
                0x00009874       0x42 contiki-sky.a(uip-ds6-nbr.o)
                0x00009874                uip_ds6_nbr_lookup
 .text.uip_ds6_nbr_ll_lookup
                0x000098b6        0xc contiki-sky.a(uip-ds6-nbr.o)
                0x000098b6                uip_ds6_nbr_ll_lookup
 .text.uip_ds6_nbr_ipaddr_from_lladdr
                0x000098c2        0x6 contiki-sky.a(uip-ds6-nbr.o)
                0x000098c2                uip_ds6_nbr_ipaddr_from_lladdr
 .text.uip_ds6_nbr_lladdr_from_ipaddr
                0x000098c8       0x12 contiki-sky.a(uip-ds6-nbr.o)
                0x000098c8                uip_ds6_nbr_lladdr_from_ipaddr
 .text.uip_ds6_link_neighbor_callback
                0x000098da       0x2a contiki-sky.a(uip-ds6-nbr.o)
                0x000098da                uip_ds6_link_neighbor_callback
 .text.uip_ds6_neighbor_periodic
                0x00009904       0x60 contiki-sky.a(uip-ds6-nbr.o)
                0x00009904                uip_ds6_neighbor_periodic
 .text.call_route_callback
                0x00009964       0x4c contiki-sky.a(uip-ds6-route.o)
 .text.uip_ds6_route_init
                0x000099b0       0x36 contiki-sky.a(uip-ds6-route.o)
                0x000099b0                uip_ds6_route_init
 .text.uip_ds6_route_nexthop
                0x000099e6       0x1a contiki-sky.a(uip-ds6-route.o)
                0x000099e6                uip_ds6_route_nexthop
 .text.uip_ds6_route_head
                0x00009a00        0xa contiki-sky.a(uip-ds6-route.o)
                0x00009a00                uip_ds6_route_head
 .text.uip_ds6_route_next
                0x00009a0a        0xe contiki-sky.a(uip-ds6-route.o)
                0x00009a0a                uip_ds6_route_next
 .text.uip_ds6_route_lookup
                0x00009a18       0x8c contiki-sky.a(uip-ds6-route.o)
                0x00009a18                uip_ds6_route_lookup
 .text.uip_ds6_route_rm
                0x00009aa4       0xa6 contiki-sky.a(uip-ds6-route.o)
                0x00009aa4                uip_ds6_route_rm
 .text.rm_routelist
                0x00009b4a       0x34 contiki-sky.a(uip-ds6-route.o)
 .text.rm_routelist_callback
                0x00009b7e        0x6 contiki-sky.a(uip-ds6-route.o)
 .text.uip_ds6_route_add
                0x00009b84      0x10c contiki-sky.a(uip-ds6-route.o)
                0x00009b84                uip_ds6_route_add
 .text.uip_ds6_defrt_rm
                0x00009c90       0x48 contiki-sky.a(uip-ds6-route.o)
                0x00009c90                uip_ds6_defrt_rm
 .text.uip_ds6_defrt_lookup
                0x00009cd8       0x36 contiki-sky.a(uip-ds6-route.o)
                0x00009cd8                uip_ds6_defrt_lookup
 .text.uip_ds6_defrt_add
                0x00009d0e       0x74 contiki-sky.a(uip-ds6-route.o)
                0x00009d0e                uip_ds6_defrt_add
 .text.uip_ds6_defrt_choose
                0x00009d82       0x3a contiki-sky.a(uip-ds6-route.o)
                0x00009d82                uip_ds6_defrt_choose
 .text.uip_ds6_defrt_periodic
                0x00009dbc       0x38 contiki-sky.a(uip-ds6-route.o)
                0x00009dbc                uip_ds6_defrt_periodic
 .text.echo_reply_input
                0x00009df4      0x110 contiki-sky.a(uip-icmp6.o)
 .text.echo_request_input
                0x00009f04      0x12c contiki-sky.a(uip-icmp6.o)
 .text.uip_icmp6_input
                0x0000a030       0x48 contiki-sky.a(uip-icmp6.o)
                0x0000a030                uip_icmp6_input
 .text.uip_icmp6_register_input_handler
                0x0000a078        0xc contiki-sky.a(uip-icmp6.o)
                0x0000a078                uip_icmp6_register_input_handler
 .text.uip_icmp6_error_output
                0x0000a084      0x17e contiki-sky.a(uip-icmp6.o)
                0x0000a084                uip_icmp6_error_output
 .text.uip_icmp6_send
                0x0000a202       0x94 contiki-sky.a(uip-icmp6.o)
                0x0000a202                uip_icmp6_send
 .text.uip_icmp6_init
                0x0000a296       0x12 contiki-sky.a(uip-icmp6.o)
                0x0000a296                uip_icmp6_init
 .text.uip_nd6_init
                0x0000a2a8        0x2 contiki-sky.a(uip-nd6.o)
                0x0000a2a8                uip_nd6_init
 .text.psock_send
                0x0000a2aa       0xae contiki-sky.a(psock.o)
                0x0000a2aa                psock_send
 .text.psock_datalen
                0x0000a358        0xc contiki-sky.a(psock.o)
                0x0000a358                psock_datalen
 .text.psock_newdata
                0x0000a364       0x26 contiki-sky.a(psock.o)
                0x0000a364                psock_newdata
 .text.psock_readto
                0x0000a38a       0xbc contiki-sky.a(psock.o)
                0x0000a38a                psock_readto
 .text.psock_init
                0x0000a446       0x22 contiki-sky.a(psock.o)
                0x0000a446                psock_init
 .text.start_periodic_tcp_timer
                0x0000a468       0x16 contiki-sky.a(tcpip.o)
 .text.tcpip_output
                0x0000a47e       0x10 contiki-sky.a(tcpip.o)
                0x0000a47e                tcpip_output
 .text.tcpip_set_outputfunc
                0x0000a48e        0x6 contiki-sky.a(tcpip.o)
                0x0000a48e                tcpip_set_outputfunc
 .text.tcp_listen
                0x0000a494       0x3a contiki-sky.a(tcpip.o)
                0x0000a494                tcp_listen
 .text.tcp_attach
                0x0000a4ce        0xc contiki-sky.a(tcpip.o)
                0x0000a4ce                tcp_attach
 .text.tcpip_input
                0x0000a4da       0x16 contiki-sky.a(tcpip.o)
                0x0000a4da                tcpip_input
 .text.tcpip_ipv6_output
                0x0000a4f0       0xea contiki-sky.a(tcpip.o)
                0x0000a4f0                tcpip_ipv6_output
 .text.process_thread_tcpip_process
                0x0000a5da      0x1d8 contiki-sky.a(tcpip.o)
 .text.tcpip_uipcall
                0x0000a7b2       0x70 contiki-sky.a(tcpip.o)
                0x0000a7b2                tcpip_uipcall
 .text.uip_debug_ipaddr_print
                0x0000a822       0x7e contiki-sky.a(uip-debug.o)
                0x0000a822                uip_debug_ipaddr_print
 .text.rpl_get_mode
                0x0000a8a0        0x6 contiki-sky.a(rpl.o)
                0x0000a8a0                rpl_get_mode
 .text.rpl_purge_routes
                0x0000a8a6       0x96 contiki-sky.a(rpl.o)
                0x0000a8a6                rpl_purge_routes
 .text.rpl_remove_routes
                0x0000a93c       0x22 contiki-sky.a(rpl.o)
                0x0000a93c                rpl_remove_routes
 .text.rpl_remove_routes_by_nexthop
                0x0000a95e       0x46 contiki-sky.a(rpl.o)
                0x0000a95e                rpl_remove_routes_by_nexthop
 .text.rpl_add_route
                0x0000a9a4       0x48 contiki-sky.a(rpl.o)
                0x0000a9a4                rpl_add_route
 .text.rpl_link_neighbor_callback
                0x0000a9ec       0x7c contiki-sky.a(rpl.o)
                0x0000a9ec                rpl_link_neighbor_callback
 .text.rpl_ipv6_neighbor_callback
                0x0000aa68       0x1e contiki-sky.a(rpl.o)
                0x0000aa68                rpl_ipv6_neighbor_callback
 .text.rpl_init
                0x0000aa86       0x4a contiki-sky.a(rpl.o)
                0x0000aa86                rpl_init
 .text.lollipop_greater_than
                0x0000aad0       0x3c contiki-sky.a(rpl-dag.o)
 .text.find_parent_any_dag_any_instance
                0x0000ab0c       0x14 contiki-sky.a(rpl-dag.o)
 .text.rpl_set_preferred_parent
                0x0000ab20       0x30 contiki-sky.a(rpl-dag.o)
 .text.set_ip_from_prefix
                0x0000ab50       0x38 contiki-sky.a(rpl-dag.o)
 .text.check_prefix
                0x0000ab88       0x80 contiki-sky.a(rpl-dag.o)
 .text.rpl_get_nbr
                0x0000ac08       0x1e contiki-sky.a(rpl-dag.o)
                0x0000ac08                rpl_get_nbr
 .text.rpl_dag_init
                0x0000ac26        0xe contiki-sky.a(rpl-dag.o)
                0x0000ac26                rpl_dag_init
 .text.rpl_get_parent
                0x0000ac34        0xc contiki-sky.a(rpl-dag.o)
                0x0000ac34                rpl_get_parent
 .text.rpl_get_parent_ipaddr
                0x0000ac40       0x10 contiki-sky.a(rpl-dag.o)
                0x0000ac40                rpl_get_parent_ipaddr
 .text.rpl_set_prefix
                0x0000ac50       0x8e contiki-sky.a(rpl-dag.o)
                0x0000ac50                rpl_set_prefix
 .text.rpl_set_default_route
                0x0000acde       0x64 contiki-sky.a(rpl-dag.o)
                0x0000acde                rpl_set_default_route
 .text.rpl_alloc_instance
                0x0000ad42       0x34 contiki-sky.a(rpl-dag.o)
                0x0000ad42                rpl_alloc_instance
 .text.rpl_add_parent
                0x0000ad76       0x56 contiki-sky.a(rpl-dag.o)
                0x0000ad76                rpl_add_parent
 .text.rpl_find_parent
                0x0000adcc       0x1c contiki-sky.a(rpl-dag.o)
                0x0000adcc                rpl_find_parent
 .text.rpl_find_parent_any_dag
                0x0000ade8       0x24 contiki-sky.a(rpl-dag.o)
                0x0000ade8                rpl_find_parent_any_dag
 .text.rpl_select_parent
                0x0000ae0c       0x7e contiki-sky.a(rpl-dag.o)
                0x0000ae0c                rpl_select_parent
 .text.rpl_select_dag
                0x0000ae8a      0x1ae contiki-sky.a(rpl-dag.o)
                0x0000ae8a                rpl_select_dag
 .text.rpl_nullify_parent
                0x0000b038       0x54 contiki-sky.a(rpl-dag.o)
                0x0000b038                rpl_nullify_parent
 .text.rpl_remove_parent
                0x0000b08c       0x16 contiki-sky.a(rpl-dag.o)
                0x0000b08c                rpl_remove_parent
 .text.nbr_callback
                0x0000b0a2        0x6 contiki-sky.a(rpl-dag.o)
 .text.remove_parents.constprop.5
                0x0000b0a8       0x32 contiki-sky.a(rpl-dag.o)
 .text.rpl_free_dag
                0x0000b0da       0x34 contiki-sky.a(rpl-dag.o)
                0x0000b0da                rpl_free_dag
 .text.rpl_move_parent
                0x0000b10e       0x5a contiki-sky.a(rpl-dag.o)
                0x0000b10e                rpl_move_parent
 .text.rpl_get_any_dag
                0x0000b168       0x16 contiki-sky.a(rpl-dag.o)
                0x0000b168                rpl_get_any_dag
 .text.rpl_get_instance
                0x0000b17e       0x16 contiki-sky.a(rpl-dag.o)
                0x0000b17e                rpl_get_instance
 .text.rpl_alloc_dag
                0x0000b194       0x64 contiki-sky.a(rpl-dag.o)
                0x0000b194                rpl_alloc_dag
 .text.rpl_repair_root
                0x0000b1f8       0x4c contiki-sky.a(rpl-dag.o)
                0x0000b1f8                rpl_repair_root
 .text.rpl_set_root
                0x0000b244      0x136 contiki-sky.a(rpl-dag.o)
                0x0000b244                rpl_set_root
 .text.rpl_find_of
                0x0000b37a       0x10 contiki-sky.a(rpl-dag.o)
                0x0000b37a                rpl_find_of
 .text.rpl_join_instance
                0x0000b38a      0x13c contiki-sky.a(rpl-dag.o)
                0x0000b38a                rpl_join_instance
 .text.rpl_local_repair
                0x0000b4c6       0x80 contiki-sky.a(rpl-dag.o)
                0x0000b4c6                rpl_local_repair
 .text.rpl_process_parent_event
                0x0000b546       0x80 contiki-sky.a(rpl-dag.o)
                0x0000b546                rpl_process_parent_event
 .text.rpl_recalculate_ranks
                0x0000b5c6       0x46 contiki-sky.a(rpl-dag.o)
                0x0000b5c6                rpl_recalculate_ranks
 .text.rpl_add_dag
                0x0000b60c      0x112 contiki-sky.a(rpl-dag.o)
                0x0000b60c                rpl_add_dag
 .text.rpl_process_dio
                0x0000b71e      0x2f8 contiki-sky.a(rpl-dag.o)
                0x0000b71e                rpl_process_dio
 .text.rpl_lock_parent
                0x0000ba16        0xc contiki-sky.a(rpl-dag.o)
                0x0000ba16                rpl_lock_parent
 .text.rpl_verify_header
                0x0000ba22       0xb2 contiki-sky.a(rpl-ext-header.)
                0x0000ba22                rpl_verify_header
 .text.rpl_update_header_empty
                0x0000bad4      0x132 contiki-sky.a(rpl-ext-header.)
                0x0000bad4                rpl_update_header_empty
 .text.rpl_update_header_final
                0x0000bc06       0x90 contiki-sky.a(rpl-ext-header.)
                0x0000bc06                rpl_update_header_final
 .text.rpl_invert_header
                0x0000bc96       0x7c contiki-sky.a(rpl-ext-header.)
                0x0000bc96                rpl_invert_header
 .text.rpl_insert_header
                0x0000bd12       0x12 contiki-sky.a(rpl-ext-header.)
                0x0000bd12                rpl_insert_header
 .text.get32    0x0000bd24       0x46 contiki-sky.a(rpl-icmp6.o)
 .text.set32    0x0000bd6a       0x2a contiki-sky.a(rpl-icmp6.o)
 .text.get16    0x0000bd94        0xe contiki-sky.a(rpl-icmp6.o)
 .text.set16    0x0000bda2       0x10 contiki-sky.a(rpl-icmp6.o)
 .text.dao_ack_input
                0x0000bdb2        0x6 contiki-sky.a(rpl-icmp6.o)
 .text.dio_input
                0x0000bdb8      0x2d8 contiki-sky.a(rpl-icmp6.o)
 .text.dis_output
                0x0000c090       0x50 contiki-sky.a(rpl-icmp6.o)
                0x0000c090                dis_output
 .text.dio_output
                0x0000c0e0      0x268 contiki-sky.a(rpl-icmp6.o)
                0x0000c0e0                dio_output
 .text.dis_input
                0x0000c348       0x28 contiki-sky.a(rpl-icmp6.o)
 .text.dao_output_target
                0x0000c370       0xe4 contiki-sky.a(rpl-icmp6.o)
                0x0000c370                dao_output_target
 .text.dao_output
                0x0000c454       0x7e contiki-sky.a(rpl-icmp6.o)
                0x0000c454                dao_output
 .text.dao_ack_output
                0x0000c4d2       0x32 contiki-sky.a(rpl-icmp6.o)
                0x0000c4d2                dao_ack_output
 .text.dao_input
                0x0000c504      0x2ac contiki-sky.a(rpl-icmp6.o)
 .text.rpl_icmp6_register_handlers
                0x0000c7b0       0x22 contiki-sky.a(rpl-icmp6.o)
                0x0000c7b0                rpl_icmp6_register_handlers
 .text.reset    0x0000c7d2        0x2 contiki-sky.a(rpl-mrhof.o)
 .text.update_metric_container
                0x0000c7d4        0x6 contiki-sky.a(rpl-mrhof.o)
 .text.calculate_rank
                0x0000c7da       0x42 contiki-sky.a(rpl-mrhof.o)
 .text.neighbor_link_callback
                0x0000c81c       0x9c contiki-sky.a(rpl-mrhof.o)
 .text.best_dag
                0x0000c8b8       0x2e contiki-sky.a(rpl-mrhof.o)
 .text.best_parent
                0x0000c8e6       0x74 contiki-sky.a(rpl-mrhof.o)
 .text.new_dio_interval
                0x0000c95a       0x92 contiki-sky.a(rpl-timers.o)
 .text.set_dao_lifetime_timer
                0x0000c9ec       0x66 contiki-sky.a(rpl-timers.o)
 .text.handle_periodic_timer
                0x0000ca52       0x2e contiki-sky.a(rpl-timers.o)
 .text.schedule_dao
                0x0000ca80       0x82 contiki-sky.a(rpl-timers.o)
 .text.handle_dio_timer
                0x0000cb02       0x88 contiki-sky.a(rpl-timers.o)
 .text.handle_dao_timer
                0x0000cb8a       0x64 contiki-sky.a(rpl-timers.o)
 .text.rpl_reset_periodic_timer
                0x0000cbee       0x54 contiki-sky.a(rpl-timers.o)
                0x0000cbee                rpl_reset_periodic_timer
 .text.rpl_reset_dio_timer
                0x0000cc42       0x18 contiki-sky.a(rpl-timers.o)
                0x0000cc42                rpl_reset_dio_timer
 .text.rpl_schedule_dao
                0x0000cc5a        0xc contiki-sky.a(rpl-timers.o)
                0x0000cc5a                rpl_schedule_dao
 .text.rpl_schedule_probing
                0x0000cc66       0x3c contiki-sky.a(rpl-timers.o)
                0x0000cc66                rpl_schedule_probing
 .text.handle_probing_timer
                0x0000cca2      0x12a contiki-sky.a(rpl-timers.o)
 .text.input_packet
                0x0000cdcc        0x6 contiki-sky.a(csma.o)
 .text.on       0x0000cdd2        0x6 contiki-sky.a(csma.o)
 .text.off      0x0000cdd8        0x6 contiki-sky.a(csma.o)
 .text.channel_check_interval
                0x0000cdde       0x10 contiki-sky.a(csma.o)
 .text.transmit_packet_list
                0x0000cdee       0x24 contiki-sky.a(csma.o)
 .text.init     0x0000ce12       0x1a contiki-sky.a(csma.o)
 .text.send_packet
                0x0000ce2c      0x17a contiki-sky.a(csma.o)
 .text.free_packet
                0x0000cfa6       0x9c contiki-sky.a(csma.o)
 .text.packet_sent
                0x0000d042      0x132 contiki-sky.a(csma.o)
 .text.create_frame.isra.0
                0x0000d174      0x108 contiki-sky.a(framer-802154.o)
 .text.create   0x0000d27c        0x8 contiki-sky.a(framer-802154.o)
 .text.hdr_length
                0x0000d284        0x8 contiki-sky.a(framer-802154.o)
 .text.parse    0x0000d28c       0xa2 contiki-sky.a(framer-802154.o)
 .text.framer_canonical_create_and_secure
                0x0000d32e       0x20 contiki-sky.a(framer.o)
                0x0000d32e                framer_canonical_create_and_secure
 .text.mac_call_sent_callback
                0x0000d34e       0x14 contiki-sky.a(mac.o)
                0x0000d34e                mac_call_sent_callback
 .text.linkaddr_copy
                0x0000d362        0x8 contiki-sky.a(linkaddr.o)
                0x0000d362                linkaddr_copy
 .text.linkaddr_cmp
                0x0000d36a       0x12 contiki-sky.a(linkaddr.o)
                0x0000d36a                linkaddr_cmp
 .text.linkaddr_set_node_addr
                0x0000d37c        0xc contiki-sky.a(linkaddr.o)
                0x0000d37c                linkaddr_set_node_addr
 .text.item_from_index
                0x0000d388       0x2a contiki-sky.a(nbr-table.o)
 .text.index_from_key
                0x0000d3b2       0x26 contiki-sky.a(nbr-table.o)
 .text.index_from_item
                0x0000d3d8       0x1e contiki-sky.a(nbr-table.o)
 .text.nbr_set_bit
                0x0000d3f6       0x58 contiki-sky.a(nbr-table.o)
 .text.index_from_lladdr
                0x0000d44e       0x42 contiki-sky.a(nbr-table.o)
 .text.nbr_get_bit.constprop.0
                0x0000d490       0x2e contiki-sky.a(nbr-table.o)
 .text.nbr_table_register
                0x0000d4be       0x26 contiki-sky.a(nbr-table.o)
                0x0000d4be                nbr_table_register
 .text.nbr_table_next
                0x0000d4e4       0x54 contiki-sky.a(nbr-table.o)
                0x0000d4e4                nbr_table_next
 .text.nbr_table_head
                0x0000d538       0x3a contiki-sky.a(nbr-table.o)
                0x0000d538                nbr_table_head
 .text.nbr_table_add_lladdr
                0x0000d572      0x128 contiki-sky.a(nbr-table.o)
                0x0000d572                nbr_table_add_lladdr
 .text.nbr_table_get_from_lladdr
                0x0000d69a       0x2c contiki-sky.a(nbr-table.o)
                0x0000d69a                nbr_table_get_from_lladdr
 .text.nbr_table_remove
                0x0000d6c6       0x32 contiki-sky.a(nbr-table.o)
                0x0000d6c6                nbr_table_remove
 .text.nbr_table_lock
                0x0000d6f8       0x10 contiki-sky.a(nbr-table.o)
                0x0000d6f8                nbr_table_lock
 .text.nbr_table_unlock
                0x0000d708       0x10 contiki-sky.a(nbr-table.o)
                0x0000d708                nbr_table_unlock
 .text.nbr_table_get_lladdr
                0x0000d718       0x22 contiki-sky.a(nbr-table.o)
                0x0000d718                nbr_table_get_lladdr
 .text.packetbuf_compact
                0x0000d73a       0x2e contiki-sky.a(packetbuf.o)
                0x0000d73a                packetbuf_compact
 .text.packetbuf_copyto
                0x0000d768       0x52 contiki-sky.a(packetbuf.o)
                0x0000d768                packetbuf_copyto
 .text.packetbuf_hdrreduce
                0x0000d7ba       0x1a contiki-sky.a(packetbuf.o)
                0x0000d7ba                packetbuf_hdrreduce
 .text.packetbuf_set_datalen
                0x0000d7d4        0x6 contiki-sky.a(packetbuf.o)
                0x0000d7d4                packetbuf_set_datalen
 .text.packetbuf_dataptr
                0x0000d7da        0xe contiki-sky.a(packetbuf.o)
                0x0000d7da                packetbuf_dataptr
 .text.packetbuf_hdrptr
                0x0000d7e8        0xa contiki-sky.a(packetbuf.o)
                0x0000d7e8                packetbuf_hdrptr
 .text.packetbuf_datalen
                0x0000d7f2        0x6 contiki-sky.a(packetbuf.o)
                0x0000d7f2                packetbuf_datalen
 .text.packetbuf_hdrlen
                0x0000d7f8       0x10 contiki-sky.a(packetbuf.o)
                0x0000d7f8                packetbuf_hdrlen
 .text.packetbuf_totlen
                0x0000d808        0xc contiki-sky.a(packetbuf.o)
                0x0000d808                packetbuf_totlen
 .text.packetbuf_hdralloc
                0x0000d814       0x2e contiki-sky.a(packetbuf.o)
                0x0000d814                packetbuf_hdralloc
 .text.packetbuf_attr_clear
                0x0000d842       0x28 contiki-sky.a(packetbuf.o)
                0x0000d842                packetbuf_attr_clear
 .text.packetbuf_clear
                0x0000d86a       0x1a contiki-sky.a(packetbuf.o)
                0x0000d86a                packetbuf_clear
 .text.packetbuf_copyfrom
                0x0000d884       0x2e contiki-sky.a(packetbuf.o)
                0x0000d884                packetbuf_copyfrom
 .text.packetbuf_attr_copyto
                0x0000d8b2       0x22 contiki-sky.a(packetbuf.o)
                0x0000d8b2                packetbuf_attr_copyto
 .text.packetbuf_attr_copyfrom
                0x0000d8d4       0x24 contiki-sky.a(packetbuf.o)
                0x0000d8d4                packetbuf_attr_copyfrom
 .text.packetbuf_holds_broadcast
                0x0000d8f8        0xe contiki-sky.a(packetbuf.o)
                0x0000d8f8                packetbuf_holds_broadcast
 .text.queuebuf_init
                0x0000d906       0x12 contiki-sky.a(queuebuf.o)
                0x0000d906                queuebuf_init
 .text.queuebuf_numfree
                0x0000d918        0xa contiki-sky.a(queuebuf.o)
                0x0000d918                queuebuf_numfree
 .text.queuebuf_new_from_packetbuf
                0x0000d922       0x52 contiki-sky.a(queuebuf.o)
                0x0000d922                queuebuf_new_from_packetbuf
 .text.queuebuf_update_attr_from_packetbuf
                0x0000d974       0x12 contiki-sky.a(queuebuf.o)
                0x0000d974                queuebuf_update_attr_from_packetbuf
 .text.queuebuf_update_from_packetbuf
                0x0000d986       0x22 contiki-sky.a(queuebuf.o)
                0x0000d986                queuebuf_update_from_packetbuf
 .text.queuebuf_free
                0x0000d9a8       0x2a contiki-sky.a(queuebuf.o)
                0x0000d9a8                queuebuf_free
 .text.queuebuf_to_packetbuf
                0x0000d9d2       0x32 contiki-sky.a(queuebuf.o)
                0x0000d9d2                queuebuf_to_packetbuf
 .text.queuebuf_attr
                0x0000da04        0xe contiki-sky.a(queuebuf.o)
                0x0000da04                queuebuf_attr
 .text.duty_cycle
                0x0000da12        0x6 contiki-sky.a(contikimac.o)
 .text.init     0x0000da18       0x2a contiki-sky.a(contikimac.o)
 .text.on       0x0000da42       0x1a contiki-sky.a(contikimac.o)
 .text.off      0x0000da5c       0x22 contiki-sky.a(contikimac.o)
 .text.recv_burst_off
                0x0000da7e        0xa contiki-sky.a(contikimac.o)
 .text.turn_off
                0x0000da88       0x20 contiki-sky.a(contikimac.o)
 .text.turn_on  0x0000daa8       0x30 contiki-sky.a(contikimac.o)
 .text.schedule_powercycle_fixed.part.4
                0x0000dad8       0x34 contiki-sky.a(contikimac.o)
 .text.powercycle_turn_radio_off
                0x0000db0c       0x30 contiki-sky.a(contikimac.o)
 .text.input_packet
                0x0000db3c       0xb6 contiki-sky.a(contikimac.o)
 .text.send_packet.isra.7
                0x0000dbf2      0x20c contiki-sky.a(contikimac.o)
 .text.qsend_list
                0x0000ddfe       0xc4 contiki-sky.a(contikimac.o)
 .text.qsend_packet
                0x0000dec2       0x28 contiki-sky.a(contikimac.o)
 .text.powercycle
                0x0000deea      0x1d6 contiki-sky.a(contikimac.o)
 .text.bootstrap
                0x0000e0c0        0x4 contiki-sky.a(nullsec.o)
 .text.send     0x0000e0c4        0xa contiki-sky.a(nullsec.o)
 .text.on_frame_created
                0x0000e0ce        0x4 contiki-sky.a(nullsec.o)
 .text.input    0x0000e0d2        0x6 contiki-sky.a(nullsec.o)
 .text.get_overhead
                0x0000e0d8        0x4 contiki-sky.a(nullsec.o)
 .text.spi_init
                0x0000e0dc       0x30 contiki-sky.a(spi.o)
                0x0000e0dc                spi_init
 .text.compower_accumulate
                0x0000e10c       0x72 contiki-sky.a(compower.o)
                0x0000e10c                compower_accumulate
 .text.compower_clear
                0x0000e17e       0x12 contiki-sky.a(compower.o)
                0x0000e17e                compower_clear
 .text.compower_attrconv
                0x0000e190       0x10 contiki-sky.a(compower.o)
                0x0000e190                compower_attrconv
 .text.stimer_set
                0x0000e1a0       0x1c contiki-sky.a(stimer.o)
                0x0000e1a0                stimer_set
 .text.stimer_expired
                0x0000e1bc       0x30 contiki-sky.a(stimer.o)
                0x0000e1bc                stimer_expired
 .text.field_len
                0x0000e1ec       0x90 contiki-sky.a(frame802154.o)
 .text.frame802154_hdrlen
                0x0000e27c       0x2e contiki-sky.a(frame802154.o)
                0x0000e27c                frame802154_hdrlen
 .text.frame802154_create
                0x0000e2aa      0x146 contiki-sky.a(frame802154.o)
                0x0000e2aa                frame802154_create
 .text.frame802154_parse
                0x0000e3f0      0x1ba contiki-sky.a(frame802154.o)
                0x0000e3f0                frame802154_parse
 .text.mac_sequence_is_duplicate
                0x0000e5aa       0x44 contiki-sky.a(mac-sequence.o)
                0x0000e5aa                mac_sequence_is_duplicate
 .text.mac_sequence_register_seqno
                0x0000e5ee       0x72 contiki-sky.a(mac-sequence.o)
                0x0000e5ee                mac_sequence_register_seqno
 .text.libgcc   0x0000e660       0x2c /usr/local/msp430/bin/../lib/gcc/msp430/4.7.0/mmpy-16/libgcc.a(_mulsi3.o)
                0x0000e660                __mulsi3
 .text.libgcc   0x0000e68c       0x22 /usr/local/msp430/bin/../lib/gcc/msp430/4.7.0/mmpy-16/libgcc.a(_udivmod16.o)
                0x0000e68c                __udivhi3
                0x0000e68c                __ext_udivmod16
                0x0000e6a6                __umodhi3
 .text.libgcc   0x0000e6ae       0x3a /usr/local/msp430/bin/../lib/gcc/msp430/4.7.0/mmpy-16/libgcc.a(_divmod16.o)
                0x0000e6ae                __ext_divmod16
                0x0000e6ae                __divhi3
                0x0000e6e0                __modhi3
 .text.libgcc   0x0000e6e8       0x40 /usr/local/msp430/bin/../lib/gcc/msp430/4.7.0/mmpy-16/libgcc.a(_udivmod32.o)
                0x0000e6e8                __udivsi3
                0x0000e6e8                __ext_udivmod32
                0x0000e71e                __umodsi3
 .text.printf   0x0000e728       0x10 /usr/local/msp430/bin/../lib/gcc/msp430/4.7.0/../../../../msp430/lib/mmpy-16/libc.a(printf.o)
                0x0000e728                printf
 .text.append   0x0000e738       0x22 /usr/local/msp430/bin/../lib/gcc/msp430/4.7.0/../../../../msp430/lib/mmpy-16/libc.a(sprintf.o)
 .text.call_vuprintf
                0x0000e75a       0x3a /usr/local/msp430/bin/../lib/gcc/msp430/4.7.0/../../../../msp430/lib/mmpy-16/libc.a(sprintf.o)
 .text.snprintf
                0x0000e794       0x1a /usr/local/msp430/bin/../lib/gcc/msp430/4.7.0/../../../../msp430/lib/mmpy-16/libc.a(sprintf.o)
                0x0000e794                snprintf
 .text.print_field
                0x0000e7ae      0x194 /usr/local/msp430/bin/../lib/gcc/msp430/4.7.0/../../../../msp430/lib/mmpy-16/libc.a(vuprintf.o)
 .text.vuprintf
                0x0000e942      0x63c /usr/local/msp430/bin/../lib/gcc/msp430/4.7.0/../../../../msp430/lib/mmpy-16/libc.a(vuprintf.o)
                0x0000e942                vuprintf
 .text.puts     0x0000ef7e       0x2c /usr/local/msp430/bin/../lib/gcc/msp430/4.7.0/../../../../msp430/lib/mmpy-16/libc.a(puts.o)
                0x0000ef7e                puts
 .text.rand     0x0000efaa       0x26 /usr/local/msp430/bin/../lib/gcc/msp430/4.7.0/../../../../msp430/lib/mmpy-16/libc.a(rand.o)
                0x0000efaa                rand
 .text.srand    0x0000efd0        0xa /usr/local/msp430/bin/../lib/gcc/msp430/4.7.0/../../../../msp430/lib/mmpy-16/libc.a(rand.o)
                0x0000efd0                srand
 .text.strncmp  0x0000efda       0x2a /usr/local/msp430/bin/../lib/gcc/msp430/4.7.0/../../../../msp430/lib/mmpy-16/libc.a(strncmp.o)
                0x0000efda                strncmp
 .text.memcmp   0x0000f004       0x30 /usr/local/msp430/bin/../lib/gcc/msp430/4.7.0/../../../../msp430/lib/mmpy-16/libc.a(memcmp.o)
                0x0000f004                memcmp
 .text.strcpy   0x0000f034       0x14 /usr/local/msp430/bin/../lib/gcc/msp430/4.7.0/../../../../msp430/lib/mmpy-16/libc.a(strcpy.o)
                0x0000f034                strcpy
 .text.strncpy  0x0000f048       0x2a /usr/local/msp430/bin/../lib/gcc/msp430/4.7.0/../../../../msp430/lib/mmpy-16/libc.a(strncpy.o)
                0x0000f048                strncpy
 .text.memcpy   0x0000f072       0xfa /usr/local/msp430/bin/../lib/gcc/msp430/4.7.0/../../../../msp430/lib/mmpy-16/libc.a(memcpy.o)
                0x0000f072                memcpy
 .text.memmove  0x0000f16c       0xfa /usr/local/msp430/bin/../lib/gcc/msp430/4.7.0/../../../../msp430/lib/mmpy-16/libc.a(memmove.o)
                0x0000f16c                memmove
 .text.memset   0x0000f266       0x6a /usr/local/msp430/bin/../lib/gcc/msp430/4.7.0/../../../../msp430/lib/mmpy-16/libc.a(memset.o)
                0x0000f266                memset
 .text.libgcc   0x0000f2d0       0xf0 /usr/local/msp430/bin/../lib/gcc/msp430/4.7.0/mmpy-16/libgcc.a(_udivmod64.o)
                0x0000f2d0                __xabi_udivmod64
                0x0000f32e                __udivdi3
                0x0000f354                __umoddi3
                0x0000f382                __udivmoddi4
 .text.crt0     0x0000f3c0        0x2 /usr/local/msp430/bin/../lib/gcc/msp430/4.7.0/mmpy-16/libcrt0.a(_unexpected_.o)
                0x0000f3c0                _unexpected_
 *(.near.text .near.text.*)

.rodata         0x0000f3c4      0x54f
                0x0000f3c4                . = ALIGN (0x2)
 *(.rodata .rodata.* .gnu.linkonce.r.*)
 .rodata        0x0000f3c4       0xc8 border-router.co
                0x0000f464                autostart_processes
 .rodata        0x0000f48c       0xa6 obj_sky/slip-bridge.o
                0x0000f52e                rpl_interface
 .rodata        0x0000f532      0x139 obj_sky/httpd-simple.o
                0x0000f58b                http_index_html
                0x0000f597                http_get
                0x0000f59c                http_header_404
                0x0000f5f9                http_header_200
                0x0000f64f                http_content_type_html
 .rodata        0x0000f66b      0x120 obj_sky/contiki-sky-main.o
 *fill*         0x0000f78b        0x1 00
 .rodata        0x0000f78c       0x10 contiki-sky.a(button-sensor.o)
                0x0000f794                button_sensor
 .rodata        0x0000f79c        0x8 contiki-sky.a(sensors.o)
 .rodata.get_value
                0x0000f7a4       0x1c contiki-sky.a(cc2420.o)
 .rodata        0x0000f7c0       0x3e contiki-sky.a(cc2420.o)
                0x0000f7c0                cc2420_aes_128_driver
                0x0000f7c4                cc2420_driver
 .rodata        0x0000f7fe       0x21 contiki-sky.a(slip.o)
 .rodata        0x0000f81f        0xf contiki-sky.a(ctimer.o)
 .rodata        0x0000f82e        0xc contiki-sky.a(etimer.o)
 .rodata        0x0000f83a       0x24 contiki-sky.a(sicslowpan.o)
                0x0000f846                sicslowpan_driver
                0x0000f84c                llprefix
                0x0000f84e                unc_mxconf
                0x0000f852                unc_ctxconf
                0x0000f856                unc_llconf
 *fill*         0x0000f85e        0x2 00
 .rodata.uip_process
                0x0000f860       0x20 contiki-sky.a(uip6.o)
 .rodata        0x0000f880        0xd contiki-sky.a(tcpip.o)
 .rodata        0x0000f88d       0x29 contiki-sky.a(uip-debug.o)
 .rodata        0x0000f8b6       0x14 contiki-sky.a(csma.o)
                0x0000f8bc                csma_driver
 .rodata        0x0000f8ca        0x8 contiki-sky.a(framer-802154.o)
                0x0000f8ca                framer_802154
 .rodata        0x0000f8d2        0x8 contiki-sky.a(linkaddr.o)
                0x0000f8d2                linkaddr_null
 .rodata        0x0000f8da       0x1c contiki-sky.a(contikimac.o)
                0x0000f8e6                contikimac_driver
 .rodata        0x0000f8f6       0x14 contiki-sky.a(nullsec.o)
                0x0000f8fe                nullsec_driver
 .rodata        0x0000f90a        0x2 contiki-sky.a(frame802154.o)
 .rodata.vuprintf
                0x0000f90c        0x7 /usr/local/msp430/bin/../lib/gcc/msp430/4.7.0/../../../../msp430/lib/mmpy-16/libc.a(vuprintf.o)
 *(.near.rodata .near.rodata.*)
                0x0000f914                . = ALIGN (0x2)
                0x0000f914                _etext = .

.data           0x00001100       0xfa load address 0x0000f914
                0x00001100                . = ALIGN (0x2)
                0x00001100                __data_start = .
 *(.data .data.* .gnu.linkonce.d.*)
 .data          0x00001100       0x14 border-router.co
                0x00001100                webserver_nogui_process
                0x0000110a                border_router_process
 .data          0x00001114        0x8 obj_sky/httpd-simple.o
 .data          0x0000111c        0x4 contiki-sky.a(contiki-sky-pla)
                0x0000111c                sensors
 .data          0x00001120        0xa contiki-sky.a(sensors.o)
                0x00001120                sensors_process
 .data          0x0000112a        0xa contiki-sky.a(cc2420.o)
                0x0000112a                cc2420_process
 .data          0x00001134        0xa contiki-sky.a(slip.o)
                0x00001134                slip_process
 .data          0x0000113e        0x2 contiki-sky.a(msp430.o)
 .data          0x00001140        0xa contiki-sky.a(ctimer.o)
                0x00001140                ctimer_process
 .data          0x0000114a        0xa contiki-sky.a(etimer.o)
                0x0000114a                etimer_process
 .data          0x00001154        0xa contiki-sky.a(uip-ds6-nbr.o)
                0x00001154                ds6_neighbors
 .data          0x0000115e       0x20 contiki-sky.a(uip-ds6-route.o)
 .data          0x0000117e        0xc contiki-sky.a(uip-icmp6.o)
 .data          0x0000118a        0xa contiki-sky.a(tcpip.o)
                0x0000118a                tcpip_process
 .data          0x00001194        0xa contiki-sky.a(rpl-dag.o)
                0x00001194                rpl_parents
 .data          0x0000119e       0x1a contiki-sky.a(rpl-icmp6.o)
 .data          0x000011b8        0xe contiki-sky.a(rpl-mrhof.o)
                0x000011b8                rpl_mrhof
 .data          0x000011c6       0x18 contiki-sky.a(csma.o)
 .data          0x000011de        0x8 contiki-sky.a(nbr-table.o)
 .data          0x000011e6       0x10 contiki-sky.a(queuebuf.o)
 .data.next     0x000011f6        0x4 /usr/local/msp430/bin/../lib/gcc/msp430/4.7.0/../../../../msp430/lib/mmpy-16/libc.a(rand.o)
 *(.near.data .near.data.*)
                0x000011fa                . = ALIGN (0x2)
                0x000011fa                _edata = .
                0x0000f914                __data_load_start = LOADADDR (.data)
                0x000000fa                __data_size = SIZEOF (.data)

.bss            0x000011fa     0x1c12 load address 0x0000fa0e
                0x000011fa                __bss_start = .
 *(.bss .bss.*)
 .bss           0x000011fa      0x124 border-router.co
 .bss           0x0000131e       0x12 obj_sky/slip-bridge.o
 .bss           0x00001330       0xae obj_sky/httpd-simple.o
 .bss           0x000013de        0xc obj_sky/contiki-sky-main.o
 .bss           0x000013ea        0x8 contiki-sky.a(button-sensor.o)
 .bss           0x000013f2        0x2 contiki-sky.a(node-id.o)
                0x000013f2                node_id
 .bss           0x000013f4        0x6 contiki-sky.a(sensors.o)
 .bss           0x000013fa        0x8 contiki-sky.a(cc2420.o)
 .bss           0x00001402       0x9a contiki-sky.a(uart1.o)
 .bss           0x0000149c      0x10a contiki-sky.a(slip.o)
 .bss           0x000015a6        0xa contiki-sky.a(clock.o)
 .bss           0x000015b0        0x1 contiki-sky.a(leds.o)
 *fill*         0x000015b1        0x1 00
 .bss           0x000015b2        0x2 contiki-sky.a(watchdog.o)
 .bss           0x000015b4        0x4 contiki-sky.a(ctimer.o)
 .bss           0x000015b8        0x6 contiki-sky.a(etimer.o)
 .bss           0x000015be       0x42 contiki-sky.a(process.o)
                0x000015be                process_current
                0x000015c0                process_list
 .bss           0x00001600        0x2 contiki-sky.a(rtimer.o)
 .bss           0x00001602      0x124 contiki-sky.a(sicslowpan.o)
 .bss           0x00001726        0xe contiki-sky.a(uip6.o)
                0x00001726                uip_ext_opt_offset
                0x00001727                uip_ext_len
                0x00001728                uip_ext_bitmap
 .bss           0x00001734       0x18 contiki-sky.a(uip-ds6.o)
 .bss           0x0000174c      0x2f8 contiki-sky.a(uip-ds6-nbr.o)
 .bss           0x00001a44      0x362 contiki-sky.a(uip-ds6-route.o)
 .bss           0x00001da6       0x14 contiki-sky.a(uip-icmp6.o)
 .bss           0x00001dba       0x36 contiki-sky.a(tcpip.o)
 .bss           0x00001df0        0x2 contiki-sky.a(rpl.o)
 .bss           0x00001df2       0xf0 contiki-sky.a(rpl-dag.o)
 .bss           0x00001ee2       0x18 contiki-sky.a(rpl-timers.o)
 .bss           0x00001efa       0xc4 contiki-sky.a(csma.o)
 .bss           0x00001fbe        0x2 contiki-sky.a(framer-802154.o)
 .bss           0x00001fc0      0x118 contiki-sky.a(nbr-table.o)
 .bss           0x000020d8       0xb8 contiki-sky.a(packetbuf.o)
 .bss           0x00002190      0x5a0 contiki-sky.a(queuebuf.o)
 .bss           0x00002730       0x32 contiki-sky.a(contikimac.o)
 .bss           0x00002762        0x8 contiki-sky.a(compower.o)
 .bss           0x0000276a       0xa0 contiki-sky.a(mac-sequence.o)
 .bss.destination_
                0x0000280a        0x2 /usr/local/msp430/bin/../lib/gcc/msp430/4.7.0/../../../../msp430/lib/mmpy-16/libc.a(sprintf.o)
 .bss.available_
                0x0000280c        0x2 /usr/local/msp430/bin/../lib/gcc/msp430/4.7.0/../../../../msp430/lib/mmpy-16/libc.a(sprintf.o)
 *(.near.bss .near.bss.*)
 *(COMMON)
 COMMON         0x0000280e        0x2 contiki-sky.a(contiki-sky-pla)
                0x0000280e                sensors_flags
 COMMON         0x00002810        0x8 contiki-sky.a(ds2411.o)
                0x00002810                ds2411_id
 COMMON         0x00002818        0x1 contiki-sky.a(sensors.o)
                0x00002818                sensors_event
 *fill*         0x00002819        0x1 00
 COMMON         0x0000281a       0x10 contiki-sky.a(cc2420.o)
                0x0000281a                cc2420_last_rssi
                0x0000281c                cc2420_sfd_start_time
                0x0000281e                cc2420_time_of_departure
                0x00002820                cc2420_time_of_arrival
                0x00002822                cc2420_last_correlation
                0x00002824                cc2420_authority_level_of_sender
                0x00002826                cc2420_sfd_counter
                0x00002828                cc2420_sfd_end_time
 COMMON         0x0000282a        0x1 contiki-sky.a(slip.o)
                0x0000282a                slip_active
 *fill*         0x0000282b        0x1 00
 COMMON         0x0000282c        0x2 contiki-sky.a(msp430.o)
                0x0000282c                msp430_dco_required
 COMMON         0x0000282e       0x56 contiki-sky.a(energest.o)
                0x0000282e                energest_total_time
                0x0000285e                energest_total_count
                0x00002860                energest_current_mode
                0x0000286c                energest_current_time
 COMMON         0x00002884        0x1 contiki-sky.a(process.o)
                0x00002884                process_maxevents
 *fill*         0x00002885        0x1 00
 COMMON         0x00002886        0x8 contiki-sky.a(sicslowpan.o)
                0x00002886                frag_sender
 COMMON         0x0000288e      0x304 contiki-sky.a(uip6.o)
                0x0000288e                uip_len
                0x00002890                uip_sappdata
                0x00002892                uip_acc32
                0x00002896                uip_lladdr
                0x0000289e                uip_aligned_buf
                0x0000298e                uip_flags
                0x00002990                uip_next_hdr
                0x00002992                uip_udp_conn
                0x00002994                uip_appdata
                0x00002996                uip_conn
                0x00002998                uip_conns
                0x00002a48                uip_listenports
                0x00002a58                uip_slen
                0x00002a5a                uip_udp_conns
 COMMON         0x00002b92      0x15c contiki-sky.a(uip-ds6.o)
                0x00002b92                uip_ds6_timer_ra
                0x00002b9a                uip_ds6_if
                0x00002c86                uip_ds6_netif_addr_list_offset
                0x00002c87                uip_ds6_addr_size
                0x00002c88                uip_ds6_prefix_list
                0x00002ce2                uip_ds6_timer_periodic
 COMMON         0x00002cee        0x1 contiki-sky.a(tcpip.o)
                0x00002cee                tcpip_event
 *fill*         0x00002cef        0x1 00
 COMMON         0x00002cf0       0xde contiki-sky.a(rpl-dag.o)
                0x00002cf0                default_instance
                0x00002cf2                instance_table
 COMMON         0x00002dce        0x8 contiki-sky.a(linkaddr.o)
                0x00002dce                linkaddr_node_addr
 COMMON         0x00002dd6       0x2e contiki-sky.a(packetbuf.o)
                0x00002dd6                packetbuf_addrs
                0x00002de6                packetbuf_attrs
 COMMON         0x00002e04        0x8 contiki-sky.a(compower.o)
                0x00002e04                compower_idle_activity
                0x00002e0c                . = ALIGN (0x2)
                0x00002e0c                __bss_end = .
                0x00001c12                __bss_size = SIZEOF (.bss)

.noinit         0x00002e0c        0x2 load address 0x0000fa0e
                0x00002e0c                . = ALIGN (0x2)
                0x00002e0c                __noinit_start = .
 *(.noinit .noinit.*)
 .noinit.crt0   0x00002e0c        0x2 /usr/local/msp430/bin/../lib/gcc/msp430/4.7.0/mmpy-16/libcrt0.a(__watchdog_support.o)
                0x00002e0c                __wdt_clear_value
                0x00002e0e                . = ALIGN (0x2)
                0x00002e0e                __noinit_end = .
                0x00002e0e                . = ALIGN (0x2)
                0x00002e0e                _end = .

.infomem        0x00001000        0x0
                0x00001000                . = ALIGN (0x2)
 *(.infomem .infomem.*)

.infomemnobits  0x00001000        0x0
                0x00001000                . = ALIGN (0x2)
 *(.infomemnobits .infomemnobits.*)

.infoa          0x00001080        0x0
                0x00001080                . = ALIGN (0x2)
 *(.infoa .infoa.*)

.infob          0x00001000        0x0
                0x00001000                . = ALIGN (0x2)
 *(.infob .infob.*)

.infoc          0x00000000        0x0
                0x00000000                . = ALIGN (0x2)
 *(.infoc .infoc.*)

.infod          0x00000000        0x0
                0x00000000                . = ALIGN (0x2)
 *(.infod .infod.*)

.vectors        0x0000ffe0       0x20
                0x0000ffe0                __vectors_start = .
 *(.vectors*)
 .vectors       0x0000ffe0       0x20 /usr/local/msp430/bin/../lib/gcc/msp430/4.7.0/mmpy-16/crt0ivtbl16.o
                0x0000ffe0                __ivtbl_16
                0x00010000                _vectors_end = .

.fartext        0x00000000        0x0
                0x00000000                . = ALIGN (0x2)
 *(.fartext .fartext.*)

.far.text       0x00000000        0x0
                0x00000000                . = ALIGN (0x2)
 *(.far.text .far.text.*)

.far.rodata     0x00000000        0x0
                0x00000000                . = ALIGN (0x2)
 *(.far.rodata .far.rodata.*)
                0x00000000                . = ALIGN (0x2)
                0x00000000                _efartext = .

.far.data       0x00000000        0x0
                0x00000000                . = ALIGN (0x2)
                0x00000000                __far_data_start = .
 *(.far.data .far.data.*)
                0x00000000                . = ALIGN (0x2)
                0x00000000                _efardata = .
                0x00000000                __far_data_load_start = LOADADDR (.far.data)
                0x00000000                __far_data_size = SIZEOF (.far.data)

.far.bss        0x00000000        0x0
                0x00000000                . = ALIGN (0x2)
                0x00000000                __far_bss_start = .
 *(.far.bss .far.bss.*)
                0x00000000                . = ALIGN (0x2)
                0x00000000                __far_bss_end = .
                0x00000000                __far_bss_size = SIZEOF (.far.bss)
                0x00000000                . = ALIGN (0x2)
                0x00000000                _far_end = .

.profiler
 *(.profiler)

.stab           0x00000000    0x2a4ec
 *(.stab)
 .stab          0x00000000     0x1f74 border-router.co
 .stab          0x00001f74      0x870 obj_sky/slip-bridge.o
                               0x1188 (size before relaxing)
 .stab          0x000027e4      0xa8c obj_sky/httpd-simple.o
                               0x1ba8 (size before relaxing)
 .stab          0x00003270     0x10d4 obj_sky/contiki-sky-main.o
                               0x1b0c (size before relaxing)
 .stab          0x00004344      0x24c contiki-sky.a(contiki-sky-pla)
                                0x5ac (size before relaxing)
 .stab          0x00004590      0x468 contiki-sky.a(button-sensor.o)
                                0x7d4 (size before relaxing)
 .stab          0x000049f8      0x618 contiki-sky.a(ds2411.o)
                                0xb34 (size before relaxing)
 .stab          0x00005010      0xb4c contiki-sky.a(xmem.o)
                                0xf00 (size before relaxing)
 .stab          0x00005b5c      0x2b8 contiki-sky.a(node-id.o)
                                0x4e0 (size before relaxing)
 .stab          0x00005e14      0x69c contiki-sky.a(sensors.o)
                                0xbb8 (size before relaxing)
 .stab          0x000064b0     0x255c contiki-sky.a(cc2420.o)
                               0x2c28 (size before relaxing)
 .stab          0x00008a0c      0x5a0 contiki-sky.a(cc2420-arch.o)
                               0x171c (size before relaxing)
 .stab          0x00008fac      0x600 contiki-sky.a(uart1.o)
                                0x954 (size before relaxing)
 .stab          0x000095ac      0x264 contiki-sky.a(slip_uart1.o)
                                0x5b8 (size before relaxing)
 .stab          0x00009810      0xa44 contiki-sky.a(slip.o)
                               0x11dc (size before relaxing)
 .stab          0x0000a254      0x72c contiki-sky.a(msp430.o)
                                0xa80 (size before relaxing)
 .stab          0x0000a980      0x930 contiki-sky.a(clock.o)
                                0xc84 (size before relaxing)
 .stab          0x0000b2b0      0x5a0 contiki-sky.a(leds.o)
                                0x7ec (size before relaxing)
 .stab          0x0000b850      0x378 contiki-sky.a(leds-arch.o)
                                0x6cc (size before relaxing)
 .stab          0x0000bbc8      0x3cc contiki-sky.a(watchdog.o)
                                0x720 (size before relaxing)
 .stab          0x0000bf94      0x3b4 contiki-sky.a(rtimer-arch.o)
                                0x708 (size before relaxing)
 .stab          0x0000c348      0x294 contiki-sky.a(autostart.o)
                                0x534 (size before relaxing)
 .stab          0x0000c5dc      0x78c contiki-sky.a(ctimer.o)
                                0xaf8 (size before relaxing)
 .stab          0x0000cd68      0x474 contiki-sky.a(energest.o)
                                0x6fc (size before relaxing)
 .stab          0x0000d1dc      0x9fc contiki-sky.a(etimer.o)
                                0xccc (size before relaxing)
 .stab          0x0000dbd8      0xb70 contiki-sky.a(process.o)
                               0x1008 (size before relaxing)
 .stab          0x0000e748      0x3cc contiki-sky.a(rtimer.o)
                                0x6b4 (size before relaxing)
 .stab          0x0000eb14      0x348 contiki-sky.a(timer.o)
                                0x588 (size before relaxing)
 .stab          0x0000ee5c      0x7bc contiki-sky.a(list.o)
                                0x7c8 (size before relaxing)
 .stab          0x0000f618      0x5c4 contiki-sky.a(memb.o)
                                0xaf8 (size before relaxing)
 .stab          0x0000fbdc      0x21c contiki-sky.a(random.o)
                                0x618 (size before relaxing)
 .stab          0x0000fdf8     0x216c contiki-sky.a(sicslowpan.o)
                               0x30d8 (size before relaxing)
 .stab          0x00011f64     0x2aa8 contiki-sky.a(uip6.o)
                               0x366c (size before relaxing)
 .stab          0x00014a0c     0x13b0 contiki-sky.a(uip-ds6.o)
                               0x1f5c (size before relaxing)
 .stab          0x00015dbc      0xccc contiki-sky.a(uip-ds6-nbr.o)
                               0x1704 (size before relaxing)
 .stab          0x00016a88     0x1200 contiki-sky.a(uip-ds6-route.o)
                               0x1d88 (size before relaxing)
 .stab          0x00017c88      0xcd8 contiki-sky.a(uip-icmp6.o)
                               0x1950 (size before relaxing)
 .stab          0x00018960      0x570 contiki-sky.a(uip-nd6.o)
                               0x114c (size before relaxing)
 .stab          0x00018ed0      0xd2c contiki-sky.a(psock.o)
                               0x1d88 (size before relaxing)
 .stab          0x00019bfc     0x12d8 contiki-sky.a(tcpip.o)
                               0x2520 (size before relaxing)
 .stab          0x0001aed4      0x450 contiki-sky.a(uip-debug.o)
                                0xbdc (size before relaxing)
 .stab          0x0001b324      0xa80 contiki-sky.a(rpl.o)
                               0x17ac (size before relaxing)
 .stab          0x0001bda4     0x2ebc contiki-sky.a(rpl-dag.o)
                               0x3bc4 (size before relaxing)
 .stab          0x0001ec60      0xa50 contiki-sky.a(rpl-ext-header.)
                               0x180c (size before relaxing)
 .stab          0x0001f6b0     0x1764 contiki-sky.a(rpl-icmp6.o)
                               0x2568 (size before relaxing)
 .stab          0x00020e14      0x894 contiki-sky.a(rpl-mrhof.o)
                               0x1584 (size before relaxing)
 .stab          0x000216a8      0xbac contiki-sky.a(rpl-timers.o)
                               0x189c (size before relaxing)
 .stab          0x00022254     0x1038 contiki-sky.a(csma.o)
                               0x1578 (size before relaxing)
 .stab          0x0002328c      0x924 contiki-sky.a(framer-802154.o)
                                0xf48 (size before relaxing)
 .stab          0x00023bb0      0x3fc contiki-sky.a(framer.o)
                                0xc54 (size before relaxing)
 .stab          0x00023fac      0x1f8 contiki-sky.a(mac.o)
                                0x4ec (size before relaxing)
 .stab          0x000241a4      0x2ac contiki-sky.a(linkaddr.o)
                                0x6a8 (size before relaxing)
 .stab          0x00024450      0xe58 contiki-sky.a(nbr-table.o)
                               0x1500 (size before relaxing)
 .stab          0x000252a8      0xd74 contiki-sky.a(packetbuf.o)
                               0x1e9c (size before relaxing)
 .stab          0x0002601c      0xa80 contiki-sky.a(queuebuf.o)
                               0x1b90 (size before relaxing)
 .stab          0x00026a9c     0x1944 contiki-sky.a(contikimac.o)
                               0x23b8 (size before relaxing)
 .stab          0x000283e0      0x738 contiki-sky.a(nullsec.o)
                                0xd80 (size before relaxing)
 .stab          0x00028b18      0x1f8 contiki-sky.a(spi.o)
                                0x420 (size before relaxing)
 .stab          0x00028d10      0x4ec contiki-sky.a(compower.o)
                                0xcf0 (size before relaxing)
 .stab          0x000291fc      0x3b4 contiki-sky.a(stimer.o)
                                0x5f4 (size before relaxing)
 .stab          0x000295b0      0x8f4 contiki-sky.a(frame802154.o)